Archive member included to satisfy reference by file (symbol)

/usr/lib/gcc/arm-none-eabi/13.1.0/../../../../arm-none-eabi/lib/thumb/v6-m/nofp/libstdc++.a(functexcept.o)
                              CMakeFiles/audio.dir/audio.cpp.obj (std::__throw_logic_error(char const*))
/usr/lib/gcc/arm-none-eabi/13.1.0/../../../../arm-none-eabi/lib/thumb/v6-m/nofp/libstdc++.a(snprintf_lite.o)
                              /usr/lib/gcc/arm-none-eabi/13.1.0/../../../../arm-none-eabi/lib/thumb/v6-m/nofp/libstdc++.a(functexcept.o) (__gnu_cxx::__snprintf_lite(char*, unsigned int, char const*, std::__va_list))
/usr/lib/gcc/arm-none-eabi/13.1.0/../../../../arm-none-eabi/lib/thumb/v6-m/nofp/libstdc++.a(string-inst.o)
                              CMakeFiles/audio.dir/audio.cpp.obj (std::__cxx11::basic_string<char, std::char_traits<char>, std::allocator<char> >::_M_create(unsigned int&, unsigned int))
/usr/lib/gcc/arm-none-eabi/13.1.0/../../../../arm-none-eabi/lib/thumb/v6-m/nofp/libstdc++.a(bad_alloc.o)
                              /usr/lib/gcc/arm-none-eabi/13.1.0/../../../../arm-none-eabi/lib/thumb/v6-m/nofp/libstdc++.a(functexcept.o) (vtable for std::bad_alloc)
/usr/lib/gcc/arm-none-eabi/13.1.0/../../../../arm-none-eabi/lib/thumb/v6-m/nofp/libstdc++.a(bad_array_new.o)
                              /usr/lib/gcc/arm-none-eabi/13.1.0/../../../../arm-none-eabi/lib/thumb/v6-m/nofp/libstdc++.a(functexcept.o) (vtable for std::bad_array_new_length)
/usr/lib/gcc/arm-none-eabi/13.1.0/../../../../arm-none-eabi/lib/thumb/v6-m/nofp/libstdc++.a(bad_cast.o)
                              /usr/lib/gcc/arm-none-eabi/13.1.0/../../../../arm-none-eabi/lib/thumb/v6-m/nofp/libstdc++.a(functexcept.o) (vtable for std::bad_cast)
/usr/lib/gcc/arm-none-eabi/13.1.0/../../../../arm-none-eabi/lib/thumb/v6-m/nofp/libstdc++.a(bad_typeid.o)
                              /usr/lib/gcc/arm-none-eabi/13.1.0/../../../../arm-none-eabi/lib/thumb/v6-m/nofp/libstdc++.a(functexcept.o) (vtable for std::bad_typeid)
/usr/lib/gcc/arm-none-eabi/13.1.0/../../../../arm-none-eabi/lib/thumb/v6-m/nofp/libstdc++.a(eh_alloc.o)
                              /usr/lib/gcc/arm-none-eabi/13.1.0/../../../../arm-none-eabi/lib/thumb/v6-m/nofp/libstdc++.a(functexcept.o) (__cxa_allocate_exception)
/usr/lib/gcc/arm-none-eabi/13.1.0/../../../../arm-none-eabi/lib/thumb/v6-m/nofp/libstdc++.a(eh_arm.o)
                              /usr/lib/gcc/arm-none-eabi/13.1.0/../../../../arm-none-eabi/lib/thumb/v6-m/nofp/libstdc++.a(functexcept.o) (__cxa_end_cleanup)
/usr/lib/gcc/arm-none-eabi/13.1.0/../../../../arm-none-eabi/lib/thumb/v6-m/nofp/libstdc++.a(eh_catch.o)
                              /usr/lib/gcc/arm-none-eabi/13.1.0/../../../../arm-none-eabi/lib/thumb/v6-m/nofp/libstdc++.a(string-inst.o) (__cxa_begin_catch)
/usr/lib/gcc/arm-none-eabi/13.1.0/../../../../arm-none-eabi/lib/thumb/v6-m/nofp/libstdc++.a(eh_exception.o)
                              /usr/lib/gcc/arm-none-eabi/13.1.0/../../../../arm-none-eabi/lib/thumb/v6-m/nofp/libstdc++.a(bad_alloc.o) (std::exception::~exception())
/usr/lib/gcc/arm-none-eabi/13.1.0/../../../../arm-none-eabi/lib/thumb/v6-m/nofp/libstdc++.a(eh_globals.o)
                              /usr/lib/gcc/arm-none-eabi/13.1.0/../../../../arm-none-eabi/lib/thumb/v6-m/nofp/libstdc++.a(eh_catch.o) (__cxa_get_globals_fast)
/usr/lib/gcc/arm-none-eabi/13.1.0/../../../../arm-none-eabi/lib/thumb/v6-m/nofp/libstdc++.a(eh_personality.o)
                              /usr/lib/gcc/arm-none-eabi/13.1.0/../../../../arm-none-eabi/lib/thumb/v6-m/nofp/libstdc++.a(functexcept.o) (__gxx_personality_v0)
/usr/lib/gcc/arm-none-eabi/13.1.0/../../../../arm-none-eabi/lib/thumb/v6-m/nofp/libstdc++.a(eh_terminate.o)
                              /usr/lib/gcc/arm-none-eabi/13.1.0/../../../../arm-none-eabi/lib/thumb/v6-m/nofp/libstdc++.a(eh_alloc.o) (std::terminate())
/usr/lib/gcc/arm-none-eabi/13.1.0/../../../../arm-none-eabi/lib/thumb/v6-m/nofp/libstdc++.a(eh_throw.o)
                              /usr/lib/gcc/arm-none-eabi/13.1.0/../../../../arm-none-eabi/lib/thumb/v6-m/nofp/libstdc++.a(functexcept.o) (__cxa_throw)
/usr/lib/gcc/arm-none-eabi/13.1.0/../../../../arm-none-eabi/lib/thumb/v6-m/nofp/libstdc++.a(eh_unex_handler.o)
                              /usr/lib/gcc/arm-none-eabi/13.1.0/../../../../arm-none-eabi/lib/thumb/v6-m/nofp/libstdc++.a(eh_terminate.o) (__cxxabiv1::__unexpected_handler)
/usr/lib/gcc/arm-none-eabi/13.1.0/../../../../arm-none-eabi/lib/thumb/v6-m/nofp/libstdc++.a(si_class_type_info.o)
                              /usr/lib/gcc/arm-none-eabi/13.1.0/../../../../arm-none-eabi/lib/thumb/v6-m/nofp/libstdc++.a(bad_alloc.o) (vtable for __cxxabiv1::__si_class_type_info)
/usr/lib/gcc/arm-none-eabi/13.1.0/../../../../arm-none-eabi/lib/thumb/v6-m/nofp/libstdc++.a(tinfo.o)
                              /usr/lib/gcc/arm-none-eabi/13.1.0/../../../../arm-none-eabi/lib/thumb/v6-m/nofp/libstdc++.a(si_class_type_info.o) (std::type_info::__is_pointer_p() const)
[...]
Memory Configuration

Name             Origin             Length             Attributes
FLASH            0x10000000         0x00c00000         xr
FAT              0x10003000         0x00400000         r
RAM              0x20000000         0x00040000         xrw
SCRATCH_X        0x20040000         0x00001000         xrw
SCRATCH_Y        0x20041000         0x00001000         xrw
*default*        0x00000000         0xffffffff

Linker script and memory map

LOAD /usr/lib/gcc/arm-none-eabi/13.1.0/thumb/v6-m/nofp/crti.o
LOAD /usr/lib/gcc/arm-none-eabi/13.1.0/thumb/v6-m/nofp/crtbegin.o
LOAD /usr/lib/gcc/arm-none-eabi/13.1.0/../../../../arm-none-eabi/lib/thumb/v6-m/nofp/crt0.o

.flash_begin    0x10000000        0x0
                0x10000000                        __flash_binary_start = .

.boot2          0x10000000      0x100
                0x10000000                        __boot2_start__ = .
 *(.boot2)
 .boot2         0x10000000      0x100 /tmp/ccohx8aI.o
                0x10000100                        __boot2_end__ = .
                0x00000001                        ASSERT (((__boot2_end__ - __boot2_start__) == 0x100), ERROR: Pico second stage bootloader must be 256 bytes in size)

.text           0x10000100    0x10458
                0x10000100                        __logical_binary_start = .
 *(.vectors)
 .vectors       0x10000100       0xd4 CMakeFiles/audio.dir/home/tom/Coding/PicoSystem/pico-sdk/src/rp2_common/pico_standard_link/crt0.S.obj
                0x10000100                __vectors
                0x10000100                __VECTOR_TABLE
                0x100001c0                isr_invalid
                0x100001c0                __default_isrs_start
                0x100001c2                isr_nmi
                0x100001c4                isr_hardfault
                0x100001c6                isr_svcall
                0x100001c8                isr_pendsv
                0x100001ca                isr_systick
                0x100001cc                isr_irq30
                0x100001cc                __unhandled_user_irq
                0x100001cc                isr_irq13
                0x100001cc                isr_irq27
                0x100001cc                isr_irq31
                0x100001cc                isr_irq5
                0x100001cc                isr_irq11
                0x100001cc                isr_irq23
                0x100001cc                isr_irq18
                0x100001cc                isr_irq28
                0x100001cc                isr_irq19
                0x100001cc                isr_irq0
                0x100001cc                isr_irq6
                0x100001cc                isr_irq22
                0x100001cc                isr_irq17
                0x100001cc                isr_irq14
                0x100001cc                isr_irq2
                0x100001cc                isr_irq10
                0x100001cc                isr_irq8
                0x100001cc                isr_irq24
                0x100001cc                isr_irq1
                0x100001cc                isr_irq7
                0x100001cc                isr_irq21
                0x100001cc                isr_irq20
                0x100001cc                isr_irq15
                0x100001cc                isr_irq25
                0x100001cc                isr_irq4
                0x100001cc                isr_irq16
                0x100001cc                isr_irq29
                0x100001cc                isr_irq26
                0x100001cc                __default_isrs_end
                0x100001cc                isr_irq3
                0x100001cc                isr_irq12
                0x100001cc                isr_irq9
                0x100001d2                unhandled_user_irq_num_in_r0
 *(.binary_info_header)
 .binary_info_header
                0x100001d4       0x14 CMakeFiles/audio.dir/home/tom/Coding/PicoSystem/pico-sdk/src/rp2_common/pico_standard_link/crt0.S.obj
                0x100001e8                        __binary_info_header_end = .
 *(.reset)
 .reset         0x100001e8       0xa0 CMakeFiles/audio.dir/home/tom/Coding/PicoSystem/pico-sdk/src/rp2_common/pico_standard_link/crt0.S.obj
                0x100001e8                _entry_point
 .reset         0x10000288       0x30 CMakeFiles/audio.dir/home/tom/Coding/PicoSystem/pico-sdk/src/rp2_common/pico_standard_link/binary_info.c.obj
 *(.init)
 .init          0x100002b8        0x4 /usr/lib/gcc/arm-none-eabi/13.1.0/thumb/v6-m/nofp/crti.o
                0x100002b8                _init
 *(EXCLUDE_FILE(*libm.a: *libc.a:*lib_a-mem*.o *libgcc.a:) .text*)
 .text.frame_dummy
                0x100002bc       0x20 /usr/lib/gcc/arm-none-eabi/13.1.0/thumb/v6-m/nofp/crtbegin.o
 .text._ZNSt7__cxx1112basic_stringIcSt11char_traitsIcESaIcEEC2IS3_EEPKcRKS3_.constprop.0.isra.0
                0x100002dc       0x68 CMakeFiles/audio.dir/audio.cpp.obj
 .text._Z14get_dial_valueNSt7__cxx1112basic_stringIcSt11char_traitsIcESaIcEEE
                0x10000344      0x310 CMakeFiles/audio.dir/audio.cpp.obj
                0x10000344                get_dial_value(std::__cxx11::basic_string<char, std::char_traits<char>, std::allocator<char> >)
 .text._Z9set_voicev
                0x10000654      0x340 CMakeFiles/audio.dir/audio.cpp.obj
                0x10000654                set_voice()
 .text._Z4initv
                0x10000994        0x8 CMakeFiles/audio.dir/audio.cpp.obj
                0x10000994                init()
 .text._Z6updatem
                0x1000099c      0x184 CMakeFiles/audio.dir/audio.cpp.obj
                0x1000099c                update(unsigned long)
 .text._Z9draw_dialNSt7__cxx1112basic_stringIcSt11char_traitsIcESaIcEEEll
                0x10000b20      0x560 CMakeFiles/audio.dir/audio.cpp.obj
                0x10000b20                draw_dial(std::__cxx11::basic_string<char, std::char_traits<char>, std::allocator<char> >, long, long)
 .text._Z4drawm
                0x10001080      0x3d4 CMakeFiles/audio.dir/audio.cpp.obj
                0x10001080                draw(unsigned long)
 .text.startup._GLOBAL__sub_I_dials
                0x10001454      0x29c CMakeFiles/audio.dir/audio.cpp.obj
 .text.startup.main
                0x100016f0      0x164 CMakeFiles/audio.dir/__/__/libraries/picosystem.cpp.obj
                0x100016f0                main
 .text.startup._GLOBAL__sub_I__ZN10picosystem5statsE
                0x10001854       0x40 CMakeFiles/audio.dir/__/__/libraries/picosystem.cpp.obj
 .text._ZN10picosystem5ALPHAEPtllS0_m
                0x10001894      0x110 CMakeFiles/audio.dir/__/__/libraries/blend.cpp.obj
                0x10001894                picosystem::ALPHA(unsigned short*, long, long, unsigned short*, unsigned long)
 .text._ZN10picosystem5voiceEmmmmlmmmm
                0x100019a4       0x24 CMakeFiles/audio.dir/__/__/libraries/audio.cpp.obj
                0x100019a4                picosystem::voice(unsigned long, unsigned long, unsigned long, unsigned long, long, unsigned long, unsigned long, unsigned long, unsigned long)
 .text._ZN10picosystem4playENS_7voice_tEmmm
                0x100019c8       0x5c CMakeFiles/audio.dir/__/__/libraries/audio.cpp.obj
                0x100019c8                picosystem::play(picosystem::voice_t, unsigned long, unsigned long, unsigned long)
 .text._ZN10picosystem8positionEv
                0x10001a24       0x2c CMakeFiles/audio.dir/__/__/libraries/audio.cpp.obj
                0x10001a24                picosystem::position()
 .text._ZN10picosystem12audio_sampleEm
                0x10001a50      0x154 CMakeFiles/audio.dir/__/__/libraries/audio.cpp.obj
                0x10001a50                picosystem::audio_sample(unsigned long)
 .text._ZN10picosystem13_update_audioEv
                0x10001ba4      0x1ac CMakeFiles/audio.dir/__/__/libraries/audio.cpp.obj
                0x10001ba4                picosystem::_update_audio()
 .text._ZN10picosystem3penEv
                0x10001d50       0x18 CMakeFiles/audio.dir/__/__/libraries/state.cpp.obj
                0x10001d50                picosystem::pen()
 .text._ZN10picosystem3penEhhhh
                0x10001d68       0x10 CMakeFiles/audio.dir/__/__/libraries/state.cpp.obj
                0x10001d68                picosystem::pen(unsigned char, unsigned char, unsigned char, unsigned char)
 .text._ZN10picosystem5alphaEv
                0x10001d78        0xc CMakeFiles/audio.dir/__/__/libraries/state.cpp.obj
                0x10001d78                picosystem::alpha()
 .text._ZN10picosystem4clipEv
                0x10001d84       0x30 CMakeFiles/audio.dir/__/__/libraries/state.cpp.obj
                0x10001d84                picosystem::clip()
 .text._ZN10picosystem5blendEv
                0x10001db4       0x10 CMakeFiles/audio.dir/__/__/libraries/state.cpp.obj
                0x10001db4                picosystem::blend()
 .text._ZN10picosystem6targetEv
                0x10001dc4       0x38 CMakeFiles/audio.dir/__/__/libraries/state.cpp.obj
                0x10001dc4                picosystem::target()
 .text._ZN10picosystem6cameraEv
                0x10001dfc       0x14 CMakeFiles/audio.dir/__/__/libraries/state.cpp.obj
                0x10001dfc                picosystem::camera()
 .text._ZN10picosystem14_camera_offsetERlS0_
                0x10001e10       0x20 CMakeFiles/audio.dir/__/__/libraries/state.cpp.obj
                0x10001e10                picosystem::_camera_offset(long&, long&)
 .text._ZN10picosystem14_camera_offsetEb
                0x10001e30       0x3c CMakeFiles/audio.dir/__/__/libraries/state.cpp.obj
                0x10001e30                picosystem::_camera_offset(bool)
 .text._ZN10picosystem6cursorEv
                0x10001e6c       0x14 CMakeFiles/audio.dir/__/__/libraries/state.cpp.obj
                0x10001e6c                picosystem::cursor()
 .text._ZN10picosystem5pixelEll
                0x10001e80       0x74 CMakeFiles/audio.dir/__/__/libraries/primitives.cpp.obj
                0x10001e80                picosystem::pixel(long, long)
 .text._ZN10picosystem5hlineElll
                0x10001ef4       0x8c CMakeFiles/audio.dir/__/__/libraries/primitives.cpp.obj
                0x10001ef4                picosystem::hline(long, long, long)
 .text._ZN10picosystem5vlineElll
                0x10001f80       0xb8 CMakeFiles/audio.dir/__/__/libraries/primitives.cpp.obj
                0x10001f80                picosystem::vline(long, long, long)
 .text._ZN10picosystem4rectEllll
                0x10002038       0x5c CMakeFiles/audio.dir/__/__/libraries/primitives.cpp.obj
                0x10002038                picosystem::rect(long, long, long, long)
 .text._ZN10picosystem5frectEllll
                0x10002094       0xa8 CMakeFiles/audio.dir/__/__/libraries/primitives.cpp.obj
                0x10002094                picosystem::frect(long, long, long, long)
 .text._ZN10picosystem7fcircleElll
                0x1000213c      0x1a4 CMakeFiles/audio.dir/__/__/libraries/primitives.cpp.obj
                0x1000213c                picosystem::fcircle(long, long, long)
 .text._ZN10picosystem4blitEPNS_8buffer_tEllllllm
                0x100022e0      0x1b8 CMakeFiles/audio.dir/__/__/libraries/primitives.cpp.obj
                0x100022e0                picosystem::blit(picosystem::buffer_t*, long, long, long, long, long, long, unsigned long)
 .text._ZN10picosystem6spriteEmll
                0x10002498       0x3c CMakeFiles/audio.dir/__/__/libraries/primitives.cpp.obj
                0x10002498                picosystem::sprite(unsigned long, long, long)
 .text._ZN10picosystem4textERKc
                0x100024d4       0xe0 CMakeFiles/audio.dir/__/__/libraries/text.cpp.obj
                0x100024d4                picosystem::text(char const&)
 .text._ZN10picosystem17_skip_escape_codeERKNSt7__cxx1112basic_stringIcSt11char_traitsIcESaIcEEERj
                0x100025b4       0x48 CMakeFiles/audio.dir/__/__/libraries/text.cpp.obj
                0x100025b4                picosystem::_skip_escape_code(std::__cxx11::basic_string<char, std::char_traits<char>, std::allocator<char> > const&, unsigned int&)
 .text._ZN10picosystem18_parse_escape_codeERKNSt7__cxx1112basic_stringIcSt11char_traitsIcESaIcEEERj
                0x100025fc      0x21c CMakeFiles/audio.dir/__/__/libraries/text.cpp.obj
                0x100025fc                picosystem::_parse_escape_code(std::__cxx11::basic_string<char, std::char_traits<char>, std::allocator<char> > const&, unsigned int&)
 .text._ZN10picosystem4textERKNSt7__cxx1112basic_stringIcSt11char_traitsIcESaIcEEEl
                0x10002818      0x17c CMakeFiles/audio.dir/__/__/libraries/text.cpp.obj
                0x10002818                picosystem::text(std::__cxx11::basic_string<char, std::char_traits<char>, std::allocator<char> > const&, long)
 .text._ZN10picosystem4textERKNSt7__cxx1112basic_stringIcSt11char_traitsIcESaIcEEElll
                0x10002994       0x34 CMakeFiles/audio.dir/__/__/libraries/text.cpp.obj
                0x10002994                picosystem::text(std::__cxx11::basic_string<char, std::char_traits<char>, std::allocator<char> > const&, long, long, long)
 .text._ZN10picosystem3strB5cxx11El
                0x100029c8       0x70 CMakeFiles/audio.dir/__/__/libraries/utility.cpp.obj
                0x100029c8                picosystem::str[abi:cxx11](long)
 .text._ZN10picosystem3rgbEhhhh
                0x10002a38       0x20 CMakeFiles/audio.dir/__/__/libraries/utility.cpp.obj
                0x10002a38                picosystem::rgb(unsigned char, unsigned char, unsigned char, unsigned char)
 .text._ZN10picosystem6bufferEmmPv
                0x10002a58       0x54 CMakeFiles/audio.dir/__/__/libraries/utility.cpp.obj
                0x10002a58                picosystem::buffer(unsigned long, unsigned long, void*)
 .text._ZN10picosystem10intersectsEllllllll
                0x10002aac       0x38 CMakeFiles/audio.dir/__/__/libraries/utility.cpp.obj
                0x10002aac                picosystem::intersects(long, long, long, long, long, long, long, long)
 .text._ZN10picosystem12intersectionERlS0_S0_S0_llll
                0x10002ae4       0x6c CMakeFiles/audio.dir/__/__/libraries/utility.cpp.obj
                0x10002ae4                picosystem::intersection(long&, long&, long&, long&, long, long, long, long)
 .text._ZN10picosystem8containsEllllll
                0x10002b50       0x2c CMakeFiles/audio.dir/__/__/libraries/utility.cpp.obj
                0x10002b50                picosystem::contains(long, long, long, long, long, long)
 .text._ZN10picosystem12dma_completeEv
                0x10002b7c       0x2c CMakeFiles/audio.dir/__/__/libraries/hardware.cpp.obj
                0x10002b7c                picosystem::dma_complete()
 .text._ZN10picosystem22_audio_update_callbackEP15repeating_timer
                0x10002ba8        0xc CMakeFiles/audio.dir/__/__/libraries/hardware.cpp.obj
                0x10002ba8                picosystem::_audio_update_callback(repeating_timer*)
 .text._ZN10picosystem7pressedEm
                0x10002bb4       0x24 CMakeFiles/audio.dir/__/__/libraries/hardware.cpp.obj
                0x10002bb4                picosystem::pressed(unsigned long)
 .text._ZN10picosystem6buttonEm
                0x10002bd8       0x18 CMakeFiles/audio.dir/__/__/libraries/hardware.cpp.obj
                0x10002bd8                picosystem::button(unsigned long)
 .text._ZN10picosystem7time_usEv
                0x10002bf0        0x8 CMakeFiles/audio.dir/__/__/libraries/hardware.cpp.obj
                0x10002bf0                picosystem::time_us()
 .text._ZN10picosystem11_wait_vsyncEv
                0x10002bf8       0x20 CMakeFiles/audio.dir/__/__/libraries/hardware.cpp.obj
                0x10002bf8                picosystem::_wait_vsync()
 .text._ZN10picosystem12_is_flippingEv
                0x10002c18        0xc CMakeFiles/audio.dir/__/__/libraries/hardware.cpp.obj
                0x10002c18                picosystem::_is_flipping()
 .text._ZN10picosystem5_flipEv
                0x10002c24       0x40 CMakeFiles/audio.dir/__/__/libraries/hardware.cpp.obj
                0x10002c24                picosystem::_flip()
 .text._ZN10picosystem19screen_program_initEP8pio_hw_tj
                0x10002c64       0xf8 CMakeFiles/audio.dir/__/__/libraries/hardware.cpp.obj
                0x10002c64                picosystem::screen_program_init(pio_hw_t*, unsigned int)
 .text._ZN10picosystem9backlightEh
                0x10002d5c       0x48 CMakeFiles/audio.dir/__/__/libraries/hardware.cpp.obj
                0x10002d5c                picosystem::backlight(unsigned char)
 .text._ZN10picosystem10_play_noteEmm
                0x10002da4       0xc0 CMakeFiles/audio.dir/__/__/libraries/hardware.cpp.obj
                0x10002da4                picosystem::_play_note(unsigned long, unsigned long)
 .text._ZN10picosystem9_gpio_getEv
                0x10002e64        0x8 CMakeFiles/audio.dir/__/__/libraries/hardware.cpp.obj
                0x10002e64                picosystem::_gpio_get()
 .text._ZN10picosystem12_start_audioEv
                0x10002e6c       0x30 CMakeFiles/audio.dir/__/__/libraries/hardware.cpp.obj
                0x10002e6c                picosystem::_start_audio()
 .text._ZN10picosystem14_init_hardwareEv
                0x10002e9c      0x5a4 CMakeFiles/audio.dir/__/__/libraries/hardware.cpp.obj
                0x10002e9c                picosystem::_init_hardware()
 .text.set_sys_clock_pll
                0x10003440       0x78 CMakeFiles/audio.dir/home/tom/Coding/PicoSystem/pico-sdk/src/rp2_common/pico_stdlib/stdlib.c.obj
                0x10003440                set_sys_clock_pll
 .text.check_sys_clock_khz
                0x100034b8      0x228 CMakeFiles/audio.dir/home/tom/Coding/PicoSystem/pico-sdk/src/rp2_common/pico_stdlib/stdlib.c.obj
                0x100034b8                check_sys_clock_khz
 .text.gpio_set_function
                0x100036e0       0x30 CMakeFiles/audio.dir/home/tom/Coding/PicoSystem/pico-sdk/src/rp2_common/hardware_gpio/gpio.c.obj
                0x100036e0                gpio_set_function
 .text.gpio_set_pulls
                0x10003710       0x24 CMakeFiles/audio.dir/home/tom/Coding/PicoSystem/pico-sdk/src/rp2_common/hardware_gpio/gpio.c.obj
                0x10003710                gpio_set_pulls
 .text.gpio_set_input_enabled
                0x10003734       0x28 CMakeFiles/audio.dir/home/tom/Coding/PicoSystem/pico-sdk/src/rp2_common/hardware_gpio/gpio.c.obj
                0x10003734                gpio_set_input_enabled
 .text.gpio_init
                0x1000375c       0x3c CMakeFiles/audio.dir/home/tom/Coding/PicoSystem/pico-sdk/src/rp2_common/hardware_gpio/gpio.c.obj
                0x1000375c                gpio_init
 .text.running_on_fpga
                0x10003798       0x10 CMakeFiles/audio.dir/home/tom/Coding/PicoSystem/pico-sdk/src/rp2_common/pico_platform/platform.c.obj
                0x10003798                running_on_fpga
 .text.hw_claim_lock
                0x100037a8       0x18 CMakeFiles/audio.dir/home/tom/Coding/PicoSystem/pico-sdk/src/rp2_common/hardware_claim/claim.c.obj
                0x100037a8                hw_claim_lock
 .text.hw_claim_unlock
                0x100037c0       0x14 CMakeFiles/audio.dir/home/tom/Coding/PicoSystem/pico-sdk/src/rp2_common/hardware_claim/claim.c.obj
                0x100037c0                hw_claim_unlock
 .text.hw_claim_or_assert
                0x100037d4       0x44 CMakeFiles/audio.dir/home/tom/Coding/PicoSystem/pico-sdk/src/rp2_common/hardware_claim/claim.c.obj
                0x100037d4                hw_claim_or_assert
 .text.spin_locks_reset
                0x10003818       0x1c CMakeFiles/audio.dir/home/tom/Coding/PicoSystem/pico-sdk/src/rp2_common/hardware_sync/sync.c.obj
                0x10003818                spin_locks_reset
 .text.next_striped_spin_lock_num
                0x10003834       0x18 CMakeFiles/audio.dir/home/tom/Coding/PicoSystem/pico-sdk/src/rp2_common/hardware_sync/sync.c.obj
                0x10003834                next_striped_spin_lock_num
 .text.irq_set_enabled
                0x1000384c       0x24 CMakeFiles/audio.dir/home/tom/Coding/PicoSystem/pico-sdk/src/rp2_common/hardware_irq/irq.c.obj
                0x1000384c                irq_set_enabled
 .text.irq_get_vtable_handler
                0x10003870       0x10 CMakeFiles/audio.dir/home/tom/Coding/PicoSystem/pico-sdk/src/rp2_common/hardware_irq/irq.c.obj
                0x10003870                irq_get_vtable_handler
 .text.irq_set_exclusive_handler
                0x10003880       0x54 CMakeFiles/audio.dir/home/tom/Coding/PicoSystem/pico-sdk/src/rp2_common/hardware_irq/irq.c.obj
                0x10003880                irq_set_exclusive_handler
 .text.irq_remove_handler
                0x100038d4      0x1c4 CMakeFiles/audio.dir/home/tom/Coding/PicoSystem/pico-sdk/src/rp2_common/hardware_irq/irq.c.obj
                0x100038d4                irq_remove_handler
 .text.irq_add_tail_to_free_list
                0x10003a98       0xb4 CMakeFiles/audio.dir/home/tom/Coding/PicoSystem/pico-sdk/src/rp2_common/hardware_irq/irq.c.obj
                0x10003a98                irq_add_tail_to_free_list
 .text.irq_init_priorities
                0x10003b4c       0x24 CMakeFiles/audio.dir/home/tom/Coding/PicoSystem/pico-sdk/src/rp2_common/hardware_irq/irq.c.obj
                0x10003b4c                irq_init_priorities
 .text.lock_init
                0x10003b70       0x10 CMakeFiles/audio.dir/home/tom/Coding/PicoSystem/pico-sdk/src/common/pico_sync/lock_core.c.obj
                0x10003b70                lock_init
 .text.mutex_init
                0x10003b80       0x1c CMakeFiles/audio.dir/home/tom/Coding/PicoSystem/pico-sdk/src/common/pico_sync/mutex.c.obj
                0x10003b80                mutex_init
 .text.recursive_mutex_init
                0x10003b9c       0x1c CMakeFiles/audio.dir/home/tom/Coding/PicoSystem/pico-sdk/src/common/pico_sync/mutex.c.obj
                0x10003b9c                recursive_mutex_init
 .text.timer_pool_entry_comparator
                0x10003bb8       0x34 CMakeFiles/audio.dir/home/tom/Coding/PicoSystem/pico-sdk/src/common/pico_time/time.c.obj
                0x10003bb8                timer_pool_entry_comparator
 .text.repeating_timer_callback
                0x10003bec       0x1c CMakeFiles/audio.dir/home/tom/Coding/PicoSystem/pico-sdk/src/common/pico_time/time.c.obj
 .text.sleep_until_callback
                0x10003c08       0x30 CMakeFiles/audio.dir/home/tom/Coding/PicoSystem/pico-sdk/src/common/pico_time/time.c.obj
 .text.add_alarm_under_lock.isra.0
                0x10003c38      0x100 CMakeFiles/audio.dir/home/tom/Coding/PicoSystem/pico-sdk/src/common/pico_time/time.c.obj
 .text.alarm_pool_alarm_callback
                0x10003d38      0x1bc CMakeFiles/audio.dir/home/tom/Coding/PicoSystem/pico-sdk/src/common/pico_time/time.c.obj
 .text.alarm_pool_init_default
                0x10003ef4       0x6c CMakeFiles/audio.dir/home/tom/Coding/PicoSystem/pico-sdk/src/common/pico_time/time.c.obj
                0x10003ef4                alarm_pool_init_default
 .text.alarm_pool_get_default
                0x10003f60        0x8 CMakeFiles/audio.dir/home/tom/Coding/PicoSystem/pico-sdk/src/common/pico_time/time.c.obj
                0x10003f60                alarm_pool_get_default
 .text.alarm_pool_add_alarm_at
                0x10003f68      0x17c CMakeFiles/audio.dir/home/tom/Coding/PicoSystem/pico-sdk/src/common/pico_time/time.c.obj
                0x10003f68                alarm_pool_add_alarm_at
 .text.alarm_pool_cancel_alarm
                0x100040e4       0x68 CMakeFiles/audio.dir/home/tom/Coding/PicoSystem/pico-sdk/src/common/pico_time/time.c.obj
                0x100040e4                alarm_pool_cancel_alarm
 .text.alarm_pool_add_repeating_timer_us
                0x1000414c      0x20c CMakeFiles/audio.dir/home/tom/Coding/PicoSystem/pico-sdk/src/common/pico_time/time.c.obj
                0x1000414c                alarm_pool_add_repeating_timer_us
 .text.sleep_until
                0x10004358       0xc4 CMakeFiles/audio.dir/home/tom/Coding/PicoSystem/pico-sdk/src/common/pico_time/time.c.obj
                0x10004358                sleep_until
 .text.sleep_ms
                0x1000441c       0x38 CMakeFiles/audio.dir/home/tom/Coding/PicoSystem/pico-sdk/src/common/pico_time/time.c.obj
                0x1000441c                sleep_ms
 .text.best_effort_wfe_or_timeout
                0x10004454       0x60 CMakeFiles/audio.dir/home/tom/Coding/PicoSystem/pico-sdk/src/common/pico_time/time.c.obj
                0x10004454                best_effort_wfe_or_timeout
 .text.hardware_alarm_irq_handler
                0x100044b4       0xbc CMakeFiles/audio.dir/home/tom/Coding/PicoSystem/pico-sdk/src/rp2_common/hardware_timer/timer.c.obj
 .text.hardware_alarm_claim
                0x10004570       0x18 CMakeFiles/audio.dir/home/tom/Coding/PicoSystem/pico-sdk/src/rp2_common/hardware_timer/timer.c.obj
                0x10004570                hardware_alarm_claim
 .text.time_us_64
                0x10004588       0x14 CMakeFiles/audio.dir/home/tom/Coding/PicoSystem/pico-sdk/src/rp2_common/hardware_timer/timer.c.obj
                0x10004588                time_us_64
 .text.busy_wait_us
                0x1000459c       0x68 CMakeFiles/audio.dir/home/tom/Coding/PicoSystem/pico-sdk/src/rp2_common/hardware_timer/timer.c.obj
                0x1000459c                busy_wait_us
 .text.busy_wait_until
                0x10004604       0x20 CMakeFiles/audio.dir/home/tom/Coding/PicoSystem/pico-sdk/src/rp2_common/hardware_timer/timer.c.obj
                0x10004604                busy_wait_until
 .text.hardware_alarm_set_callback
                0x10004624       0x8c CMakeFiles/audio.dir/home/tom/Coding/PicoSystem/pico-sdk/src/rp2_common/hardware_timer/timer.c.obj
                0x10004624                hardware_alarm_set_callback
 .text.hardware_alarm_set_target
                0x100046b0       0xdc CMakeFiles/audio.dir/home/tom/Coding/PicoSystem/pico-sdk/src/rp2_common/hardware_timer/timer.c.obj
                0x100046b0                hardware_alarm_set_target
 .text.hardware_alarm_cancel
                0x1000478c       0x3c CMakeFiles/audio.dir/home/tom/Coding/PicoSystem/pico-sdk/src/rp2_common/hardware_timer/timer.c.obj
                0x1000478c                hardware_alarm_cancel
 .text.ph_merge_nodes
                0x100047c8       0x58 CMakeFiles/audio.dir/home/tom/Coding/PicoSystem/pico-sdk/src/common/pico_util/pheap.c.obj
 .text.ph_post_alloc_init
                0x10004820       0x3c CMakeFiles/audio.dir/home/tom/Coding/PicoSystem/pico-sdk/src/common/pico_util/pheap.c.obj
                0x10004820                ph_post_alloc_init
 .text.ph_merge_two_pass
                0x1000485c       0x8c CMakeFiles/audio.dir/home/tom/Coding/PicoSystem/pico-sdk/src/common/pico_util/pheap.c.obj
                0x1000485c                ph_merge_two_pass
 .text.ph_remove_any_head
                0x100048e8      0x100 CMakeFiles/audio.dir/home/tom/Coding/PicoSystem/pico-sdk/src/common/pico_util/pheap.c.obj
 .text.ph_remove_head
                0x100049e8      0x104 CMakeFiles/audio.dir/home/tom/Coding/PicoSystem/pico-sdk/src/common/pico_util/pheap.c.obj
                0x100049e8                ph_remove_head
 .text.ph_remove_and_free_node
                0x10004aec       0x78 CMakeFiles/audio.dir/home/tom/Coding/PicoSystem/pico-sdk/src/common/pico_util/pheap.c.obj
                0x10004aec                ph_remove_and_free_node
 .text.clock_configure
                0x10004b64      0x110 CMakeFiles/audio.dir/home/tom/Coding/PicoSystem/pico-sdk/src/rp2_common/hardware_clocks/clocks.c.obj
                0x10004b64                clock_configure
 .text.clocks_init
                0x10004c74      0x2b4 CMakeFiles/audio.dir/home/tom/Coding/PicoSystem/pico-sdk/src/rp2_common/hardware_clocks/clocks.c.obj
                0x10004c74                clocks_init
 .text.clock_get_hz
                0x10004f28        0xc CMakeFiles/audio.dir/home/tom/Coding/PicoSystem/pico-sdk/src/rp2_common/hardware_clocks/clocks.c.obj
                0x10004f28                clock_get_hz
 .text.pll_init
                0x10004f34       0xac CMakeFiles/audio.dir/home/tom/Coding/PicoSystem/pico-sdk/src/rp2_common/hardware_pll/pll.c.obj
                0x10004f34                pll_init
 .text.vreg_set_voltage
                0x10004fe0       0x1c CMakeFiles/audio.dir/home/tom/Coding/PicoSystem/pico-sdk/src/rp2_common/hardware_vreg/vreg.c.obj
                0x10004fe0                vreg_set_voltage
 .text.watchdog_start_tick
                0x10004ffc       0x10 CMakeFiles/audio.dir/home/tom/Coding/PicoSystem/pico-sdk/src/rp2_common/hardware_watchdog/watchdog.c.obj
                0x10004ffc                watchdog_start_tick
 .text.xosc_init
                0x1000500c       0x28 CMakeFiles/audio.dir/home/tom/Coding/PicoSystem/pico-sdk/src/rp2_common/hardware_xosc/xosc.c.obj
                0x1000500c                xosc_init
 .text.runtime_init
                0x10005034       0xf0 CMakeFiles/audio.dir/home/tom/Coding/PicoSystem/pico-sdk/src/rp2_common/pico_runtime/runtime.c.obj
                0x10005034                runtime_init
 .text._exit    0x10005124        0x4 CMakeFiles/audio.dir/home/tom/Coding/PicoSystem/pico-sdk/src/rp2_common/pico_runtime/runtime.c.obj
                0x10005124                _exit
 .text._sbrk    0x10005128       0x34 CMakeFiles/audio.dir/home/tom/Coding/PicoSystem/pico-sdk/src/rp2_common/pico_runtime/runtime.c.obj
                0x10005128                _sbrk
 .text._getpid  0x1000515c        0x4 CMakeFiles/audio.dir/home/tom/Coding/PicoSystem/pico-sdk/src/rp2_common/pico_runtime/runtime.c.obj
                0x1000515c                _getpid
 .text._kill    0x10005160        0x8 CMakeFiles/audio.dir/home/tom/Coding/PicoSystem/pico-sdk/src/rp2_common/pico_runtime/runtime.c.obj
                0x10005160                _kill
 .text.exit     0x10005168        0x8 CMakeFiles/audio.dir/home/tom/Coding/PicoSystem/pico-sdk/src/rp2_common/pico_runtime/runtime.c.obj
                0x10005168                exit
 .text.panic    0x10005170       0x30 CMakeFiles/audio.dir/home/tom/Coding/PicoSystem/pico-sdk/src/rp2_common/pico_runtime/runtime.c.obj
                0x10005170                panic
 .text.hard_assertion_failure
                0x100051a0        0xc CMakeFiles/audio.dir/home/tom/Coding/PicoSystem/pico-sdk/src/rp2_common/pico_runtime/runtime.c.obj
                0x100051a0                hard_assertion_failure
 .text._out_buffer
                0x100051ac        0x8 CMakeFiles/audio.dir/home/tom/Coding/PicoSystem/pico-sdk/src/rp2_common/pico_printf/printf.c.obj
 .text._out_null
                0x100051b4        0x4 CMakeFiles/audio.dir/home/tom/Coding/PicoSystem/pico-sdk/src/rp2_common/pico_printf/printf.c.obj
 .text._out_rev
                0x100051b8       0xac CMakeFiles/audio.dir/home/tom/Coding/PicoSystem/pico-sdk/src/rp2_common/pico_printf/printf.c.obj
 .text._ntoa_format
                0x10005264      0x250 CMakeFiles/audio.dir/home/tom/Coding/PicoSystem/pico-sdk/src/rp2_common/pico_printf/printf.c.obj
 .text._out_char
                0x100054b4       0x10 CMakeFiles/audio.dir/home/tom/Coding/PicoSystem/pico-sdk/src/rp2_common/pico_printf/printf.c.obj
 .text._etoa    0x100054c4      0x464 CMakeFiles/audio.dir/home/tom/Coding/PicoSystem/pico-sdk/src/rp2_common/pico_printf/printf.c.obj
 .text._ftoa    0x10005928      0x3c0 CMakeFiles/audio.dir/home/tom/Coding/PicoSystem/pico-sdk/src/rp2_common/pico_printf/printf.c.obj
 .text._vsnprintf
                0x10005ce8      0xbc8 CMakeFiles/audio.dir/home/tom/Coding/PicoSystem/pico-sdk/src/rp2_common/pico_printf/printf.c.obj
 .text.__wrap_sprintf
                0x100068b0       0x2c CMakeFiles/audio.dir/home/tom/Coding/PicoSystem/pico-sdk/src/rp2_common/pico_printf/printf.c.obj
                0x100068b0                __wrap_sprintf
 .text.__wrap_snprintf
                0x100068dc       0x28 CMakeFiles/audio.dir/home/tom/Coding/PicoSystem/pico-sdk/src/rp2_common/pico_printf/printf.c.obj
                0x100068dc                __wrap_snprintf
 .text.weak_raw_vprintf
                0x10006904       0x30 CMakeFiles/audio.dir/home/tom/Coding/PicoSystem/pico-sdk/src/rp2_common/pico_printf/printf.c.obj
                0x10006904                weak_raw_vprintf
 .text          0x10006934       0x10 CMakeFiles/audio.dir/home/tom/Coding/PicoSystem/pico-sdk/src/rp2_common/pico_bit_ops/bit_ops_aeabi.S.obj
 .text.ctzsi    0x10006944        0xc CMakeFiles/audio.dir/home/tom/Coding/PicoSystem/pico-sdk/src/rp2_common/pico_bit_ops/bit_ops_aeabi.S.obj
                0x10006944                __wrap___ctzsi2
 .text.rom_func_lookup
                0x10006950       0x10 CMakeFiles/audio.dir/home/tom/Coding/PicoSystem/pico-sdk/src/rp2_common/pico_bootrom/bootrom.c.obj
                0x10006950                rom_func_lookup
 .text.rom_data_lookup
                0x10006960       0x10 CMakeFiles/audio.dir/home/tom/Coding/PicoSystem/pico-sdk/src/rp2_common/pico_bootrom/bootrom.c.obj
                0x10006960                rom_data_lookup
 .text.rom_funcs_lookup
                0x10006970       0x44 CMakeFiles/audio.dir/home/tom/Coding/PicoSystem/pico-sdk/src/rp2_common/pico_bootrom/bootrom.c.obj
                0x10006970                rom_funcs_lookup
 .text.__wrap___aeabi_idiv
                0x100069b4       0x50 CMakeFiles/audio.dir/home/tom/Coding/PicoSystem/pico-sdk/src/rp2_common/pico_divider/divider.S.obj
                0x100069b4                __wrap___aeabi_idivmod
                0x100069b4                divmod_s32s32
                0x100069b4                div_s32s32
                0x100069b4                __wrap___aeabi_idiv
                0x100069bc                divmod_s32s32_unsafe
                0x100069e8                divmod_s32s32_savestate
 .text.__wrap___aeabi_uidiv
                0x10006a04       0x4c CMakeFiles/audio.dir/home/tom/Coding/PicoSystem/pico-sdk/src/rp2_common/pico_divider/divider.S.obj
                0x10006a04                __wrap___aeabi_uidiv
                0x10006a04                __wrap___aeabi_uidivmod
                0x10006a04                div_u32u32
                0x10006a04                divmod_u32u32
                0x10006a0c                divmod_u32u32_unsafe
                0x10006a34                divmod_u32u32_savestate
 .text.__wrap___aeabi_ldiv
                0x10006a50      0x424 CMakeFiles/audio.dir/home/tom/Coding/PicoSystem/pico-sdk/src/rp2_common/pico_divider/divider.S.obj
                0x10006a50                div_s64s64
                0x10006a50                divmod_s64s64
                0x10006a50                __wrap___aeabi_ldivmod
                0x10006a80                div_u64u64
                0x10006a80                divmod_u64u64
                0x10006a80                __wrap___aeabi_uldivmod
                0x10006a90                divmod_u64u64_savestate
                0x10006ab0                divmod_s64s64_unsafe
                0x10006b38                divmod_u64u64_unsafe
 .text.push_r8_r11
                0x10006e74        0xc CMakeFiles/audio.dir/home/tom/Coding/PicoSystem/pico-sdk/src/rp2_common/pico_double/double_aeabi.S.obj
                0x10006e74                push_r8_r11
 .text.pop_r8_r11
                0x10006e80        0xc CMakeFiles/audio.dir/home/tom/Coding/PicoSystem/pico-sdk/src/rp2_common/pico_double/double_aeabi.S.obj
                0x10006e80                pop_r8_r11
 .text.__wrap___aeabi_darithmetic
                0x10006e8c       0x80 CMakeFiles/audio.dir/home/tom/Coding/PicoSystem/pico-sdk/src/rp2_common/pico_double/double_aeabi.S.obj
                0x10006e8c                __wrap___aeabi_drsub
                0x10006e92                __wrap___aeabi_dsub
                0x10006ea4                __wrap___aeabi_dadd
                0x10006eb6                __wrap___aeabi_ddiv
                0x10006ef2                __wrap___aeabi_dmul
 .text.__wrap___aeabi_cdcmple
                0x10006f0c       0x6c CMakeFiles/audio.dir/home/tom/Coding/PicoSystem/pico-sdk/src/rp2_common/pico_double/double_aeabi.S.obj
                0x10006f0c                __wrap___aeabi_cdrcmple
                0x10006f1c                __wrap___aeabi_cdcmple
                0x10006f1c                __wrap___aeabi_cdcmpeq
 .text.__wrap___aeabi_dcmplt
                0x10006f78        0xc CMakeFiles/audio.dir/home/tom/Coding/PicoSystem/pico-sdk/src/rp2_common/pico_double/double_aeabi.S.obj
                0x10006f78                __wrap___aeabi_dcmplt
 .text.__wrap___aeabi_dcmpge
                0x10006f84       0x10 CMakeFiles/audio.dir/home/tom/Coding/PicoSystem/pico-sdk/src/rp2_common/pico_double/double_aeabi.S.obj
                0x10006f84                __wrap___aeabi_dcmpge
 .text.__wrap___aeabi_dcmpgt
                0x10006f94        0xa CMakeFiles/audio.dir/home/tom/Coding/PicoSystem/pico-sdk/src/rp2_common/pico_double/double_aeabi.S.obj
                0x10006f94                __wrap___aeabi_dcmpgt
 .text.__wrap___aeabi_dcmpun
                0x10006f9e       0x1c CMakeFiles/audio.dir/home/tom/Coding/PicoSystem/pico-sdk/src/rp2_common/pico_double/double_aeabi.S.obj
                0x10006f9e                __wrap___aeabi_dcmpun
 *fill*         0x10006fba        0x2 
 .text.__wrap___aeabi_i2d
                0x10006fbc       0x38 CMakeFiles/audio.dir/home/tom/Coding/PicoSystem/pico-sdk/src/rp2_common/pico_double/double_aeabi.S.obj
                0x10006fbc                __wrap___aeabi_ui2d
                0x10006fc4                __wrap___aeabi_i2d
 .text.__wrap___aeabi_d2iz
                0x10006ff4       0x48 CMakeFiles/audio.dir/home/tom/Coding/PicoSystem/pico-sdk/src/rp2_common/pico_double/double_aeabi.S.obj
                0x10006ff4                __wrap___aeabi_d2iz
                0x10006ff4                double2int_z
 .text.__wrap___aeabi_d2uiz
                0x1000703c       0x18 CMakeFiles/audio.dir/home/tom/Coding/PicoSystem/pico-sdk/src/rp2_common/pico_double/double_aeabi.S.obj
                0x1000703c                double2uint
                0x1000703c                __wrap___aeabi_d2uiz
 .text.fix642double
                0x10007054       0x18 CMakeFiles/audio.dir/home/tom/Coding/PicoSystem/pico-sdk/src/rp2_common/pico_double/double_aeabi.S.obj
                0x10007054                fix642double
 .text.__wrap___aeabi_d2f
                0x1000706c       0x18 CMakeFiles/audio.dir/home/tom/Coding/PicoSystem/pico-sdk/src/rp2_common/pico_double/double_aeabi.S.obj
                0x1000706c                __wrap___aeabi_d2f
 .text.__wrap_sincostan_remainder
                0x10007084       0x14 CMakeFiles/audio.dir/home/tom/Coding/PicoSystem/pico-sdk/src/rp2_common/pico_double/double_aeabi.S.obj
                0x10007084                sincostan_remainder
 .text.__wrap_cos
                0x10007098       0x2c CMakeFiles/audio.dir/home/tom/Coding/PicoSystem/pico-sdk/src/rp2_common/pico_double/double_aeabi.S.obj
                0x10007098                __wrap_cos
 .text.__wrap_sin
                0x100070c4       0x2c CMakeFiles/audio.dir/home/tom/Coding/PicoSystem/pico-sdk/src/rp2_common/pico_double/double_aeabi.S.obj
                0x100070c4                __wrap_sin
 .text.__wrap_exp
                0x100070f0       0x18 CMakeFiles/audio.dir/home/tom/Coding/PicoSystem/pico-sdk/src/rp2_common/pico_double/double_aeabi.S.obj
                0x100070f0                __wrap_exp
 .text.__wrap_log
                0x10007108       0x18 CMakeFiles/audio.dir/home/tom/Coding/PicoSystem/pico-sdk/src/rp2_common/pico_double/double_aeabi.S.obj
                0x10007108                __wrap_log
 .text.__aeabi_double_init
                0x10007120       0x98 CMakeFiles/audio.dir/home/tom/Coding/PicoSystem/pico-sdk/src/rp2_common/pico_double/double_init_rom.c.obj
                0x10007120                __aeabi_double_init
 .text.__wrap_remquo
                0x100071b8      0x27c CMakeFiles/audio.dir/home/tom/Coding/PicoSystem/pico-sdk/src/rp2_common/pico_double/double_math.c.obj
                0x100071b8                __wrap_remquo
 .text.__wrap_remainder
                0x10007434       0x10 CMakeFiles/audio.dir/home/tom/Coding/PicoSystem/pico-sdk/src/rp2_common/pico_double/double_math.c.obj
                0x10007434                __wrap_remainder
 .text.double_table_shim_on_use_helper
                0x10007444       0x2c CMakeFiles/audio.dir/home/tom/Coding/PicoSystem/pico-sdk/src/rp2_common/pico_double/double_v1_rom_shim.S.obj
                0x10007444                double_table_shim_on_use_helper
 .text.__wrap___aeabi_dsub
                0x10007470       0x10 CMakeFiles/audio.dir/home/tom/Coding/PicoSystem/pico-sdk/src/rp2_common/pico_double/double_v1_rom_shim.S.obj
                0x10007470                drsub_shim
                0x10007476                dsub_shim
 .text.dadd_shim
                0x10007480      0x15c CMakeFiles/audio.dir/home/tom/Coding/PicoSystem/pico-sdk/src/rp2_common/pico_double/double_v1_rom_shim.S.obj
                0x10007480                dadd_shim
 .text.dmul_shim
                0x100075dc      0x15c CMakeFiles/audio.dir/home/tom/Coding/PicoSystem/pico-sdk/src/rp2_common/pico_double/double_v1_rom_shim.S.obj
                0x100075dc                dmul_shim
 .text.ddiv_shim
                0x10007738      0x1b0 CMakeFiles/audio.dir/home/tom/Coding/PicoSystem/pico-sdk/src/rp2_common/pico_double/double_v1_rom_shim.S.obj
                0x10007738                ddiv_shim
 .text.dcordic_vec_step
                0x100078e8        0xe CMakeFiles/audio.dir/home/tom/Coding/PicoSystem/pico-sdk/src/rp2_common/pico_double/double_v1_rom_shim.S.obj
                0x100078e8                dcordic_vec_step
 .text.dcordic_rot_step
                0x100078f6       0x76 CMakeFiles/audio.dir/home/tom/Coding/PicoSystem/pico-sdk/src/rp2_common/pico_double/double_v1_rom_shim.S.obj
                0x100078f6                dcordic_rot_step
 .text.double2uint_shim
                0x1000796c        0xe CMakeFiles/audio.dir/home/tom/Coding/PicoSystem/pico-sdk/src/rp2_common/pico_double/double_v1_rom_shim.S.obj
                0x1000796c                double2uint_shim
                0x1000796e                double2ufix_shim
 .text.double2int64_shim
                0x1000797a       0x1a CMakeFiles/audio.dir/home/tom/Coding/PicoSystem/pico-sdk/src/rp2_common/pico_double/double_v1_rom_shim.S.obj
                0x1000797a                double2int64_shim
                0x1000797c                double2fix64_shim
 .text.double2uint64_shim
                0x10007994       0x70 CMakeFiles/audio.dir/home/tom/Coding/PicoSystem/pico-sdk/src/rp2_common/pico_double/double_v1_rom_shim.S.obj
                0x10007994                double2uint64_shim
                0x10007996                double2ufix64_shim
                0x100079b6                d2fix_a
 .text.double2float_shim
                0x10007a04       0x5c CMakeFiles/audio.dir/home/tom/Coding/PicoSystem/pico-sdk/src/rp2_common/pico_double/double_v1_rom_shim.S.obj
                0x10007a04                double2float_shim
 .text.x2double_shims
                0x10007a60       0x90 CMakeFiles/audio.dir/home/tom/Coding/PicoSystem/pico-sdk/src/rp2_common/pico_double/double_v1_rom_shim.S.obj
                0x10007a60                uint2double_shim
                0x10007a62                ufix2double_shim
                0x10007a68                int2double_shim
                0x10007a6a                fix2double_shim
                0x10007a70                uint642double_shim
                0x10007a72                ufix642double_shim
                0x10007a78                int642double_shim
                0x10007a7a                fix642double_shim
 .text.dunpacks
                0x10007af0       0x3c CMakeFiles/audio.dir/home/tom/Coding/PicoSystem/pico-sdk/src/rp2_common/pico_double/double_v1_rom_shim.S.obj
                0x10007af0                dunpacks
 .text.dreduce  0x10007b2c       0x82 CMakeFiles/audio.dir/home/tom/Coding/PicoSystem/pico-sdk/src/rp2_common/pico_double/double_v1_rom_shim.S.obj
                0x10007b2c                dreduce
 .text.dcos_shim
                0x10007bae       0x10 CMakeFiles/audio.dir/home/tom/Coding/PicoSystem/pico-sdk/src/rp2_common/pico_double/double_v1_rom_shim.S.obj
                0x10007bae                dcos_shim
 .text.dsin_shim
                0x10007bbe       0x14 CMakeFiles/audio.dir/home/tom/Coding/PicoSystem/pico-sdk/src/rp2_common/pico_double/double_v1_rom_shim.S.obj
                0x10007bbe                dsin_shim
 *fill*         0x10007bd2        0x2 
 .text.dtrig_guts
                0x10007bd4      0x2ec CMakeFiles/audio.dir/home/tom/Coding/PicoSystem/pico-sdk/src/rp2_common/pico_double/double_v1_rom_shim.S.obj
                0x10007cac                datan2_shim
 .text.dexp_guts
                0x10007ec0      0x268 CMakeFiles/audio.dir/home/tom/Coding/PicoSystem/pico-sdk/src/rp2_common/pico_double/double_v1_rom_shim.S.obj
                0x10007ec0                dexp_shim
                0x10007f5c                dln_shim
 .text.__aeabi_lmul
                0x10008128       0x32 CMakeFiles/audio.dir/home/tom/Coding/PicoSystem/pico-sdk/src/rp2_common/pico_int64_ops/pico_int64_ops_aeabi.S.obj
                0x10008128                __wrap___aeabi_lmul
 *fill*         0x1000815a        0x2 
 .text.__wrap___aeabi_farithmetic
                0x1000815c       0x48 CMakeFiles/audio.dir/home/tom/Coding/PicoSystem/pico-sdk/src/rp2_common/pico_float/float_aeabi.S.obj
                0x1000815c                __wrap___aeabi_frsub
                0x10008162                __wrap___aeabi_fsub
                0x10008168                __wrap___aeabi_fadd
                0x1000816e                __wrap___aeabi_fdiv
                0x10008196                __wrap___aeabi_fmul
 .text.__wrap___aeabi_cfcmple
                0x100081a4       0x50 CMakeFiles/audio.dir/home/tom/Coding/PicoSystem/pico-sdk/src/rp2_common/pico_float/float_aeabi.S.obj
                0x100081a4                __wrap___aeabi_cfrcmple
                0x100081b0                __wrap___aeabi_cfcmpeq
                0x100081b0                __wrap___aeabi_cfcmple
 .text.__wrap___aeabi_fcmpeq
                0x100081f4       0x10 CMakeFiles/audio.dir/home/tom/Coding/PicoSystem/pico-sdk/src/rp2_common/pico_float/float_aeabi.S.obj
                0x100081f4                __wrap___aeabi_fcmpeq
 .text.__wrap___aeabi_ui2f
                0x10008204        0xa CMakeFiles/audio.dir/home/tom/Coding/PicoSystem/pico-sdk/src/rp2_common/pico_float/float_aeabi.S.obj
                0x10008204                __wrap___aeabi_ui2f
 *fill*         0x1000820e        0x2 
 .text.__wrap___aeabi_i2f
                0x10008210       0x44 CMakeFiles/audio.dir/home/tom/Coding/PicoSystem/pico-sdk/src/rp2_common/pico_float/float_aeabi.S.obj
                0x10008210                __wrap___aeabi_i2f
 .text.__wrap___aeabi_f2iz
                0x10008254       0x4e CMakeFiles/audio.dir/home/tom/Coding/PicoSystem/pico-sdk/src/rp2_common/pico_float/float_aeabi.S.obj
                0x10008254                __wrap___aeabi_f2iz
                0x10008254                float2int_z
 *fill*         0x100082a2        0x2 
 .text.float2int
                0x100082a4       0x14 CMakeFiles/audio.dir/home/tom/Coding/PicoSystem/pico-sdk/src/rp2_common/pico_float/float_aeabi.S.obj
                0x100082a4                float2int
 .text.__wrap___aeabi_f2uiz
                0x100082b8        0xc CMakeFiles/audio.dir/home/tom/Coding/PicoSystem/pico-sdk/src/rp2_common/pico_float/float_aeabi.S.obj
                0x100082b8                __wrap___aeabi_f2uiz
 .text.fix2float
                0x100082c4        0xc CMakeFiles/audio.dir/home/tom/Coding/PicoSystem/pico-sdk/src/rp2_common/pico_float/float_aeabi.S.obj
                0x100082c4                fix2float
 .text.__wrap___aeabi_f2d
                0x100082d0       0x14 CMakeFiles/audio.dir/home/tom/Coding/PicoSystem/pico-sdk/src/rp2_common/pico_float/float_aeabi.S.obj
                0x100082d0                __wrap___aeabi_f2d
 .text.__wrap_sinf
                0x100082e4       0x24 CMakeFiles/audio.dir/home/tom/Coding/PicoSystem/pico-sdk/src/rp2_common/pico_float/float_aeabi.S.obj
                0x100082e4                __wrap_sinf
 .text.__aeabi_float_init
                0x10008308       0x64 CMakeFiles/audio.dir/home/tom/Coding/PicoSystem/pico-sdk/src/rp2_common/pico_float/float_init_rom.c.obj
                0x10008308                __aeabi_float_init
 .text.fpow_int2
                0x1000836c       0xb8 CMakeFiles/audio.dir/home/tom/Coding/PicoSystem/pico-sdk/src/rp2_common/pico_float/float_math.c.obj
 .text.fpow_0   0x10008424       0xfc CMakeFiles/audio.dir/home/tom/Coding/PicoSystem/pico-sdk/src/rp2_common/pico_float/float_math.c.obj
 .text.__wrap_powf
                0x10008520      0x198 CMakeFiles/audio.dir/home/tom/Coding/PicoSystem/pico-sdk/src/rp2_common/pico_float/float_math.c.obj
                0x10008520                __wrap_powf
 .text.__wrap_remquof
                0x100086b8      0x144 CMakeFiles/audio.dir/home/tom/Coding/PicoSystem/pico-sdk/src/rp2_common/pico_float/float_math.c.obj
                0x100086b8                __wrap_remquof
 .text.__wrap_remainderf
                0x100087fc        0xc CMakeFiles/audio.dir/home/tom/Coding/PicoSystem/pico-sdk/src/rp2_common/pico_float/float_math.c.obj
                0x100087fc                __wrap_remainderf
 .text.float_table_shim_on_use_helper
                0x10008808       0x2c CMakeFiles/audio.dir/home/tom/Coding/PicoSystem/pico-sdk/src/rp2_common/pico_float/float_v1_rom_shim.S.obj
                0x10008808                float_table_shim_on_use_helper
 .text.float232_shims
                0x10008834       0x18 CMakeFiles/audio.dir/home/tom/Coding/PicoSystem/pico-sdk/src/rp2_common/pico_float/float_v1_rom_shim.S.obj
                0x10008834                float2int_shim
                0x10008836                float2fix_shim
 .text.float2double_shim
                0x1000884c       0x30 CMakeFiles/audio.dir/home/tom/Coding/PicoSystem/pico-sdk/src/rp2_common/pico_float/float_v1_rom_shim.S.obj
                0x1000884c                float2double_shim
 .text.__wrap_malloc
                0x1000887c       0x24 CMakeFiles/audio.dir/home/tom/Coding/PicoSystem/pico-sdk/src/rp2_common/pico_malloc/pico_malloc.c.obj
                0x1000887c                __wrap_malloc
 .text.__wrap_realloc
                0x100088a0       0x24 CMakeFiles/audio.dir/home/tom/Coding/PicoSystem/pico-sdk/src/rp2_common/pico_malloc/pico_malloc.c.obj
                0x100088a0                __wrap_realloc
 .text.__wrap_free
                0x100088c4        0x8 CMakeFiles/audio.dir/home/tom/Coding/PicoSystem/pico-sdk/src/rp2_common/pico_malloc/pico_malloc.c.obj
                0x100088c4                __wrap_free
 .text          0x100088cc       0x10 CMakeFiles/audio.dir/home/tom/Coding/PicoSystem/pico-sdk/src/rp2_common/pico_mem_ops/mem_ops_aeabi.S.obj
                0x100088cc                __aeabi_mem_init
 .text.memset   0x100088dc        0xc CMakeFiles/audio.dir/home/tom/Coding/PicoSystem/pico-sdk/src/rp2_common/pico_mem_ops/mem_ops_aeabi.S.obj
                0x100088dc                __wrap_memset
 .text.memcpy   0x100088e8        0xc CMakeFiles/audio.dir/home/tom/Coding/PicoSystem/pico-sdk/src/rp2_common/pico_mem_ops/mem_ops_aeabi.S.obj
                0x100088e8                __wrap___aeabi_memcpy
                0x100088e8                __wrap_memcpy
 .text._Znwj    0x100088f4        0x8 CMakeFiles/audio.dir/home/tom/Coding/PicoSystem/pico-sdk/src/rp2_common/pico_standard_link/new_delete.cpp.obj
                0x100088f4                operator new(unsigned int)
 .text._Znaj    0x100088fc        0x8 CMakeFiles/audio.dir/home/tom/Coding/PicoSystem/pico-sdk/src/rp2_common/pico_standard_link/new_delete.cpp.obj
                0x100088fc                operator new[](unsigned int)
 .text._ZdlPv   0x10008904        0x8 CMakeFiles/audio.dir/home/tom/Coding/PicoSystem/pico-sdk/src/rp2_common/pico_standard_link/new_delete.cpp.obj
                0x10008904                operator delete(void*)
 .text._ZdlPvj  0x1000890c        0x8 CMakeFiles/audio.dir/home/tom/Coding/PicoSystem/pico-sdk/src/rp2_common/pico_standard_link/new_delete.cpp.obj
                0x1000890c                operator delete(void*, unsigned int)
 .text.stdio_out_chars_crlf
                0x10008914       0x94 CMakeFiles/audio.dir/home/tom/Coding/PicoSystem/pico-sdk/src/rp2_common/pico_stdio/stdio.c.obj
 .text.__wrap_putchar
                0x100089a8       0x98 CMakeFiles/audio.dir/home/tom/Coding/PicoSystem/pico-sdk/src/rp2_common/pico_stdio/stdio.c.obj
                0x100089a8                __wrap_putchar
 .text.__wrap_puts
                0x10008a40       0xe0 CMakeFiles/audio.dir/home/tom/Coding/PicoSystem/pico-sdk/src/rp2_common/pico_stdio/stdio.c.obj
                0x10008a40                __wrap_puts
 .text._read    0x10008b20       0x94 CMakeFiles/audio.dir/home/tom/Coding/PicoSystem/pico-sdk/src/rp2_common/pico_stdio/stdio.c.obj
                0x10008b20                _read
 .text._write   0x10008bb4       0xb4 CMakeFiles/audio.dir/home/tom/Coding/PicoSystem/pico-sdk/src/rp2_common/pico_stdio/stdio.c.obj
                0x10008bb4                _write
 .text._close   0x10008c68        0x8 CMakeFiles/audio.dir/home/tom/Coding/PicoSystem/pico-sdk/src/rp2_common/pico_stdio/stdio.c.obj
                0x10008c68                _close
 .text._lseek   0x10008c70        0x8 CMakeFiles/audio.dir/home/tom/Coding/PicoSystem/pico-sdk/src/rp2_common/pico_stdio/stdio.c.obj
                0x10008c70                _lseek
 .text._fstat   0x10008c78        0x8 CMakeFiles/audio.dir/home/tom/Coding/PicoSystem/pico-sdk/src/rp2_common/pico_stdio/stdio.c.obj
                0x10008c78                _fstat
 .text._isatty  0x10008c80        0xc CMakeFiles/audio.dir/home/tom/Coding/PicoSystem/pico-sdk/src/rp2_common/pico_stdio/stdio.c.obj
                0x10008c80                _isatty
 .text.pio_add_program
                0x10008c8c       0xf0 CMakeFiles/audio.dir/home/tom/Coding/PicoSystem/pico-sdk/src/rp2_common/hardware_pio/pio.c.obj
                0x10008c8c                pio_add_program
 .text.pio_sm_set_pins_with_mask
                0x10008d7c       0xa8 CMakeFiles/audio.dir/home/tom/Coding/PicoSystem/pico-sdk/src/rp2_common/hardware_pio/pio.c.obj
                0x10008d7c                pio_sm_set_pins_with_mask
 .text.pio_sm_set_pindirs_with_mask
                0x10008e24       0xa8 CMakeFiles/audio.dir/home/tom/Coding/PicoSystem/pico-sdk/src/rp2_common/hardware_pio/pio.c.obj
                0x10008e24                pio_sm_set_pindirs_with_mask
 .text.pio_sm_set_consecutive_pindirs
                0x10008ecc       0xa8 CMakeFiles/audio.dir/home/tom/Coding/PicoSystem/pico-sdk/src/rp2_common/hardware_pio/pio.c.obj
                0x10008ecc                pio_sm_set_consecutive_pindirs
 .text.pio_sm_init
                0x10008f74       0x98 CMakeFiles/audio.dir/home/tom/Coding/PicoSystem/pico-sdk/src/rp2_common/hardware_pio/pio.c.obj
                0x10008f74                pio_sm_init
 .text.spi_init
                0x1000900c       0xec CMakeFiles/audio.dir/home/tom/Coding/PicoSystem/pico-sdk/src/rp2_common/hardware_spi/spi.c.obj
                0x1000900c                spi_init
 .text.adc_init
                0x100090f8       0x38 CMakeFiles/audio.dir/home/tom/Coding/PicoSystem/pico-sdk/src/rp2_common/hardware_adc/adc.c.obj
                0x100090f8                adc_init
 .text.unlikely._ZSt17__throw_bad_allocv
                0x10009130       0x20 /usr/lib/gcc/arm-none-eabi/13.1.0/../../../../arm-none-eabi/lib/thumb/v6-m/nofp/libstdc++.a(functexcept.o)
                0x10009130                std::__throw_bad_alloc()
 .text.unlikely._ZSt19__throw_logic_errorPKc
                0x10009150       0x30 /usr/lib/gcc/arm-none-eabi/13.1.0/../../../../arm-none-eabi/lib/thumb/v6-m/nofp/libstdc++.a(functexcept.o)
                0x10009150                std::__throw_logic_error(char const*)
 .text.unlikely._ZSt24__throw_invalid_argumentPKc
                0x10009180       0x30 /usr/lib/gcc/arm-none-eabi/13.1.0/../../../../arm-none-eabi/lib/thumb/v6-m/nofp/libstdc++.a(functexcept.o)
                0x10009180                std::__throw_invalid_argument(char const*)
 .text.unlikely._ZSt20__throw_length_errorPKc
                0x100091b0       0x30 /usr/lib/gcc/arm-none-eabi/13.1.0/../../../../arm-none-eabi/lib/thumb/v6-m/nofp/libstdc++.a(functexcept.o)
                0x100091b0                std::__throw_length_error(char const*)
 .text.unlikely._ZSt20__throw_out_of_rangePKc
                0x100091e0       0x30 /usr/lib/gcc/arm-none-eabi/13.1.0/../../../../arm-none-eabi/lib/thumb/v6-m/nofp/libstdc++.a(functexcept.o)
                0x100091e0                std::__throw_out_of_range(char const*)
 .text._ZSt24__throw_out_of_range_fmtPKcz
                0x10009210       0x64 /usr/lib/gcc/arm-none-eabi/13.1.0/../../../../arm-none-eabi/lib/thumb/v6-m/nofp/libstdc++.a(functexcept.o)
                0x10009210                std::__throw_out_of_range_fmt(char const*, ...)
 .text._ZN9__gnu_cxx26__throw_insufficient_spaceEPKcS1_
                0x10009274       0x50 /usr/lib/gcc/arm-none-eabi/13.1.0/../../../../arm-none-eabi/lib/thumb/v6-m/nofp/libstdc++.a(snprintf_lite.o)
                0x10009274                __gnu_cxx::__throw_insufficient_space(char const*, char const*)
 .text._ZN9__gnu_cxx15__concat_size_tEPcjj
                0x100092c4       0x68 /usr/lib/gcc/arm-none-eabi/13.1.0/../../../../arm-none-eabi/lib/thumb/v6-m/nofp/libstdc++.a(snprintf_lite.o)
                0x100092c4                __gnu_cxx::__concat_size_t(char*, unsigned int, unsigned int)
 .text._ZN9__gnu_cxx15__snprintf_liteEPcjPKcSt9__va_list
                0x1000932c       0x88 /usr/lib/gcc/arm-none-eabi/13.1.0/../../../../arm-none-eabi/lib/thumb/v6-m/nofp/libstdc++.a(snprintf_lite.o)
                0x1000932c                __gnu_cxx::__snprintf_lite(char*, unsigned int, char const*, std::__va_list)
 .text._ZNSt11char_traitsIcE4copyEPcPKcj.isra.0
                0x100093b4        0xc /usr/lib/gcc/arm-none-eabi/13.1.0/../../../../arm-none-eabi/lib/thumb/v6-m/nofp/libstdc++.a(string-inst.o)
 .text._ZNKSt7__cxx1112basic_stringIcSt11char_traitsIcESaIcEE11_M_is_localEv
                0x100093c0       0x10 /usr/lib/gcc/arm-none-eabi/13.1.0/../../../../arm-none-eabi/lib/thumb/v6-m/nofp/libstdc++.a(string-inst.o)
                0x100093c0                std::__cxx11::basic_string<char, std::char_traits<char>, std::allocator<char> >::_M_is_local() const
 .text._ZNSt7__cxx1112basic_stringIcSt11char_traitsIcESaIcEE9_M_createERjj
                0x100093d0       0x40 /usr/lib/gcc/arm-none-eabi/13.1.0/../../../../arm-none-eabi/lib/thumb/v6-m/nofp/libstdc++.a(string-inst.o)
                0x100093d0                std::__cxx11::basic_string<char, std::char_traits<char>, std::allocator<char> >::_M_create(unsigned int&, unsigned int)
 .text._ZNSt7__cxx1112basic_stringIcSt11char_traitsIcESaIcEE10_M_destroyEj
                0x10009410        0xa /usr/lib/gcc/arm-none-eabi/13.1.0/../../../../arm-none-eabi/lib/thumb/v6-m/nofp/libstdc++.a(string-inst.o)
                0x10009410                std::__cxx11::basic_string<char, std::char_traits<char>, std::allocator<char> >::_M_destroy(unsigned int)
 .text._ZNSt7__cxx1112basic_stringIcSt11char_traitsIcESaIcEE10_M_disposeEv
                0x1000941a       0x16 /usr/lib/gcc/arm-none-eabi/13.1.0/../../../../arm-none-eabi/lib/thumb/v6-m/nofp/libstdc++.a(string-inst.o)
                0x1000941a                std::__cxx11::basic_string<char, std::char_traits<char>, std::allocator<char> >::_M_dispose()
 .text._ZNSt7__cxx1112basic_stringIcSt11char_traitsIcESaIcEE7_S_copyEPcPKcj
                0x10009430       0x12 /usr/lib/gcc/arm-none-eabi/13.1.0/../../../../arm-none-eabi/lib/thumb/v6-m/nofp/libstdc++.a(string-inst.o)
                0x10009430                std::__cxx11::basic_string<char, std::char_traits<char>, std::allocator<char> >::_S_copy(char*, char const*, unsigned int)
 .text._ZNKSt7__cxx1112basic_stringIcSt11char_traitsIcESaIcEE8capacityEv
                0x10009442       0x14 /usr/lib/gcc/arm-none-eabi/13.1.0/../../../../arm-none-eabi/lib/thumb/v6-m/nofp/libstdc++.a(string-inst.o)
                0x10009442                std::__cxx11::basic_string<char, std::char_traits<char>, std::allocator<char> >::capacity() const
 .text._ZNSt7__cxx1112basic_stringIcSt11char_traitsIcESaIcEE9_M_mutateEjjPKcj
                0x10009456       0x72 /usr/lib/gcc/arm-none-eabi/13.1.0/../../../../arm-none-eabi/lib/thumb/v6-m/nofp/libstdc++.a(string-inst.o)
                0x10009456                std::__cxx11::basic_string<char, std::char_traits<char>, std::allocator<char> >::_M_mutate(unsigned int, unsigned int, char const*, unsigned int)
 .text._ZNSt7__cxx1112basic_stringIcSt11char_traitsIcESaIcEE9_M_appendEPKcj
                0x100094c8       0x44 /usr/lib/gcc/arm-none-eabi/13.1.0/../../../../arm-none-eabi/lib/thumb/v6-m/nofp/libstdc++.a(string-inst.o)
                0x100094c8                std::__cxx11::basic_string<char, std::char_traits<char>, std::allocator<char> >::_M_append(char const*, unsigned int)
 .text._ZNKSt9bad_alloc4whatEv
                0x1000950c        0x8 /usr/lib/gcc/arm-none-eabi/13.1.0/../../../../arm-none-eabi/lib/thumb/v6-m/nofp/libstdc++.a(bad_alloc.o)
                0x1000950c                std::bad_alloc::what() const
 .text._ZNSt9bad_allocD2Ev
                0x10009514       0x14 /usr/lib/gcc/arm-none-eabi/13.1.0/../../../../arm-none-eabi/lib/thumb/v6-m/nofp/libstdc++.a(bad_alloc.o)
                0x10009514                std::bad_alloc::~bad_alloc()
                0x10009514                std::bad_alloc::~bad_alloc()
 .text._ZNSt9bad_allocD0Ev
                0x10009528       0x14 /usr/lib/gcc/arm-none-eabi/13.1.0/../../../../arm-none-eabi/lib/thumb/v6-m/nofp/libstdc++.a(bad_alloc.o)
                0x10009528                std::bad_alloc::~bad_alloc()
 .text._ZN12_GLOBAL__N_14pool4freeEPv.constprop.0
                0x1000953c       0x68 /usr/lib/gcc/arm-none-eabi/13.1.0/../../../../arm-none-eabi/lib/thumb/v6-m/nofp/libstdc++.a(eh_alloc.o)
 .text._ZN12_GLOBAL__N_14pool8allocateEj.constprop.0
                0x100095a4       0x50 /usr/lib/gcc/arm-none-eabi/13.1.0/../../../../arm-none-eabi/lib/thumb/v6-m/nofp/libstdc++.a(eh_alloc.o)
 .text.__cxa_allocate_exception
                0x100095f4       0x2c /usr/lib/gcc/arm-none-eabi/13.1.0/../../../../arm-none-eabi/lib/thumb/v6-m/nofp/libstdc++.a(eh_alloc.o)
                0x100095f4                __cxa_allocate_exception
 .text.__cxa_free_exception
                0x10009620       0x24 /usr/lib/gcc/arm-none-eabi/13.1.0/../../../../arm-none-eabi/lib/thumb/v6-m/nofp/libstdc++.a(eh_alloc.o)
                0x10009620                __cxa_free_exception
 .text._ZNKSt17basic_string_viewIcSt11char_traitsIcEE7compareEjjPKcj
                0x10009644       0x44 /usr/lib/gcc/arm-none-eabi/13.1.0/../../../../arm-none-eabi/lib/thumb/v6-m/nofp/libstdc++.a(eh_alloc.o)
                0x10009644                std::basic_string_view<char, std::char_traits<char> >::compare(unsigned int, unsigned int, char const*, unsigned int) const
 .text.startup._GLOBAL__sub_I__ZN9__gnu_cxx9__freeresEv
                0x10009688       0xf8 /usr/lib/gcc/arm-none-eabi/13.1.0/../../../../arm-none-eabi/lib/thumb/v6-m/nofp/libstdc++.a(eh_alloc.o)
 .text.__cxa_end_cleanup
                0x10009780        0xc /usr/lib/gcc/arm-none-eabi/13.1.0/../../../../arm-none-eabi/lib/thumb/v6-m/nofp/libstdc++.a(eh_arm.o)
                0x10009780                __cxa_end_cleanup
 .text._ZN10__cxxabiv1L24__is_gxx_exception_classEPc
                0x1000978c       0x3a /usr/lib/gcc/arm-none-eabi/13.1.0/../../../../arm-none-eabi/lib/thumb/v6-m/nofp/libstdc++.a(eh_arm.o)
 *fill*         0x100097c6        0x2 
 .text.__cxa_type_match
                0x100097c8       0xb8 /usr/lib/gcc/arm-none-eabi/13.1.0/../../../../arm-none-eabi/lib/thumb/v6-m/nofp/libstdc++.a(eh_arm.o)
                0x100097c8                __cxa_type_match
 .text.__cxa_begin_cleanup
                0x10009880       0x36 /usr/lib/gcc/arm-none-eabi/13.1.0/../../../../arm-none-eabi/lib/thumb/v6-m/nofp/libstdc++.a(eh_arm.o)
                0x10009880                __cxa_begin_cleanup
 .text.__gnu_end_cleanup
                0x100098b6       0x38 /usr/lib/gcc/arm-none-eabi/13.1.0/../../../../arm-none-eabi/lib/thumb/v6-m/nofp/libstdc++.a(eh_arm.o)
                0x100098b6                __gnu_end_cleanup
 .text._ZN10__cxxabiv1L24__is_gxx_exception_classEPc
                0x100098ee       0x3a /usr/lib/gcc/arm-none-eabi/13.1.0/../../../../arm-none-eabi/lib/thumb/v6-m/nofp/libstdc++.a(eh_catch.o)
 .text.__cxa_begin_catch
                0x10009928       0x4e /usr/lib/gcc/arm-none-eabi/13.1.0/../../../../arm-none-eabi/lib/thumb/v6-m/nofp/libstdc++.a(eh_catch.o)
                0x10009928                __cxa_begin_catch
 .text.__cxa_end_catch
                0x10009976       0x4e /usr/lib/gcc/arm-none-eabi/13.1.0/../../../../arm-none-eabi/lib/thumb/v6-m/nofp/libstdc++.a(eh_catch.o)
                0x10009976                __cxa_end_catch
 .text._ZNSt9exceptionD2Ev
                0x100099c4        0x2 /usr/lib/gcc/arm-none-eabi/13.1.0/../../../../arm-none-eabi/lib/thumb/v6-m/nofp/libstdc++.a(eh_exception.o)
                0x100099c4                std::exception::~exception()
                0x100099c4                std::exception::~exception()
 .text._ZNSt13bad_exceptionD2Ev
                0x100099c6        0x2 /usr/lib/gcc/arm-none-eabi/13.1.0/../../../../arm-none-eabi/lib/thumb/v6-m/nofp/libstdc++.a(eh_exception.o)
                0x100099c6                std::bad_exception::~bad_exception()
                0x100099c6                std::bad_exception::~bad_exception()
 .text._ZNKSt13bad_exception4whatEv
                0x100099c8        0x8 /usr/lib/gcc/arm-none-eabi/13.1.0/../../../../arm-none-eabi/lib/thumb/v6-m/nofp/libstdc++.a(eh_exception.o)
                0x100099c8                transaction clone for std::bad_exception::what() const
                0x100099c8                std::bad_exception::what() const
 .text._ZNSt13bad_exceptionD0Ev
                0x100099d0        0xe /usr/lib/gcc/arm-none-eabi/13.1.0/../../../../arm-none-eabi/lib/thumb/v6-m/nofp/libstdc++.a(eh_exception.o)
                0x100099d0                std::bad_exception::~bad_exception()
 *fill*         0x100099de        0x2 
 .text.__cxa_get_globals_fast
                0x100099e0        0x8 /usr/lib/gcc/arm-none-eabi/13.1.0/../../../../arm-none-eabi/lib/thumb/v6-m/nofp/libstdc++.a(eh_globals.o)
                0x100099e0                __cxa_get_globals_fast
 .text.__cxa_get_globals
                0x100099e8        0x8 /usr/lib/gcc/arm-none-eabi/13.1.0/../../../../arm-none-eabi/lib/thumb/v6-m/nofp/libstdc++.a(eh_globals.o)
                0x100099e8                __cxa_get_globals
 .text._ZL12read_uleb128PKhPm
                0x100099f0       0x2c /usr/lib/gcc/arm-none-eabi/13.1.0/../../../../arm-none-eabi/lib/thumb/v6-m/nofp/libstdc++.a(eh_personality.o)
 .text._ZL12read_sleb128PKhPl
                0x10009a1c       0x30 /usr/lib/gcc/arm-none-eabi/13.1.0/../../../../arm-none-eabi/lib/thumb/v6-m/nofp/libstdc++.a(eh_personality.o)
 .text._ZL28read_encoded_value_with_basehjPKhPj
                0x10009a4c       0xb2 /usr/lib/gcc/arm-none-eabi/13.1.0/../../../../arm-none-eabi/lib/thumb/v6-m/nofp/libstdc++.a(eh_personality.o)
 .text._ZL21base_of_encoded_valuehP15_Unwind_Context
                0x10009afe       0x3e /usr/lib/gcc/arm-none-eabi/13.1.0/../../../../arm-none-eabi/lib/thumb/v6-m/nofp/libstdc++.a(eh_personality.o)
 .text._ZL18read_encoded_valueP15_Unwind_ContexthPKhPj
                0x10009b3c       0x1e /usr/lib/gcc/arm-none-eabi/13.1.0/../../../../arm-none-eabi/lib/thumb/v6-m/nofp/libstdc++.a(eh_personality.o)
 .text._ZL17parse_lsda_headerP15_Unwind_ContextPKhP16lsda_header_info
                0x10009b5a       0x60 /usr/lib/gcc/arm-none-eabi/13.1.0/../../../../arm-none-eabi/lib/thumb/v6-m/nofp/libstdc++.a(eh_personality.o)
 .text._Unwind_GetGR
                0x10009bba       0x16 /usr/lib/gcc/arm-none-eabi/13.1.0/../../../../arm-none-eabi/lib/thumb/v6-m/nofp/libstdc++.a(eh_personality.o)
 .text.__gxx_personality_v0
                0x10009bd0      0x330 /usr/lib/gcc/arm-none-eabi/13.1.0/../../../../arm-none-eabi/lib/thumb/v6-m/nofp/libstdc++.a(eh_personality.o)
                0x10009bd0                __gxx_personality_v0
 .text._ZN10__cxxabiv111__terminateEPFvvE
                0x10009f00       0x10 /usr/lib/gcc/arm-none-eabi/13.1.0/../../../../arm-none-eabi/lib/thumb/v6-m/nofp/libstdc++.a(eh_terminate.o)
                0x10009f00                __cxxabiv1::__terminate(void (*)())
 .text._ZSt9terminatev
                0x10009f10       0x10 /usr/lib/gcc/arm-none-eabi/13.1.0/../../../../arm-none-eabi/lib/thumb/v6-m/nofp/libstdc++.a(eh_terminate.o)
                0x10009f10                std::terminate()
 .text._ZN10__cxxabiv112__unexpectedEPFvvE
                0x10009f20        0x8 /usr/lib/gcc/arm-none-eabi/13.1.0/../../../../arm-none-eabi/lib/thumb/v6-m/nofp/libstdc++.a(eh_terminate.o)
                0x10009f20                __cxxabiv1::__unexpected(void (*)())
 .text._ZSt10unexpectedv
                0x10009f28       0x10 /usr/lib/gcc/arm-none-eabi/13.1.0/../../../../arm-none-eabi/lib/thumb/v6-m/nofp/libstdc++.a(eh_terminate.o)
                0x10009f28                std::unexpected()
 .text._ZSt13get_terminatev
                0x10009f38        0xc /usr/lib/gcc/arm-none-eabi/13.1.0/../../../../arm-none-eabi/lib/thumb/v6-m/nofp/libstdc++.a(eh_terminate.o)
                0x10009f38                std::get_terminate()
 .text._ZSt14get_unexpectedv
                0x10009f44        0xc /usr/lib/gcc/arm-none-eabi/13.1.0/../../../../arm-none-eabi/lib/thumb/v6-m/nofp/libstdc++.a(eh_terminate.o)
                0x10009f44                std::get_unexpected()
 .text._ZL23__gxx_exception_cleanup19_Unwind_Reason_CodeP21_Unwind_Control_Block
                0x10009f50       0x30 /usr/lib/gcc/arm-none-eabi/13.1.0/../../../../arm-none-eabi/lib/thumb/v6-m/nofp/libstdc++.a(eh_throw.o)
 .text.__cxa_init_primary_exception
                0x10009f80       0x4c /usr/lib/gcc/arm-none-eabi/13.1.0/../../../../arm-none-eabi/lib/thumb/v6-m/nofp/libstdc++.a(eh_throw.o)
                0x10009f80                __cxa_init_primary_exception
 .text.__cxa_throw
                0x10009fcc       0x34 /usr/lib/gcc/arm-none-eabi/13.1.0/../../../../arm-none-eabi/lib/thumb/v6-m/nofp/libstdc++.a(eh_throw.o)
                0x10009fcc                __cxa_throw
 .text.__cxa_rethrow
                0x1000a000       0x72 /usr/lib/gcc/arm-none-eabi/13.1.0/../../../../arm-none-eabi/lib/thumb/v6-m/nofp/libstdc++.a(eh_throw.o)
                0x1000a000                __cxa_rethrow
 *fill*         0x1000a072        0x2 
 .text._ZN10__cxxabiv120__si_class_type_infoD2Ev
                0x1000a074       0x14 /usr/lib/gcc/arm-none-eabi/13.1.0/../../../../arm-none-eabi/lib/thumb/v6-m/nofp/libstdc++.a(si_class_type_info.o)
                0x1000a074                __cxxabiv1::__si_class_type_info::~__si_class_type_info()
                0x1000a074                __cxxabiv1::__si_class_type_info::~__si_class_type_info()
 .text._ZN10__cxxabiv120__si_class_type_infoD0Ev
                0x1000a088       0x14 /usr/lib/gcc/arm-none-eabi/13.1.0/../../../../arm-none-eabi/lib/thumb/v6-m/nofp/libstdc++.a(si_class_type_info.o)
                0x1000a088                __cxxabiv1::__si_class_type_info::~__si_class_type_info()
 .text._ZNK10__cxxabiv120__si_class_type_info20__do_find_public_srcEiPKvPKNS_17__class_type_infoES2_
                0x1000a09c       0x32 /usr/lib/gcc/arm-none-eabi/13.1.0/../../../../arm-none-eabi/lib/thumb/v6-m/nofp/libstdc++.a(si_class_type_info.o)
                0x1000a09c                __cxxabiv1::__si_class_type_info::__do_find_public_src(int, void const*, __cxxabiv1::__class_type_info const*, void const*) const
 .text._ZNK10__cxxabiv120__si_class_type_info12__do_dyncastEiNS_17__class_type_info10__sub_kindEPKS1_PKvS4_S6_RNS1_16__dyncast_resultE
                0x1000a0ce       0x72 /usr/lib/gcc/arm-none-eabi/13.1.0/../../../../arm-none-eabi/lib/thumb/v6-m/nofp/libstdc++.a(si_class_type_info.o)
                0x1000a0ce                __cxxabiv1::__si_class_type_info::__do_dyncast(int, __cxxabiv1::__class_type_info::__sub_kind, __cxxabiv1::__class_type_info const*, void const*, __cxxabiv1::__class_type_info const*, void const*, __cxxabiv1::__class_type_info::__dyncast_result&) const
 .text._ZNK10__cxxabiv120__si_class_type_info11__do_upcastEPKNS_17__class_type_infoEPKvRNS1_15__upcast_resultE
                0x1000a140       0x22 /usr/lib/gcc/arm-none-eabi/13.1.0/../../../../arm-none-eabi/lib/thumb/v6-m/nofp/libstdc++.a(si_class_type_info.o)
                0x1000a140                __cxxabiv1::__si_class_type_info::__do_upcast(__cxxabiv1::__class_type_info const*, void const*, __cxxabiv1::__class_type_info::__upcast_result&) const
 .text._ZNSt9type_infoD2Ev
                0x1000a162        0x2 /usr/lib/gcc/arm-none-eabi/13.1.0/../../../../arm-none-eabi/lib/thumb/v6-m/nofp/libstdc++.a(tinfo.o)
                0x1000a162                std::type_info::~type_info()
                0x1000a162                std::type_info::~type_info()
 .text._ZNKSt9type_info14__is_pointer_pEv
                0x1000a164        0x4 /usr/lib/gcc/arm-none-eabi/13.1.0/../../../../arm-none-eabi/lib/thumb/v6-m/nofp/libstdc++.a(tinfo.o)
                0x1000a164                std::type_info::__is_function_p() const
                0x1000a164                std::type_info::__is_pointer_p() const
 .text._ZNKSt9type_infoeqERKS_
                0x1000a168       0x2c /usr/lib/gcc/arm-none-eabi/13.1.0/../../../../arm-none-eabi/lib/thumb/v6-m/nofp/libstdc++.a(tinfo.o)
                0x1000a168                std::type_info::__equal(std::type_info const&) const
                0x1000a168                std::type_info::operator==(std::type_info const&) const
 .text._ZN9__gnu_cxx27__verbose_terminate_handlerEv
                0x1000a194       0xec /usr/lib/gcc/arm-none-eabi/13.1.0/../../../../arm-none-eabi/lib/thumb/v6-m/nofp/libstdc++.a(vterminate.o)
                0x1000a194                __gnu_cxx::__verbose_terminate_handler()
 .text._ZNKSt11logic_error4whatEv
                0x1000a280        0x4 /usr/lib/gcc/arm-none-eabi/13.1.0/../../../../arm-none-eabi/lib/thumb/v6-m/nofp/libstdc++.a(stdexcept.o)
                0x1000a280                std::runtime_error::what() const
                0x1000a280                std::logic_error::what() const
 .text._ZNSt11logic_errorD2Ev
                0x1000a284       0x20 /usr/lib/gcc/arm-none-eabi/13.1.0/../../../../arm-none-eabi/lib/thumb/v6-m/nofp/libstdc++.a(stdexcept.o)
                0x1000a284                std::logic_error::~logic_error()
                0x1000a284                std::logic_error::~logic_error()
 .text._ZNSt11logic_errorD0Ev
                0x1000a2a4       0x12 /usr/lib/gcc/arm-none-eabi/13.1.0/../../../../arm-none-eabi/lib/thumb/v6-m/nofp/libstdc++.a(stdexcept.o)
                0x1000a2a4                std::logic_error::~logic_error()
 *fill*         0x1000a2b6        0x2 
 .text._ZNSt16invalid_argumentD2Ev
                0x1000a2b8       0x14 /usr/lib/gcc/arm-none-eabi/13.1.0/../../../../arm-none-eabi/lib/thumb/v6-m/nofp/libstdc++.a(stdexcept.o)
                0x1000a2b8                std::invalid_argument::~invalid_argument()
                0x1000a2b8                std::invalid_argument::~invalid_argument()
 .text._ZNSt16invalid_argumentD0Ev
                0x1000a2cc       0x12 /usr/lib/gcc/arm-none-eabi/13.1.0/../../../../arm-none-eabi/lib/thumb/v6-m/nofp/libstdc++.a(stdexcept.o)
                0x1000a2cc                std::invalid_argument::~invalid_argument()
 *fill*         0x1000a2de        0x2 
 .text._ZNSt12length_errorD2Ev
                0x1000a2e0       0x14 /usr/lib/gcc/arm-none-eabi/13.1.0/../../../../arm-none-eabi/lib/thumb/v6-m/nofp/libstdc++.a(stdexcept.o)
                0x1000a2e0                std::length_error::~length_error()
                0x1000a2e0                std::length_error::~length_error()
 .text._ZNSt12length_errorD0Ev
                0x1000a2f4       0x12 /usr/lib/gcc/arm-none-eabi/13.1.0/../../../../arm-none-eabi/lib/thumb/v6-m/nofp/libstdc++.a(stdexcept.o)
                0x1000a2f4                std::length_error::~length_error()
 *fill*         0x1000a306        0x2 
 .text._ZNSt12out_of_rangeD2Ev
                0x1000a308       0x14 /usr/lib/gcc/arm-none-eabi/13.1.0/../../../../arm-none-eabi/lib/thumb/v6-m/nofp/libstdc++.a(stdexcept.o)
                0x1000a308                std::out_of_range::~out_of_range()
                0x1000a308                std::out_of_range::~out_of_range()
 .text._ZNSt12out_of_rangeD0Ev
                0x1000a31c       0x12 /usr/lib/gcc/arm-none-eabi/13.1.0/../../../../arm-none-eabi/lib/thumb/v6-m/nofp/libstdc++.a(stdexcept.o)
                0x1000a31c                std::out_of_range::~out_of_range()
 *fill*         0x1000a32e        0x2 
 .text._ZNSs12_S_constructIPKcEEPcT_S3_RKSaIcESt20forward_iterator_tag.isra.0
                0x1000a330       0x48 /usr/lib/gcc/arm-none-eabi/13.1.0/../../../../arm-none-eabi/lib/thumb/v6-m/nofp/libstdc++.a(cow-stdexcept.o)
 .text._ZNSsC2EPKcRKSaIcE.isra.0
                0x1000a378       0x26 /usr/lib/gcc/arm-none-eabi/13.1.0/../../../../arm-none-eabi/lib/thumb/v6-m/nofp/libstdc++.a(cow-stdexcept.o)
 *fill*         0x1000a39e        0x2 
 .text._ZNSt11logic_errorC2EPKc
                0x1000a3a0       0x24 /usr/lib/gcc/arm-none-eabi/13.1.0/../../../../arm-none-eabi/lib/thumb/v6-m/nofp/libstdc++.a(cow-stdexcept.o)
                0x1000a3a0                std::logic_error::logic_error(char const*)
                0x1000a3a0                std::logic_error::logic_error(char const*)
 .text._ZNSt16invalid_argumentC2EPKc
                0x1000a3c4       0x14 /usr/lib/gcc/arm-none-eabi/13.1.0/../../../../arm-none-eabi/lib/thumb/v6-m/nofp/libstdc++.a(cow-stdexcept.o)
                0x1000a3c4                std::invalid_argument::invalid_argument(char const*)
                0x1000a3c4                std::invalid_argument::invalid_argument(char const*)
 .text._ZNSt12length_errorC2EPKc
                0x1000a3d8       0x14 /usr/lib/gcc/arm-none-eabi/13.1.0/../../../../arm-none-eabi/lib/thumb/v6-m/nofp/libstdc++.a(cow-stdexcept.o)
                0x1000a3d8                std::length_error::length_error(char const*)
                0x1000a3d8                std::length_error::length_error(char const*)
 .text._ZNSt12out_of_rangeC2EPKc
                0x1000a3ec       0x14 /usr/lib/gcc/arm-none-eabi/13.1.0/../../../../arm-none-eabi/lib/thumb/v6-m/nofp/libstdc++.a(cow-stdexcept.o)
                0x1000a3ec                std::out_of_range::out_of_range(char const*)
                0x1000a3ec                std::out_of_range::out_of_range(char const*)
 .text._ZNSs7_M_copyEPcPKcj
                0x1000a400       0x16 /usr/lib/gcc/arm-none-eabi/13.1.0/../../../../arm-none-eabi/lib/thumb/v6-m/nofp/libstdc++.a(cow-string-inst.o)
                0x1000a400                std::string::_M_copy(char*, char const*, unsigned int)
 .text._ZNSs13_S_copy_charsEPcPKcS1_
                0x1000a416        0xa /usr/lib/gcc/arm-none-eabi/13.1.0/../../../../arm-none-eabi/lib/thumb/v6-m/nofp/libstdc++.a(cow-string-inst.o)
                0x1000a416                std::string::_S_copy_chars(char*, char const*, char const*)
 .text._ZNSs4_Rep26_M_set_length_and_sharableEj
                0x1000a420       0x18 /usr/lib/gcc/arm-none-eabi/13.1.0/../../../../arm-none-eabi/lib/thumb/v6-m/nofp/libstdc++.a(cow-string-inst.o)
                0x1000a420                std::string::_Rep::_M_set_length_and_sharable(unsigned int)
 .text._ZNSs4_Rep9_S_createEjjRKSaIcE
                0x1000a438       0x60 /usr/lib/gcc/arm-none-eabi/13.1.0/../../../../arm-none-eabi/lib/thumb/v6-m/nofp/libstdc++.a(cow-string-inst.o)
                0x1000a438                std::string::_Rep::_S_create(unsigned int, unsigned int, std::allocator<char> const&)
 .text._ZNSs4_Rep10_M_destroyERKSaIcE
                0x1000a498        0x8 /usr/lib/gcc/arm-none-eabi/13.1.0/../../../../arm-none-eabi/lib/thumb/v6-m/nofp/libstdc++.a(cow-string-inst.o)
                0x1000a498                std::string::_Rep::_M_destroy(std::allocator<char> const&)
 .text._ZNSs4_Rep10_M_disposeERKSaIcE
                0x1000a4a0       0x1c /usr/lib/gcc/arm-none-eabi/13.1.0/../../../../arm-none-eabi/lib/thumb/v6-m/nofp/libstdc++.a(cow-string-inst.o)
                0x1000a4a0                std::string::_Rep::_M_dispose(std::allocator<char> const&)
 .text._ZNK10__cxxabiv117__class_type_info11__do_upcastEPKS0_PPv
                0x1000a4bc       0x32 /usr/lib/gcc/arm-none-eabi/13.1.0/../../../../arm-none-eabi/lib/thumb/v6-m/nofp/libstdc++.a(class_type_info.o)
                0x1000a4bc                __cxxabiv1::__class_type_info::__do_upcast(__cxxabiv1::__class_type_info const*, void**) const
 .text._ZNK10__cxxabiv117__class_type_info20__do_find_public_srcEiPKvPKS0_S2_
                0x1000a4ee        0xc /usr/lib/gcc/arm-none-eabi/13.1.0/../../../../arm-none-eabi/lib/thumb/v6-m/nofp/libstdc++.a(class_type_info.o)
                0x1000a4ee                __cxxabiv1::__class_type_info::__do_find_public_src(int, void const*, __cxxabiv1::__class_type_info const*, void const*) const
 *fill*         0x1000a4fa        0x2 
 .text._ZN10__cxxabiv117__class_type_infoD2Ev
                0x1000a4fc       0x14 /usr/lib/gcc/arm-none-eabi/13.1.0/../../../../arm-none-eabi/lib/thumb/v6-m/nofp/libstdc++.a(class_type_info.o)
                0x1000a4fc                __cxxabiv1::__class_type_info::~__class_type_info()
                0x1000a4fc                __cxxabiv1::__class_type_info::~__class_type_info()
 .text._ZN10__cxxabiv117__class_type_infoD0Ev
                0x1000a510       0x14 /usr/lib/gcc/arm-none-eabi/13.1.0/../../../../arm-none-eabi/lib/thumb/v6-m/nofp/libstdc++.a(class_type_info.o)
                0x1000a510                __cxxabiv1::__class_type_info::~__class_type_info()
 .text._ZNK10__cxxabiv117__class_type_info12__do_dyncastEiNS0_10__sub_kindEPKS0_PKvS3_S5_RNS0_16__dyncast_resultE
                0x1000a524       0x3a /usr/lib/gcc/arm-none-eabi/13.1.0/../../../../arm-none-eabi/lib/thumb/v6-m/nofp/libstdc++.a(class_type_info.o)
                0x1000a524                __cxxabiv1::__class_type_info::__do_dyncast(int, __cxxabiv1::__class_type_info::__sub_kind, __cxxabiv1::__class_type_info const*, void const*, __cxxabiv1::__class_type_info const*, void const*, __cxxabiv1::__class_type_info::__dyncast_result&) const
 .text._ZNK10__cxxabiv117__class_type_info11__do_upcastEPKS0_PKvRNS0_15__upcast_resultE
                0x1000a55e       0x1a /usr/lib/gcc/arm-none-eabi/13.1.0/../../../../arm-none-eabi/lib/thumb/v6-m/nofp/libstdc++.a(class_type_info.o)
                0x1000a55e                __cxxabiv1::__class_type_info::__do_upcast(__cxxabiv1::__class_type_info const*, void const*, __cxxabiv1::__class_type_info::__upcast_result&) const
 .text._ZNK10__cxxabiv117__class_type_info10__do_catchEPKSt9type_infoPPvj
                0x1000a578       0x24 /usr/lib/gcc/arm-none-eabi/13.1.0/../../../../arm-none-eabi/lib/thumb/v6-m/nofp/libstdc++.a(class_type_info.o)
                0x1000a578                __cxxabiv1::__class_type_info::__do_catch(std::type_info const*, void**, unsigned int) const
 .text.is_fnqual_component_type
                0x1000a59c       0x22 /usr/lib/gcc/arm-none-eabi/13.1.0/../../../../arm-none-eabi/lib/thumb/v6-m/nofp/libstdc++.a(cp-demangle.o)
 .text.d_make_empty
                0x1000a5be       0x20 /usr/lib/gcc/arm-none-eabi/13.1.0/../../../../arm-none-eabi/lib/thumb/v6-m/nofp/libstdc++.a(cp-demangle.o)
 *fill*         0x1000a5de        0x2 
 .text.d_make_comp
                0x1000a5e0       0xcc /usr/lib/gcc/arm-none-eabi/13.1.0/../../../../arm-none-eabi/lib/thumb/v6-m/nofp/libstdc++.a(cp-demangle.o)
 .text.d_make_name
                0x1000a6ac       0x2c /usr/lib/gcc/arm-none-eabi/13.1.0/../../../../arm-none-eabi/lib/thumb/v6-m/nofp/libstdc++.a(cp-demangle.o)
 .text.d_make_builtin_type
                0x1000a6d8       0x14 /usr/lib/gcc/arm-none-eabi/13.1.0/../../../../arm-none-eabi/lib/thumb/v6-m/nofp/libstdc++.a(cp-demangle.o)
 .text.d_number
                0x1000a6ec       0x50 /usr/lib/gcc/arm-none-eabi/13.1.0/../../../../arm-none-eabi/lib/thumb/v6-m/nofp/libstdc++.a(cp-demangle.o)
 .text.d_number_component
                0x1000a73c       0x1c /usr/lib/gcc/arm-none-eabi/13.1.0/../../../../arm-none-eabi/lib/thumb/v6-m/nofp/libstdc++.a(cp-demangle.o)
 .text.d_call_offset
                0x1000a758       0x4c /usr/lib/gcc/arm-none-eabi/13.1.0/../../../../arm-none-eabi/lib/thumb/v6-m/nofp/libstdc++.a(cp-demangle.o)
 .text.d_ref_qualifier
                0x1000a7a4       0x32 /usr/lib/gcc/arm-none-eabi/13.1.0/../../../../arm-none-eabi/lib/thumb/v6-m/nofp/libstdc++.a(cp-demangle.o)
 .text.d_compact_number
                0x1000a7d6       0x30 /usr/lib/gcc/arm-none-eabi/13.1.0/../../../../arm-none-eabi/lib/thumb/v6-m/nofp/libstdc++.a(cp-demangle.o)
 .text.d_template_param
                0x1000a806       0x2e /usr/lib/gcc/arm-none-eabi/13.1.0/../../../../arm-none-eabi/lib/thumb/v6-m/nofp/libstdc++.a(cp-demangle.o)
 .text.d_discriminator
                0x1000a834       0x44 /usr/lib/gcc/arm-none-eabi/13.1.0/../../../../arm-none-eabi/lib/thumb/v6-m/nofp/libstdc++.a(cp-demangle.o)
 .text.d_add_substitution
                0x1000a878       0x20 /usr/lib/gcc/arm-none-eabi/13.1.0/../../../../arm-none-eabi/lib/thumb/v6-m/nofp/libstdc++.a(cp-demangle.o)
 .text.d_count_templates_scopes
                0x1000a898       0xcc /usr/lib/gcc/arm-none-eabi/13.1.0/../../../../arm-none-eabi/lib/thumb/v6-m/nofp/libstdc++.a(cp-demangle.o)
 .text.d_print_flush
                0x1000a964       0x1c /usr/lib/gcc/arm-none-eabi/13.1.0/../../../../arm-none-eabi/lib/thumb/v6-m/nofp/libstdc++.a(cp-demangle.o)
 .text.d_append_char
                0x1000a980       0x22 /usr/lib/gcc/arm-none-eabi/13.1.0/../../../../arm-none-eabi/lib/thumb/v6-m/nofp/libstdc++.a(cp-demangle.o)
 .text.d_append_buffer
                0x1000a9a2       0x1a /usr/lib/gcc/arm-none-eabi/13.1.0/../../../../arm-none-eabi/lib/thumb/v6-m/nofp/libstdc++.a(cp-demangle.o)
 .text.d_pack_length
                0x1000a9bc       0x1c /usr/lib/gcc/arm-none-eabi/13.1.0/../../../../arm-none-eabi/lib/thumb/v6-m/nofp/libstdc++.a(cp-demangle.o)
 .text.d_append_string
                0x1000a9d8       0x18 /usr/lib/gcc/arm-none-eabi/13.1.0/../../../../arm-none-eabi/lib/thumb/v6-m/nofp/libstdc++.a(cp-demangle.o)
 .text.d_append_num
                0x1000a9f0       0x24 /usr/lib/gcc/arm-none-eabi/13.1.0/../../../../arm-none-eabi/lib/thumb/v6-m/nofp/libstdc++.a(cp-demangle.o)
 .text.d_print_lambda_parm_name
                0x1000aa14       0x38 /usr/lib/gcc/arm-none-eabi/13.1.0/../../../../arm-none-eabi/lib/thumb/v6-m/nofp/libstdc++.a(cp-demangle.o)
 .text.d_source_name
                0x1000aa4c       0x78 /usr/lib/gcc/arm-none-eabi/13.1.0/../../../../arm-none-eabi/lib/thumb/v6-m/nofp/libstdc++.a(cp-demangle.o)
 .text.d_abi_tags
                0x1000aac4       0x30 /usr/lib/gcc/arm-none-eabi/13.1.0/../../../../arm-none-eabi/lib/thumb/v6-m/nofp/libstdc++.a(cp-demangle.o)
 .text.d_maybe_module_name
                0x1000aaf4       0x52 /usr/lib/gcc/arm-none-eabi/13.1.0/../../../../arm-none-eabi/lib/thumb/v6-m/nofp/libstdc++.a(cp-demangle.o)
 .text.d_index_template_argument
                0x1000ab46       0x22 /usr/lib/gcc/arm-none-eabi/13.1.0/../../../../arm-none-eabi/lib/thumb/v6-m/nofp/libstdc++.a(cp-demangle.o)
 .text.d_lookup_template_argument
                0x1000ab68       0x1e /usr/lib/gcc/arm-none-eabi/13.1.0/../../../../arm-none-eabi/lib/thumb/v6-m/nofp/libstdc++.a(cp-demangle.o)
 *fill*         0x1000ab86        0x2 
 .text.d_find_pack
                0x1000ab88       0x74 /usr/lib/gcc/arm-none-eabi/13.1.0/../../../../arm-none-eabi/lib/thumb/v6-m/nofp/libstdc++.a(cp-demangle.o)
 .text.d_growable_string_callback_adapter
                0x1000abfc       0x6e /usr/lib/gcc/arm-none-eabi/13.1.0/../../../../arm-none-eabi/lib/thumb/v6-m/nofp/libstdc++.a(cp-demangle.o)
 .text.is_designated_init
                0x1000ac6a       0x2e /usr/lib/gcc/arm-none-eabi/13.1.0/../../../../arm-none-eabi/lib/thumb/v6-m/nofp/libstdc++.a(cp-demangle.o)
 .text.op_is_new_cast.isra.0
                0x1000ac98       0x24 /usr/lib/gcc/arm-none-eabi/13.1.0/../../../../arm-none-eabi/lib/thumb/v6-m/nofp/libstdc++.a(cp-demangle.o)
 .text.d_print_comp
                0x1000acbc     0x1288 /usr/lib/gcc/arm-none-eabi/13.1.0/../../../../arm-none-eabi/lib/thumb/v6-m/nofp/libstdc++.a(cp-demangle.o)
 .text.d_print_mod
                0x1000bf44      0x138 /usr/lib/gcc/arm-none-eabi/13.1.0/../../../../arm-none-eabi/lib/thumb/v6-m/nofp/libstdc++.a(cp-demangle.o)
 .text.d_print_function_type
                0x1000c07c       0xc4 /usr/lib/gcc/arm-none-eabi/13.1.0/../../../../arm-none-eabi/lib/thumb/v6-m/nofp/libstdc++.a(cp-demangle.o)
 .text.d_print_mod_list
                0x1000c140       0xf0 /usr/lib/gcc/arm-none-eabi/13.1.0/../../../../arm-none-eabi/lib/thumb/v6-m/nofp/libstdc++.a(cp-demangle.o)
 .text.d_print_array_type
                0x1000c230       0x80 /usr/lib/gcc/arm-none-eabi/13.1.0/../../../../arm-none-eabi/lib/thumb/v6-m/nofp/libstdc++.a(cp-demangle.o)
 .text.d_print_expr_op
                0x1000c2b0       0x1c /usr/lib/gcc/arm-none-eabi/13.1.0/../../../../arm-none-eabi/lib/thumb/v6-m/nofp/libstdc++.a(cp-demangle.o)
 .text.d_print_subexpr
                0x1000c2cc       0x36 /usr/lib/gcc/arm-none-eabi/13.1.0/../../../../arm-none-eabi/lib/thumb/v6-m/nofp/libstdc++.a(cp-demangle.o)
 *fill*         0x1000c302        0x2 
 .text.d_maybe_print_fold_expression
                0x1000c304       0xdc /usr/lib/gcc/arm-none-eabi/13.1.0/../../../../arm-none-eabi/lib/thumb/v6-m/nofp/libstdc++.a(cp-demangle.o)
 .text.d_maybe_print_designated_init
                0x1000c3e0       0x90 /usr/lib/gcc/arm-none-eabi/13.1.0/../../../../arm-none-eabi/lib/thumb/v6-m/nofp/libstdc++.a(cp-demangle.o)
 .text.next_is_type_qual.isra.0
                0x1000c470       0x30 /usr/lib/gcc/arm-none-eabi/13.1.0/../../../../arm-none-eabi/lib/thumb/v6-m/nofp/libstdc++.a(cp-demangle.o)
 .text.d_substitution
                0x1000c4a0      0x130 /usr/lib/gcc/arm-none-eabi/13.1.0/../../../../arm-none-eabi/lib/thumb/v6-m/nofp/libstdc++.a(cp-demangle.o)
 .text.d_expr_primary
                0x1000c5d0       0xc0 /usr/lib/gcc/arm-none-eabi/13.1.0/../../../../arm-none-eabi/lib/thumb/v6-m/nofp/libstdc++.a(cp-demangle.o)
 .text.d_template_arg
                0x1000c690       0x46 /usr/lib/gcc/arm-none-eabi/13.1.0/../../../../arm-none-eabi/lib/thumb/v6-m/nofp/libstdc++.a(cp-demangle.o)
 .text.d_template_args_1
                0x1000c6d6       0x58 /usr/lib/gcc/arm-none-eabi/13.1.0/../../../../arm-none-eabi/lib/thumb/v6-m/nofp/libstdc++.a(cp-demangle.o)
 .text.d_template_args
                0x1000c72e       0x1c /usr/lib/gcc/arm-none-eabi/13.1.0/../../../../arm-none-eabi/lib/thumb/v6-m/nofp/libstdc++.a(cp-demangle.o)
 .text.d_encoding
                0x1000c74a      0x402 /usr/lib/gcc/arm-none-eabi/13.1.0/../../../../arm-none-eabi/lib/thumb/v6-m/nofp/libstdc++.a(cp-demangle.o)
 .text.d_name   0x1000cb4c      0x1cc /usr/lib/gcc/arm-none-eabi/13.1.0/../../../../arm-none-eabi/lib/thumb/v6-m/nofp/libstdc++.a(cp-demangle.o)
 .text.d_type   0x1000cd18      0x47c /usr/lib/gcc/arm-none-eabi/13.1.0/../../../../arm-none-eabi/lib/thumb/v6-m/nofp/libstdc++.a(cp-demangle.o)
 .text.d_parmlist
                0x1000d194       0x74 /usr/lib/gcc/arm-none-eabi/13.1.0/../../../../arm-none-eabi/lib/thumb/v6-m/nofp/libstdc++.a(cp-demangle.o)
 .text.d_bare_function_type
                0x1000d208       0x3a /usr/lib/gcc/arm-none-eabi/13.1.0/../../../../arm-none-eabi/lib/thumb/v6-m/nofp/libstdc++.a(cp-demangle.o)
 .text.d_function_type
                0x1000d242       0x64 /usr/lib/gcc/arm-none-eabi/13.1.0/../../../../arm-none-eabi/lib/thumb/v6-m/nofp/libstdc++.a(cp-demangle.o)
 .text.d_template_parm
                0x1000d2a6       0x80 /usr/lib/gcc/arm-none-eabi/13.1.0/../../../../arm-none-eabi/lib/thumb/v6-m/nofp/libstdc++.a(cp-demangle.o)
 .text.d_template_head
                0x1000d326       0x34 /usr/lib/gcc/arm-none-eabi/13.1.0/../../../../arm-none-eabi/lib/thumb/v6-m/nofp/libstdc++.a(cp-demangle.o)
 *fill*         0x1000d35a        0x2 
 .text.d_operator_name
                0x1000d35c       0xe0 /usr/lib/gcc/arm-none-eabi/13.1.0/../../../../arm-none-eabi/lib/thumb/v6-m/nofp/libstdc++.a(cp-demangle.o)
 .text.d_unqualified_name
                0x1000d43c      0x2a4 /usr/lib/gcc/arm-none-eabi/13.1.0/../../../../arm-none-eabi/lib/thumb/v6-m/nofp/libstdc++.a(cp-demangle.o)
 .text.d_prefix
                0x1000d6e0       0xba /usr/lib/gcc/arm-none-eabi/13.1.0/../../../../arm-none-eabi/lib/thumb/v6-m/nofp/libstdc++.a(cp-demangle.o)
 *fill*         0x1000d79a        0x2 
 .text.d_expression_1
                0x1000d79c      0x3f4 /usr/lib/gcc/arm-none-eabi/13.1.0/../../../../arm-none-eabi/lib/thumb/v6-m/nofp/libstdc++.a(cp-demangle.o)
 .text.d_expression
                0x1000db90       0x12 /usr/lib/gcc/arm-none-eabi/13.1.0/../../../../arm-none-eabi/lib/thumb/v6-m/nofp/libstdc++.a(cp-demangle.o)
 .text.d_exprlist
                0x1000dba2       0x54 /usr/lib/gcc/arm-none-eabi/13.1.0/../../../../arm-none-eabi/lib/thumb/v6-m/nofp/libstdc++.a(cp-demangle.o)
 .text.d_cv_qualifiers
                0x1000dbf6      0x144 /usr/lib/gcc/arm-none-eabi/13.1.0/../../../../arm-none-eabi/lib/thumb/v6-m/nofp/libstdc++.a(cp-demangle.o)
 *fill*         0x1000dd3a        0x2 
 .text.d_demangle_callback.constprop.0
                0x1000dd3c      0x294 /usr/lib/gcc/arm-none-eabi/13.1.0/../../../../arm-none-eabi/lib/thumb/v6-m/nofp/libstdc++.a(cp-demangle.o)
 .text.__cxa_demangle
                0x1000dfd0       0xb0 /usr/lib/gcc/arm-none-eabi/13.1.0/../../../../arm-none-eabi/lib/thumb/v6-m/nofp/libstdc++.a(cp-demangle.o)