Archive member included to satisfy reference by file (symbol)

/usr/lib/gcc/arm-none-eabi/13.1.0/../../../../arm-none-eabi/lib/thumb/v6-m/nofp/libstdc++.a(functexcept.o)
                              CMakeFiles/colour.dir/colour.cpp.obj (std::__throw_logic_error(char const*))
/usr/lib/gcc/arm-none-eabi/13.1.0/../../../../arm-none-eabi/lib/thumb/v6-m/nofp/libstdc++.a(snprintf_lite.o)
                              /usr/lib/gcc/arm-none-eabi/13.1.0/../../../../arm-none-eabi/lib/thumb/v6-m/nofp/libstdc++.a(functexcept.o) (__gnu_cxx::__snprintf_lite(char*, unsigned int, char const*, std::__va_list))
/usr/lib/gcc/arm-none-eabi/13.1.0/../../../../arm-none-eabi/lib/thumb/v6-m/nofp/libstdc++.a(string-inst.o)
                              CMakeFiles/colour.dir/colour.cpp.obj (std::__cxx11::basic_string<char, std::char_traits<char>, std::allocator<char> >::_M_create(unsigned int&, unsigned int))
/usr/lib/gcc/arm-none-eabi/13.1.0/../../../../arm-none-eabi/lib/thumb/v6-m/nofp/libstdc++.a(bad_alloc.o)
                              /usr/lib/gcc/arm-none-eabi/13.1.0/../../../../arm-none-eabi/lib/thumb/v6-m/nofp/libstdc++.a(functexcept.o) (vtable for std::bad_alloc)
/usr/lib/gcc/arm-none-eabi/13.1.0/../../../../arm-none-eabi/lib/thumb/v6-m/nofp/libstdc++.a(bad_array_new.o)
                              /usr/lib/gcc/arm-none-eabi/13.1.0/../../../../arm-none-eabi/lib/thumb/v6-m/nofp/libstdc++.a(functexcept.o) (vtable for std::bad_array_new_length)
/usr/lib/gcc/arm-none-eabi/13.1.0/../../../../arm-none-eabi/lib/thumb/v6-m/nofp/libstdc++.a(bad_cast.o)
                              /usr/lib/gcc/arm-none-eabi/13.1.0/../../../../arm-none-eabi/lib/thumb/v6-m/nofp/libstdc++.a(functexcept.o) (vtable for std::bad_cast)
/usr/lib/gcc/arm-none-eabi/13.1.0/../../../../arm-none-eabi/lib/thumb/v6-m/nofp/libstdc++.a(bad_typeid.o)
                              /usr/lib/gcc/arm-none-eabi/13.1.0/../../../../arm-none-eabi/lib/thumb/v6-m/nofp/libstdc++.a(functexcept.o) (vtable for std::bad_typeid)
/usr/lib/gcc/arm-none-eabi/13.1.0/../../../../arm-none-eabi/lib/thumb/v6-m/nofp/libstdc++.a(eh_alloc.o)
                              /usr/lib/gcc/arm-none-eabi/13.1.0/../../../../arm-none-eabi/lib/thumb/v6-m/nofp/libstdc++.a(functexcept.o) (__cxa_allocate_exception)
/usr/lib/gcc/arm-none-eabi/13.1.0/../../../../arm-none-eabi/lib/thumb/v6-m/nofp/libstdc++.a(eh_arm.o)
                              /usr/lib/gcc/arm-none-eabi/13.1.0/../../../../arm-none-eabi/lib/thumb/v6-m/nofp/libstdc++.a(functexcept.o) (__cxa_end_cleanup)
/usr/lib/gcc/arm-none-eabi/13.1.0/../../../../arm-none-eabi/lib/thumb/v6-m/nofp/libstdc++.a(eh_catch.o)
                              /usr/lib/gcc/arm-none-eabi/13.1.0/../../../../arm-none-eabi/lib/thumb/v6-m/nofp/libstdc++.a(string-inst.o) (__cxa_begin_catch)
/usr/lib/gcc/arm-none-eabi/13.1.0/../../../../arm-none-eabi/lib/thumb/v6-m/nofp/libstdc++.a(eh_exception.o)
                              /usr/lib/gcc/arm-none-eabi/13.1.0/../../../../arm-none-eabi/lib/thumb/v6-m/nofp/libstdc++.a(bad_alloc.o) (std::exception::~exception())
/usr/lib/gcc/arm-none-eabi/13.1.0/../../../../arm-none-eabi/lib/thumb/v6-m/nofp/libstdc++.a(eh_globals.o)
                              /usr/lib/gcc/arm-none-eabi/13.1.0/../../../../arm-none-eabi/lib/thumb/v6-m/nofp/libstdc++.a(eh_catch.o) (__cxa_get_globals_fast)
/usr/lib/gcc/arm-none-eabi/13.1.0/../../../../arm-none-eabi/lib/thumb/v6-m/nofp/libstdc++.a(eh_personality.o)
                              /usr/lib/gcc/arm-none-eabi/13.1.0/../../../../arm-none-eabi/lib/thumb/v6-m/nofp/libstdc++.a(functexcept.o) (__gxx_personality_v0)
/usr/lib/gcc/arm-none-eabi/13.1.0/../../../../arm-none-eabi/lib/thumb/v6-m/nofp/libstdc++.a(eh_terminate.o)
                              /usr/lib/gcc/arm-none-eabi/13.1.0/../../../../arm-none-eabi/lib/thumb/v6-m/nofp/libstdc++.a(eh_alloc.o) (std::terminate())
/usr/lib/gcc/arm-none-eabi/13.1.0/../../../../arm-none-eabi/lib/thumb/v6-m/nofp/libstdc++.a(eh_throw.o)
                              /usr/lib/gcc/arm-none-eabi/13.1.0/../../../../arm-none-eabi/lib/thumb/v6-m/nofp/libstdc++.a(functexcept.o) (__cxa_throw)
/usr/lib/gcc/arm-none-eabi/13.1.0/../../../../arm-none-eabi/lib/thumb/v6-m/nofp/libstdc++.a(eh_unex_handler.o)
                              /usr/lib/gcc/arm-none-eabi/13.1.0/../../../../arm-none-eabi/lib/thumb/v6-m/nofp/libstdc++.a(eh_terminate.o) (__cxxabiv1::__unexpected_handler)
/usr/lib/gcc/arm-none-eabi/13.1.0/../../../../arm-none-eabi/lib/thumb/v6-m/nofp/libstdc++.a(si_class_type_info.o)
                              /usr/lib/gcc/arm-none-eabi/13.1.0/../../../../arm-none-eabi/lib/thumb/v6-m/nofp/libstdc++.a(bad_alloc.o) (vtable for __cxxabiv1::__si_class_type_info)
/usr/lib/gcc/arm-none-eabi/13.1.0/../../../../arm-none-eabi/lib/thumb/v6-m/nofp/libstdc++.a(tinfo.o)
                              /usr/lib/gcc/arm-none-eabi/13.1.0/../../../../arm-none-eabi/lib/thumb/v6-m/nofp/libstdc++.a(si_class_type_info.o) (std::type_info::__is_pointer_p() const)
[...]
Memory Configuration

Name             Origin             Length             Attributes
FLASH            0x10000000         0x00c00000         xr
FAT              0x10003000         0x00400000         r
RAM              0x20000000         0x00040000         xrw
SCRATCH_X        0x20040000         0x00001000         xrw
SCRATCH_Y        0x20041000         0x00001000         xrw
*default*        0x00000000         0xffffffff

Linker script and memory map

LOAD /usr/lib/gcc/arm-none-eabi/13.1.0/thumb/v6-m/nofp/crti.o
LOAD /usr/lib/gcc/arm-none-eabi/13.1.0/thumb/v6-m/nofp/crtbegin.o
LOAD /usr/lib/gcc/arm-none-eabi/13.1.0/../../../../arm-none-eabi/lib/thumb/v6-m/nofp/crt0.o

.flash_begin    0x10000000        0x0
                0x10000000                        __flash_binary_start = .

.boot2          0x10000000      0x100
                0x10000000                        __boot2_start__ = .
 *(.boot2)
 .boot2         0x10000000      0x100 /tmp/ccPnZzuj.o
                0x10000100                        __boot2_end__ = .
                0x00000001                        ASSERT (((__boot2_end__ - __boot2_start__) == 0x100), ERROR: Pico second stage bootloader must be 256 bytes in size)

.text           0x10000100     0xf430
                0x10000100                        __logical_binary_start = .
 *(.vectors)
 .vectors       0x10000100       0xd4 CMakeFiles/colour.dir/home/tom/Coding/PicoSystem/pico-sdk/src/rp2_common/pico_standard_link/crt0.S.obj
                0x10000100                __vectors
                0x10000100                __VECTOR_TABLE
                0x100001c0                isr_invalid
                0x100001c0                __default_isrs_start
                0x100001c2                isr_nmi
                0x100001c4                isr_hardfault
                0x100001c6                isr_svcall
                0x100001c8                isr_pendsv
                0x100001ca                isr_systick
                0x100001cc                isr_irq30
                0x100001cc                __unhandled_user_irq
                0x100001cc                isr_irq13
                0x100001cc                isr_irq27
                0x100001cc                isr_irq31
                0x100001cc                isr_irq5
                0x100001cc                isr_irq11
                0x100001cc                isr_irq23
                0x100001cc                isr_irq18
                0x100001cc                isr_irq28
                0x100001cc                isr_irq19
                0x100001cc                isr_irq0
                0x100001cc                isr_irq6
                0x100001cc                isr_irq22
                0x100001cc                isr_irq17
                0x100001cc                isr_irq14
                0x100001cc                isr_irq2
                0x100001cc                isr_irq10
                0x100001cc                isr_irq8
                0x100001cc                isr_irq24
                0x100001cc                isr_irq1
                0x100001cc                isr_irq7
                0x100001cc                isr_irq21
                0x100001cc                isr_irq20
                0x100001cc                isr_irq15
                0x100001cc                isr_irq25
                0x100001cc                isr_irq4
                0x100001cc                isr_irq16
                0x100001cc                isr_irq29
                0x100001cc                isr_irq26
                0x100001cc                __default_isrs_end
                0x100001cc                isr_irq3
                0x100001cc                isr_irq12
                0x100001cc                isr_irq9
                0x100001d2                unhandled_user_irq_num_in_r0
 *(.binary_info_header)
 .binary_info_header
                0x100001d4       0x14 CMakeFiles/colour.dir/home/tom/Coding/PicoSystem/pico-sdk/src/rp2_common/pico_standard_link/crt0.S.obj
                0x100001e8                        __binary_info_header_end = .
 *(.reset)
 .reset         0x100001e8       0xa0 CMakeFiles/colour.dir/home/tom/Coding/PicoSystem/pico-sdk/src/rp2_common/pico_standard_link/crt0.S.obj
                0x100001e8                _entry_point
 .reset         0x10000288       0x30 CMakeFiles/colour.dir/home/tom/Coding/PicoSystem/pico-sdk/src/rp2_common/pico_standard_link/binary_info.c.obj
 *(.init)
 .init          0x100002b8        0x4 /usr/lib/gcc/arm-none-eabi/13.1.0/thumb/v6-m/nofp/crti.o
                0x100002b8                _init
 *(EXCLUDE_FILE(*libm.a: *libc.a:*lib_a-mem*.o *libgcc.a:) .text*)
 .text.frame_dummy
                0x100002bc       0x20 /usr/lib/gcc/arm-none-eabi/13.1.0/thumb/v6-m/nofp/crtbegin.o
 .text._Z19prepare_rgb_palettev
                0x100002dc       0xa8 CMakeFiles/colour.dir/colour.cpp.obj
                0x100002dc                prepare_rgb_palette()
 .text._Z4initv
                0x10000384       0x40 CMakeFiles/colour.dir/colour.cpp.obj
                0x10000384                init()
 .text._Z6updatem
                0x100003c4      0x168 CMakeFiles/colour.dir/colour.cpp.obj
                0x100003c4                update(unsigned long)
 .text._Z16draw_rgb_palettell
                0x1000052c       0xb4 CMakeFiles/colour.dir/colour.cpp.obj
                0x1000052c                draw_rgb_palette(long, long)
 .text._Z4drawm
                0x100005e0      0x53c CMakeFiles/colour.dir/colour.cpp.obj
                0x100005e0                draw(unsigned long)
 .text._ZNSt7__cxx1112basic_stringIcSt11char_traitsIcESaIcEEC2IS3_EEPKcRKS3_
                0x10000b1c       0x68 CMakeFiles/colour.dir/colour.cpp.obj
                0x10000b1c                std::__cxx11::basic_string<char, std::char_traits<char>, std::allocator<char> >::basic_string<std::allocator<char> >(char const*, std::allocator<char> const&)
                0x10000b1c                std::__cxx11::basic_string<char, std::char_traits<char>, std::allocator<char> >::basic_string<std::allocator<char> >(char const*, std::allocator<char> const&)
 .text.startup._GLOBAL__sub_I_blip
                0x10000b84       0x84 CMakeFiles/colour.dir/colour.cpp.obj
 .text.startup.main
                0x10000c08      0x164 CMakeFiles/colour.dir/__/__/libraries/picosystem.cpp.obj
                0x10000c08                main
 .text.startup._GLOBAL__sub_I__ZN10picosystem5statsE
                0x10000d6c       0x40 CMakeFiles/colour.dir/__/__/libraries/picosystem.cpp.obj
 .text._ZN10picosystem5ALPHAEPtllS0_m
                0x10000dac      0x110 CMakeFiles/colour.dir/__/__/libraries/blend.cpp.obj
                0x10000dac                picosystem::ALPHA(unsigned short*, long, long, unsigned short*, unsigned long)
 .text._ZN10picosystem4COPYEPtllS0_m
                0x10000ebc       0xe8 CMakeFiles/colour.dir/__/__/libraries/blend.cpp.obj
                0x10000ebc                picosystem::COPY(unsigned short*, long, long, unsigned short*, unsigned long)
 .text._ZN10picosystem5voiceEmmmmlmmmm
                0x10000fa4       0x24 CMakeFiles/colour.dir/__/__/libraries/audio.cpp.obj
                0x10000fa4                picosystem::voice(unsigned long, unsigned long, unsigned long, unsigned long, long, unsigned long, unsigned long, unsigned long, unsigned long)
 .text._ZN10picosystem4playENS_7voice_tEmmm
                0x10000fc8       0x5c CMakeFiles/colour.dir/__/__/libraries/audio.cpp.obj
                0x10000fc8                picosystem::play(picosystem::voice_t, unsigned long, unsigned long, unsigned long)
 .text._ZN10picosystem12audio_sampleEm
                0x10001024      0x154 CMakeFiles/colour.dir/__/__/libraries/audio.cpp.obj
                0x10001024                picosystem::audio_sample(unsigned long)
 .text._ZN10picosystem13_update_audioEv
                0x10001178      0x1ac CMakeFiles/colour.dir/__/__/libraries/audio.cpp.obj
                0x10001178                picosystem::_update_audio()
 .text._ZN10picosystem3penEv
                0x10001324       0x18 CMakeFiles/colour.dir/__/__/libraries/state.cpp.obj
                0x10001324                picosystem::pen()
 .text._ZN10picosystem3penEhhhh
                0x1000133c       0x10 CMakeFiles/colour.dir/__/__/libraries/state.cpp.obj
                0x1000133c                picosystem::pen(unsigned char, unsigned char, unsigned char, unsigned char)
 .text._ZN10picosystem3penEt
                0x1000134c        0xc CMakeFiles/colour.dir/__/__/libraries/state.cpp.obj
                0x1000134c                picosystem::pen(unsigned short)
 .text._ZN10picosystem5alphaEv
                0x10001358        0xc CMakeFiles/colour.dir/__/__/libraries/state.cpp.obj
                0x10001358                picosystem::alpha()
 .text._ZN10picosystem4clipEv
                0x10001364       0x30 CMakeFiles/colour.dir/__/__/libraries/state.cpp.obj
                0x10001364                picosystem::clip()
 .text._ZN10picosystem5blendEv
                0x10001394       0x10 CMakeFiles/colour.dir/__/__/libraries/state.cpp.obj
                0x10001394                picosystem::blend()
 .text._ZN10picosystem5blendEPFvPtllS0_mE
                0x100013a4        0xc CMakeFiles/colour.dir/__/__/libraries/state.cpp.obj
                0x100013a4                picosystem::blend(void (*)(unsigned short*, long, long, unsigned short*, unsigned long))
 .text._ZN10picosystem6targetEv
                0x100013b0       0x38 CMakeFiles/colour.dir/__/__/libraries/state.cpp.obj
                0x100013b0                picosystem::target()
 .text._ZN10picosystem6targetEPNS_8buffer_tE
                0x100013e8       0x30 CMakeFiles/colour.dir/__/__/libraries/state.cpp.obj
                0x100013e8                picosystem::target(picosystem::buffer_t*)
 .text._ZN10picosystem6cameraEv
                0x10001418       0x14 CMakeFiles/colour.dir/__/__/libraries/state.cpp.obj
                0x10001418                picosystem::camera()
 .text._ZN10picosystem14_camera_offsetERlS0_
                0x1000142c       0x20 CMakeFiles/colour.dir/__/__/libraries/state.cpp.obj
                0x1000142c                picosystem::_camera_offset(long&, long&)
 .text._ZN10picosystem14_camera_offsetEb
                0x1000144c       0x3c CMakeFiles/colour.dir/__/__/libraries/state.cpp.obj
                0x1000144c                picosystem::_camera_offset(bool)
 .text._ZN10picosystem6cursorEv
                0x10001488       0x14 CMakeFiles/colour.dir/__/__/libraries/state.cpp.obj
                0x10001488                picosystem::cursor()
 .text._ZN10picosystem5pixelEll
                0x1000149c       0x74 CMakeFiles/colour.dir/__/__/libraries/primitives.cpp.obj
                0x1000149c                picosystem::pixel(long, long)
 .text._ZN10picosystem5hlineElll
                0x10001510       0x8c CMakeFiles/colour.dir/__/__/libraries/primitives.cpp.obj
                0x10001510                picosystem::hline(long, long, long)
 .text._ZN10picosystem5vlineElll
                0x1000159c       0xb8 CMakeFiles/colour.dir/__/__/libraries/primitives.cpp.obj
                0x1000159c                picosystem::vline(long, long, long)
 .text._ZN10picosystem4rectEllll
                0x10001654       0x5c CMakeFiles/colour.dir/__/__/libraries/primitives.cpp.obj
                0x10001654                picosystem::rect(long, long, long, long)
 .text._ZN10picosystem5frectEllll
                0x100016b0       0xa8 CMakeFiles/colour.dir/__/__/libraries/primitives.cpp.obj
                0x100016b0                picosystem::frect(long, long, long, long)
 .text._ZN10picosystem5clearEv
                0x10001758       0x28 CMakeFiles/colour.dir/__/__/libraries/primitives.cpp.obj
                0x10001758                picosystem::clear()
 .text._ZN10picosystem4blitEPNS_8buffer_tEllllllm
                0x10001780      0x1b8 CMakeFiles/colour.dir/__/__/libraries/primitives.cpp.obj
                0x10001780                picosystem::blit(picosystem::buffer_t*, long, long, long, long, long, long, unsigned long)
 .text._ZN10picosystem6spriteEmll
                0x10001938       0x3c CMakeFiles/colour.dir/__/__/libraries/primitives.cpp.obj
                0x10001938                picosystem::sprite(unsigned long, long, long)
 .text._ZN10picosystem4textERKc
                0x10001974       0xe0 CMakeFiles/colour.dir/__/__/libraries/text.cpp.obj
                0x10001974                picosystem::text(char const&)
 .text._ZN10picosystem17_skip_escape_codeERKNSt7__cxx1112basic_stringIcSt11char_traitsIcESaIcEEERj
                0x10001a54       0x48 CMakeFiles/colour.dir/__/__/libraries/text.cpp.obj
                0x10001a54                picosystem::_skip_escape_code(std::__cxx11::basic_string<char, std::char_traits<char>, std::allocator<char> > const&, unsigned int&)
 .text._ZN10picosystem18_parse_escape_codeERKNSt7__cxx1112basic_stringIcSt11char_traitsIcESaIcEEERj
                0x10001a9c      0x21c CMakeFiles/colour.dir/__/__/libraries/text.cpp.obj
                0x10001a9c                picosystem::_parse_escape_code(std::__cxx11::basic_string<char, std::char_traits<char>, std::allocator<char> > const&, unsigned int&)
 .text._ZN10picosystem4textERKNSt7__cxx1112basic_stringIcSt11char_traitsIcESaIcEEEl
                0x10001cb8      0x17c CMakeFiles/colour.dir/__/__/libraries/text.cpp.obj
                0x10001cb8                picosystem::text(std::__cxx11::basic_string<char, std::char_traits<char>, std::allocator<char> > const&, long)
 .text._ZN10picosystem4textERKNSt7__cxx1112basic_stringIcSt11char_traitsIcESaIcEEElll
                0x10001e34       0x34 CMakeFiles/colour.dir/__/__/libraries/text.cpp.obj
                0x10001e34                picosystem::text(std::__cxx11::basic_string<char, std::char_traits<char>, std::allocator<char> > const&, long, long, long)
 .text._ZN10picosystem3strB5cxx11Em
                0x10001e68       0x70 CMakeFiles/colour.dir/__/__/libraries/utility.cpp.obj
                0x10001e68                picosystem::str[abi:cxx11](unsigned long)
 .text._ZN10picosystem3rgbEhhhh
                0x10001ed8       0x20 CMakeFiles/colour.dir/__/__/libraries/utility.cpp.obj
                0x10001ed8                picosystem::rgb(unsigned char, unsigned char, unsigned char, unsigned char)
 .text._ZN10picosystem6bufferEmmPv
                0x10001ef8       0x54 CMakeFiles/colour.dir/__/__/libraries/utility.cpp.obj
                0x10001ef8                picosystem::buffer(unsigned long, unsigned long, void*)
 .text._ZN10picosystem10intersectsEllllllll
                0x10001f4c       0x38 CMakeFiles/colour.dir/__/__/libraries/utility.cpp.obj
                0x10001f4c                picosystem::intersects(long, long, long, long, long, long, long, long)
 .text._ZN10picosystem12intersectionERlS0_S0_S0_llll
                0x10001f84       0x6c CMakeFiles/colour.dir/__/__/libraries/utility.cpp.obj
                0x10001f84                picosystem::intersection(long&, long&, long&, long&, long, long, long, long)
 .text._ZN10picosystem8containsEllllll
                0x10001ff0       0x2c CMakeFiles/colour.dir/__/__/libraries/utility.cpp.obj
                0x10001ff0                picosystem::contains(long, long, long, long, long, long)
 .text._ZN10picosystem22_audio_update_callbackEP15repeating_timer
                0x1000201c        0xc CMakeFiles/colour.dir/__/__/libraries/hardware.cpp.obj
                0x1000201c                picosystem::_audio_update_callback(repeating_timer*)
 .text._ZN10picosystem12dma_completeEv
                0x10002028       0xa0 CMakeFiles/colour.dir/__/__/libraries/hardware.cpp.obj
                0x10002028                picosystem::dma_complete()
 .text._ZN10picosystem6buttonEm
                0x100020c8       0x18 CMakeFiles/colour.dir/__/__/libraries/hardware.cpp.obj
                0x100020c8                picosystem::button(unsigned long)
 .text._ZN10picosystem4timeEv
                0x100020e0       0x20 CMakeFiles/colour.dir/__/__/libraries/hardware.cpp.obj
                0x100020e0                picosystem::time()
 .text._ZN10picosystem7time_usEv
                0x10002100        0x8 CMakeFiles/colour.dir/__/__/libraries/hardware.cpp.obj
                0x10002100                picosystem::time_us()
 .text._ZN10picosystem11_wait_vsyncEv
                0x10002108       0x20 CMakeFiles/colour.dir/__/__/libraries/hardware.cpp.obj
                0x10002108                picosystem::_wait_vsync()
 .text._ZN10picosystem12_is_flippingEv
                0x10002128        0xc CMakeFiles/colour.dir/__/__/libraries/hardware.cpp.obj
                0x10002128                picosystem::_is_flipping()
 .text._ZN10picosystem5_flipEv
                0x10002134       0x70 CMakeFiles/colour.dir/__/__/libraries/hardware.cpp.obj
                0x10002134                picosystem::_flip()
 .text._ZN10picosystem19screen_program_initEP8pio_hw_tj
                0x100021a4       0xf8 CMakeFiles/colour.dir/__/__/libraries/hardware.cpp.obj
                0x100021a4                picosystem::screen_program_init(pio_hw_t*, unsigned int)
 .text._ZN10picosystem9backlightEh
                0x1000229c       0x48 CMakeFiles/colour.dir/__/__/libraries/hardware.cpp.obj
                0x1000229c                picosystem::backlight(unsigned char)
 .text._ZN10picosystem10_play_noteEmm
                0x100022e4       0xc0 CMakeFiles/colour.dir/__/__/libraries/hardware.cpp.obj
                0x100022e4                picosystem::_play_note(unsigned long, unsigned long)
 .text._ZN10picosystem9_gpio_getEv
                0x100023a4        0x8 CMakeFiles/colour.dir/__/__/libraries/hardware.cpp.obj
                0x100023a4                picosystem::_gpio_get()
 .text._ZN10picosystem12_start_audioEv
                0x100023ac       0x30 CMakeFiles/colour.dir/__/__/libraries/hardware.cpp.obj
                0x100023ac                picosystem::_start_audio()
 .text._ZN10picosystem14_init_hardwareEv
                0x100023dc      0x5a4 CMakeFiles/colour.dir/__/__/libraries/hardware.cpp.obj
                0x100023dc                picosystem::_init_hardware()
 .text.set_sys_clock_pll
                0x10002980       0x78 CMakeFiles/colour.dir/home/tom/Coding/PicoSystem/pico-sdk/src/rp2_common/pico_stdlib/stdlib.c.obj
                0x10002980                set_sys_clock_pll
 .text.check_sys_clock_khz
                0x100029f8      0x228 CMakeFiles/colour.dir/home/tom/Coding/PicoSystem/pico-sdk/src/rp2_common/pico_stdlib/stdlib.c.obj
                0x100029f8                check_sys_clock_khz
 .text.gpio_set_function
                0x10002c20       0x30 CMakeFiles/colour.dir/home/tom/Coding/PicoSystem/pico-sdk/src/rp2_common/hardware_gpio/gpio.c.obj
                0x10002c20                gpio_set_function
 .text.gpio_set_pulls
                0x10002c50       0x24 CMakeFiles/colour.dir/home/tom/Coding/PicoSystem/pico-sdk/src/rp2_common/hardware_gpio/gpio.c.obj
                0x10002c50                gpio_set_pulls
 .text.gpio_set_input_enabled
                0x10002c74       0x28 CMakeFiles/colour.dir/home/tom/Coding/PicoSystem/pico-sdk/src/rp2_common/hardware_gpio/gpio.c.obj
                0x10002c74                gpio_set_input_enabled
 .text.gpio_init
                0x10002c9c       0x3c CMakeFiles/colour.dir/home/tom/Coding/PicoSystem/pico-sdk/src/rp2_common/hardware_gpio/gpio.c.obj
                0x10002c9c                gpio_init
 .text.running_on_fpga
                0x10002cd8       0x10 CMakeFiles/colour.dir/home/tom/Coding/PicoSystem/pico-sdk/src/rp2_common/pico_platform/platform.c.obj
                0x10002cd8                running_on_fpga
 .text.hw_claim_lock
                0x10002ce8       0x18 CMakeFiles/colour.dir/home/tom/Coding/PicoSystem/pico-sdk/src/rp2_common/hardware_claim/claim.c.obj
                0x10002ce8                hw_claim_lock
 .text.hw_claim_unlock
                0x10002d00       0x14 CMakeFiles/colour.dir/home/tom/Coding/PicoSystem/pico-sdk/src/rp2_common/hardware_claim/claim.c.obj
                0x10002d00                hw_claim_unlock
 .text.hw_claim_or_assert
                0x10002d14       0x44 CMakeFiles/colour.dir/home/tom/Coding/PicoSystem/pico-sdk/src/rp2_common/hardware_claim/claim.c.obj
                0x10002d14                hw_claim_or_assert
 .text.spin_locks_reset
                0x10002d58       0x1c CMakeFiles/colour.dir/home/tom/Coding/PicoSystem/pico-sdk/src/rp2_common/hardware_sync/sync.c.obj
                0x10002d58                spin_locks_reset
 .text.next_striped_spin_lock_num
                0x10002d74       0x18 CMakeFiles/colour.dir/home/tom/Coding/PicoSystem/pico-sdk/src/rp2_common/hardware_sync/sync.c.obj
                0x10002d74                next_striped_spin_lock_num
 .text.irq_set_enabled
                0x10002d8c       0x24 CMakeFiles/colour.dir/home/tom/Coding/PicoSystem/pico-sdk/src/rp2_common/hardware_irq/irq.c.obj
                0x10002d8c                irq_set_enabled
 .text.irq_get_vtable_handler
                0x10002db0       0x10 CMakeFiles/colour.dir/home/tom/Coding/PicoSystem/pico-sdk/src/rp2_common/hardware_irq/irq.c.obj
                0x10002db0                irq_get_vtable_handler
 .text.irq_set_exclusive_handler
                0x10002dc0       0x54 CMakeFiles/colour.dir/home/tom/Coding/PicoSystem/pico-sdk/src/rp2_common/hardware_irq/irq.c.obj
                0x10002dc0                irq_set_exclusive_handler
 .text.irq_remove_handler
                0x10002e14      0x1c4 CMakeFiles/colour.dir/home/tom/Coding/PicoSystem/pico-sdk/src/rp2_common/hardware_irq/irq.c.obj
                0x10002e14                irq_remove_handler
 .text.irq_add_tail_to_free_list
                0x10002fd8       0xb4 CMakeFiles/colour.dir/home/tom/Coding/PicoSystem/pico-sdk/src/rp2_common/hardware_irq/irq.c.obj
                0x10002fd8                irq_add_tail_to_free_list
 .text.irq_init_priorities
                0x1000308c       0x24 CMakeFiles/colour.dir/home/tom/Coding/PicoSystem/pico-sdk/src/rp2_common/hardware_irq/irq.c.obj
                0x1000308c                irq_init_priorities
 .text.lock_init
                0x100030b0       0x10 CMakeFiles/colour.dir/home/tom/Coding/PicoSystem/pico-sdk/src/common/pico_sync/lock_core.c.obj
                0x100030b0                lock_init
 .text.mutex_init
                0x100030c0       0x1c CMakeFiles/colour.dir/home/tom/Coding/PicoSystem/pico-sdk/src/common/pico_sync/mutex.c.obj
                0x100030c0                mutex_init
 .text.recursive_mutex_init
                0x100030dc       0x1c CMakeFiles/colour.dir/home/tom/Coding/PicoSystem/pico-sdk/src/common/pico_sync/mutex.c.obj
                0x100030dc                recursive_mutex_init
 .text.timer_pool_entry_comparator
                0x100030f8       0x34 CMakeFiles/colour.dir/home/tom/Coding/PicoSystem/pico-sdk/src/common/pico_time/time.c.obj
                0x100030f8                timer_pool_entry_comparator
 .text.repeating_timer_callback
                0x1000312c       0x1c CMakeFiles/colour.dir/home/tom/Coding/PicoSystem/pico-sdk/src/common/pico_time/time.c.obj
 .text.sleep_until_callback
                0x10003148       0x30 CMakeFiles/colour.dir/home/tom/Coding/PicoSystem/pico-sdk/src/common/pico_time/time.c.obj
 .text.add_alarm_under_lock.isra.0
                0x10003178      0x100 CMakeFiles/colour.dir/home/tom/Coding/PicoSystem/pico-sdk/src/common/pico_time/time.c.obj
 .text.alarm_pool_alarm_callback
                0x10003278      0x1bc CMakeFiles/colour.dir/home/tom/Coding/PicoSystem/pico-sdk/src/common/pico_time/time.c.obj
 .text.alarm_pool_init_default
                0x10003434       0x6c CMakeFiles/colour.dir/home/tom/Coding/PicoSystem/pico-sdk/src/common/pico_time/time.c.obj
                0x10003434                alarm_pool_init_default
 .text.alarm_pool_get_default
                0x100034a0        0x8 CMakeFiles/colour.dir/home/tom/Coding/PicoSystem/pico-sdk/src/common/pico_time/time.c.obj
                0x100034a0                alarm_pool_get_default
 .text.alarm_pool_add_alarm_at
                0x100034a8      0x17c CMakeFiles/colour.dir/home/tom/Coding/PicoSystem/pico-sdk/src/common/pico_time/time.c.obj
                0x100034a8                alarm_pool_add_alarm_at
 .text.alarm_pool_cancel_alarm
                0x10003624       0x68 CMakeFiles/colour.dir/home/tom/Coding/PicoSystem/pico-sdk/src/common/pico_time/time.c.obj
                0x10003624                alarm_pool_cancel_alarm
 .text.alarm_pool_add_repeating_timer_us
                0x1000368c      0x20c CMakeFiles/colour.dir/home/tom/Coding/PicoSystem/pico-sdk/src/common/pico_time/time.c.obj
                0x1000368c                alarm_pool_add_repeating_timer_us
 .text.sleep_until
                0x10003898       0xc4 CMakeFiles/colour.dir/home/tom/Coding/PicoSystem/pico-sdk/src/common/pico_time/time.c.obj
                0x10003898                sleep_until
 .text.sleep_ms
                0x1000395c       0x38 CMakeFiles/colour.dir/home/tom/Coding/PicoSystem/pico-sdk/src/common/pico_time/time.c.obj
                0x1000395c                sleep_ms
 .text.best_effort_wfe_or_timeout
                0x10003994       0x60 CMakeFiles/colour.dir/home/tom/Coding/PicoSystem/pico-sdk/src/common/pico_time/time.c.obj
                0x10003994                best_effort_wfe_or_timeout
 .text.hardware_alarm_irq_handler
                0x100039f4       0xbc CMakeFiles/colour.dir/home/tom/Coding/PicoSystem/pico-sdk/src/rp2_common/hardware_timer/timer.c.obj
 .text.hardware_alarm_claim
                0x10003ab0       0x18 CMakeFiles/colour.dir/home/tom/Coding/PicoSystem/pico-sdk/src/rp2_common/hardware_timer/timer.c.obj
                0x10003ab0                hardware_alarm_claim
 .text.time_us_64
                0x10003ac8       0x14 CMakeFiles/colour.dir/home/tom/Coding/PicoSystem/pico-sdk/src/rp2_common/hardware_timer/timer.c.obj
                0x10003ac8                time_us_64
 .text.busy_wait_us
                0x10003adc       0x68 CMakeFiles/colour.dir/home/tom/Coding/PicoSystem/pico-sdk/src/rp2_common/hardware_timer/timer.c.obj
                0x10003adc                busy_wait_us
 .text.busy_wait_until
                0x10003b44       0x20 CMakeFiles/colour.dir/home/tom/Coding/PicoSystem/pico-sdk/src/rp2_common/hardware_timer/timer.c.obj
                0x10003b44                busy_wait_until
 .text.hardware_alarm_set_callback
                0x10003b64       0x8c CMakeFiles/colour.dir/home/tom/Coding/PicoSystem/pico-sdk/src/rp2_common/hardware_timer/timer.c.obj
                0x10003b64                hardware_alarm_set_callback
 .text.hardware_alarm_set_target
                0x10003bf0       0xdc CMakeFiles/colour.dir/home/tom/Coding/PicoSystem/pico-sdk/src/rp2_common/hardware_timer/timer.c.obj
                0x10003bf0                hardware_alarm_set_target
 .text.hardware_alarm_cancel
                0x10003ccc       0x3c CMakeFiles/colour.dir/home/tom/Coding/PicoSystem/pico-sdk/src/rp2_common/hardware_timer/timer.c.obj
                0x10003ccc                hardware_alarm_cancel
 .text.ph_merge_nodes
                0x10003d08       0x58 CMakeFiles/colour.dir/home/tom/Coding/PicoSystem/pico-sdk/src/common/pico_util/pheap.c.obj
 .text.ph_post_alloc_init
                0x10003d60       0x3c CMakeFiles/colour.dir/home/tom/Coding/PicoSystem/pico-sdk/src/common/pico_util/pheap.c.obj
                0x10003d60                ph_post_alloc_init
 .text.ph_merge_two_pass
                0x10003d9c       0x8c CMakeFiles/colour.dir/home/tom/Coding/PicoSystem/pico-sdk/src/common/pico_util/pheap.c.obj
                0x10003d9c                ph_merge_two_pass
 .text.ph_remove_any_head
                0x10003e28      0x100 CMakeFiles/colour.dir/home/tom/Coding/PicoSystem/pico-sdk/src/common/pico_util/pheap.c.obj
 .text.ph_remove_head
                0x10003f28      0x104 CMakeFiles/colour.dir/home/tom/Coding/PicoSystem/pico-sdk/src/common/pico_util/pheap.c.obj
                0x10003f28                ph_remove_head
 .text.ph_remove_and_free_node
                0x1000402c       0x78 CMakeFiles/colour.dir/home/tom/Coding/PicoSystem/pico-sdk/src/common/pico_util/pheap.c.obj
                0x1000402c                ph_remove_and_free_node
 .text.clock_configure
                0x100040a4      0x110 CMakeFiles/colour.dir/home/tom/Coding/PicoSystem/pico-sdk/src/rp2_common/hardware_clocks/clocks.c.obj
                0x100040a4                clock_configure
 .text.clocks_init
                0x100041b4      0x2b4 CMakeFiles/colour.dir/home/tom/Coding/PicoSystem/pico-sdk/src/rp2_common/hardware_clocks/clocks.c.obj
                0x100041b4                clocks_init
 .text.clock_get_hz
                0x10004468        0xc CMakeFiles/colour.dir/home/tom/Coding/PicoSystem/pico-sdk/src/rp2_common/hardware_clocks/clocks.c.obj
                0x10004468                clock_get_hz
 .text.pll_init
                0x10004474       0xac CMakeFiles/colour.dir/home/tom/Coding/PicoSystem/pico-sdk/src/rp2_common/hardware_pll/pll.c.obj
                0x10004474                pll_init
 .text.vreg_set_voltage
                0x10004520       0x1c CMakeFiles/colour.dir/home/tom/Coding/PicoSystem/pico-sdk/src/rp2_common/hardware_vreg/vreg.c.obj
                0x10004520                vreg_set_voltage
 .text.watchdog_start_tick
                0x1000453c       0x10 CMakeFiles/colour.dir/home/tom/Coding/PicoSystem/pico-sdk/src/rp2_common/hardware_watchdog/watchdog.c.obj
                0x1000453c                watchdog_start_tick
 .text.xosc_init
                0x1000454c       0x28 CMakeFiles/colour.dir/home/tom/Coding/PicoSystem/pico-sdk/src/rp2_common/hardware_xosc/xosc.c.obj
                0x1000454c                xosc_init
 .text.runtime_init
                0x10004574       0xf0 CMakeFiles/colour.dir/home/tom/Coding/PicoSystem/pico-sdk/src/rp2_common/pico_runtime/runtime.c.obj
                0x10004574                runtime_init
 .text._exit    0x10004664        0x4 CMakeFiles/colour.dir/home/tom/Coding/PicoSystem/pico-sdk/src/rp2_common/pico_runtime/runtime.c.obj
                0x10004664                _exit
 .text._sbrk    0x10004668       0x34 CMakeFiles/colour.dir/home/tom/Coding/PicoSystem/pico-sdk/src/rp2_common/pico_runtime/runtime.c.obj
                0x10004668                _sbrk
 .text._getpid  0x1000469c        0x4 CMakeFiles/colour.dir/home/tom/Coding/PicoSystem/pico-sdk/src/rp2_common/pico_runtime/runtime.c.obj
                0x1000469c                _getpid
 .text._kill    0x100046a0        0x8 CMakeFiles/colour.dir/home/tom/Coding/PicoSystem/pico-sdk/src/rp2_common/pico_runtime/runtime.c.obj
                0x100046a0                _kill
 .text.exit     0x100046a8        0x8 CMakeFiles/colour.dir/home/tom/Coding/PicoSystem/pico-sdk/src/rp2_common/pico_runtime/runtime.c.obj
                0x100046a8                exit
 .text.panic    0x100046b0       0x30 CMakeFiles/colour.dir/home/tom/Coding/PicoSystem/pico-sdk/src/rp2_common/pico_runtime/runtime.c.obj
                0x100046b0                panic
 .text.hard_assertion_failure
                0x100046e0        0xc CMakeFiles/colour.dir/home/tom/Coding/PicoSystem/pico-sdk/src/rp2_common/pico_runtime/runtime.c.obj
                0x100046e0                hard_assertion_failure
 .text._out_buffer
                0x100046ec        0x8 CMakeFiles/colour.dir/home/tom/Coding/PicoSystem/pico-sdk/src/rp2_common/pico_printf/printf.c.obj
 .text._out_null
                0x100046f4        0x4 CMakeFiles/colour.dir/home/tom/Coding/PicoSystem/pico-sdk/src/rp2_common/pico_printf/printf.c.obj
 .text._out_rev
                0x100046f8       0xac CMakeFiles/colour.dir/home/tom/Coding/PicoSystem/pico-sdk/src/rp2_common/pico_printf/printf.c.obj
 .text._ntoa_format
                0x100047a4      0x250 CMakeFiles/colour.dir/home/tom/Coding/PicoSystem/pico-sdk/src/rp2_common/pico_printf/printf.c.obj
 .text._out_char
                0x100049f4       0x10 CMakeFiles/colour.dir/home/tom/Coding/PicoSystem/pico-sdk/src/rp2_common/pico_printf/printf.c.obj
 .text._etoa    0x10004a04      0x464 CMakeFiles/colour.dir/home/tom/Coding/PicoSystem/pico-sdk/src/rp2_common/pico_printf/printf.c.obj
 .text._ftoa    0x10004e68      0x3c0 CMakeFiles/colour.dir/home/tom/Coding/PicoSystem/pico-sdk/src/rp2_common/pico_printf/printf.c.obj
 .text._vsnprintf
                0x10005228      0xbc8 CMakeFiles/colour.dir/home/tom/Coding/PicoSystem/pico-sdk/src/rp2_common/pico_printf/printf.c.obj
 .text.__wrap_sprintf
                0x10005df0       0x2c CMakeFiles/colour.dir/home/tom/Coding/PicoSystem/pico-sdk/src/rp2_common/pico_printf/printf.c.obj
                0x10005df0                __wrap_sprintf
 .text.__wrap_snprintf
                0x10005e1c       0x28 CMakeFiles/colour.dir/home/tom/Coding/PicoSystem/pico-sdk/src/rp2_common/pico_printf/printf.c.obj
                0x10005e1c                __wrap_snprintf
 .text.weak_raw_vprintf
                0x10005e44       0x30 CMakeFiles/colour.dir/home/tom/Coding/PicoSystem/pico-sdk/src/rp2_common/pico_printf/printf.c.obj
                0x10005e44                weak_raw_vprintf
 .text          0x10005e74       0x10 CMakeFiles/colour.dir/home/tom/Coding/PicoSystem/pico-sdk/src/rp2_common/pico_bit_ops/bit_ops_aeabi.S.obj
 .text.ctzsi    0x10005e84        0xc CMakeFiles/colour.dir/home/tom/Coding/PicoSystem/pico-sdk/src/rp2_common/pico_bit_ops/bit_ops_aeabi.S.obj
                0x10005e84                __wrap___ctzsi2
 .text.rom_func_lookup
                0x10005e90       0x10 CMakeFiles/colour.dir/home/tom/Coding/PicoSystem/pico-sdk/src/rp2_common/pico_bootrom/bootrom.c.obj
                0x10005e90                rom_func_lookup
 .text.rom_data_lookup
                0x10005ea0       0x10 CMakeFiles/colour.dir/home/tom/Coding/PicoSystem/pico-sdk/src/rp2_common/pico_bootrom/bootrom.c.obj
                0x10005ea0                rom_data_lookup
 .text.rom_funcs_lookup
                0x10005eb0       0x44 CMakeFiles/colour.dir/home/tom/Coding/PicoSystem/pico-sdk/src/rp2_common/pico_bootrom/bootrom.c.obj
                0x10005eb0                rom_funcs_lookup
 .text.__wrap___aeabi_idiv
                0x10005ef4       0x50 CMakeFiles/colour.dir/home/tom/Coding/PicoSystem/pico-sdk/src/rp2_common/pico_divider/divider.S.obj
                0x10005ef4                __wrap___aeabi_idivmod
                0x10005ef4                divmod_s32s32
                0x10005ef4                div_s32s32
                0x10005ef4                __wrap___aeabi_idiv
                0x10005efc                divmod_s32s32_unsafe
                0x10005f28                divmod_s32s32_savestate
 .text.__wrap___aeabi_uidiv
                0x10005f44       0x4c CMakeFiles/colour.dir/home/tom/Coding/PicoSystem/pico-sdk/src/rp2_common/pico_divider/divider.S.obj
                0x10005f44                __wrap___aeabi_uidiv
                0x10005f44                __wrap___aeabi_uidivmod
                0x10005f44                div_u32u32
                0x10005f44                divmod_u32u32
                0x10005f4c                divmod_u32u32_unsafe
                0x10005f74                divmod_u32u32_savestate
 .text.__wrap___aeabi_ldiv
                0x10005f90      0x424 CMakeFiles/colour.dir/home/tom/Coding/PicoSystem/pico-sdk/src/rp2_common/pico_divider/divider.S.obj
                0x10005f90                div_s64s64
                0x10005f90                divmod_s64s64
                0x10005f90                __wrap___aeabi_ldivmod
                0x10005fc0                div_u64u64
                0x10005fc0                divmod_u64u64
                0x10005fc0                __wrap___aeabi_uldivmod
                0x10005fd0                divmod_u64u64_savestate
                0x10005ff0                divmod_s64s64_unsafe
                0x10006078                divmod_u64u64_unsafe
 .text.__wrap___aeabi_darithmetic
                0x100063b4       0x80 CMakeFiles/colour.dir/home/tom/Coding/PicoSystem/pico-sdk/src/rp2_common/pico_double/double_aeabi.S.obj
                0x100063b4                __wrap___aeabi_drsub
                0x100063ba                __wrap___aeabi_dsub
                0x100063cc                __wrap___aeabi_dadd
                0x100063de                __wrap___aeabi_ddiv
                0x1000641a                __wrap___aeabi_dmul
 .text.__wrap___aeabi_cdcmple
                0x10006434       0x6c CMakeFiles/colour.dir/home/tom/Coding/PicoSystem/pico-sdk/src/rp2_common/pico_double/double_aeabi.S.obj
                0x10006434                __wrap___aeabi_cdrcmple
                0x10006444                __wrap___aeabi_cdcmple
                0x10006444                __wrap___aeabi_cdcmpeq
 .text.__wrap___aeabi_dcmplt
                0x100064a0        0xc CMakeFiles/colour.dir/home/tom/Coding/PicoSystem/pico-sdk/src/rp2_common/pico_double/double_aeabi.S.obj
                0x100064a0                __wrap___aeabi_dcmplt
 .text.__wrap___aeabi_dcmpge
                0x100064ac       0x10 CMakeFiles/colour.dir/home/tom/Coding/PicoSystem/pico-sdk/src/rp2_common/pico_double/double_aeabi.S.obj
                0x100064ac                __wrap___aeabi_dcmpge
 .text.__wrap___aeabi_dcmpgt
                0x100064bc        0xa CMakeFiles/colour.dir/home/tom/Coding/PicoSystem/pico-sdk/src/rp2_common/pico_double/double_aeabi.S.obj
                0x100064bc                __wrap___aeabi_dcmpgt
 .text.__wrap___aeabi_dcmpun
                0x100064c6       0x1c CMakeFiles/colour.dir/home/tom/Coding/PicoSystem/pico-sdk/src/rp2_common/pico_double/double_aeabi.S.obj
                0x100064c6                __wrap___aeabi_dcmpun
 *fill*         0x100064e2        0x2 
 .text.__wrap___aeabi_i2d
                0x100064e4       0x38 CMakeFiles/colour.dir/home/tom/Coding/PicoSystem/pico-sdk/src/rp2_common/pico_double/double_aeabi.S.obj
                0x100064e4                __wrap___aeabi_ui2d
                0x100064ec                __wrap___aeabi_i2d
 .text.__wrap___aeabi_d2iz
                0x1000651c       0x48 CMakeFiles/colour.dir/home/tom/Coding/PicoSystem/pico-sdk/src/rp2_common/pico_double/double_aeabi.S.obj
                0x1000651c                __wrap___aeabi_d2iz
                0x1000651c                double2int_z
 .text.__wrap___aeabi_d2uiz
                0x10006564       0x18 CMakeFiles/colour.dir/home/tom/Coding/PicoSystem/pico-sdk/src/rp2_common/pico_double/double_aeabi.S.obj
                0x10006564                double2uint
                0x10006564                __wrap___aeabi_d2uiz
 .text.__wrap___aeabi_d2f
                0x1000657c       0x18 CMakeFiles/colour.dir/home/tom/Coding/PicoSystem/pico-sdk/src/rp2_common/pico_double/double_aeabi.S.obj
                0x1000657c                __wrap___aeabi_d2f
 .text.__wrap_exp
                0x10006594       0x18 CMakeFiles/colour.dir/home/tom/Coding/PicoSystem/pico-sdk/src/rp2_common/pico_double/double_aeabi.S.obj
                0x10006594                __wrap_exp
 .text.__wrap_log
                0x100065ac       0x18 CMakeFiles/colour.dir/home/tom/Coding/PicoSystem/pico-sdk/src/rp2_common/pico_double/double_aeabi.S.obj
                0x100065ac                __wrap_log
 .text.__aeabi_double_init
                0x100065c4       0x98 CMakeFiles/colour.dir/home/tom/Coding/PicoSystem/pico-sdk/src/rp2_common/pico_double/double_init_rom.c.obj
                0x100065c4                __aeabi_double_init
 .text.double_table_shim_on_use_helper
                0x1000665c       0x2c CMakeFiles/colour.dir/home/tom/Coding/PicoSystem/pico-sdk/src/rp2_common/pico_double/double_v1_rom_shim.S.obj
                0x1000665c                double_table_shim_on_use_helper
 .text.__wrap___aeabi_dsub
                0x10006688       0x10 CMakeFiles/colour.dir/home/tom/Coding/PicoSystem/pico-sdk/src/rp2_common/pico_double/double_v1_rom_shim.S.obj
                0x10006688                drsub_shim
                0x1000668e                dsub_shim
 .text.dadd_shim
                0x10006698      0x15c CMakeFiles/colour.dir/home/tom/Coding/PicoSystem/pico-sdk/src/rp2_common/pico_double/double_v1_rom_shim.S.obj
                0x10006698                dadd_shim
 .text.dmul_shim
                0x100067f4      0x15c CMakeFiles/colour.dir/home/tom/Coding/PicoSystem/pico-sdk/src/rp2_common/pico_double/double_v1_rom_shim.S.obj
                0x100067f4                dmul_shim
 .text.ddiv_shim
                0x10006950      0x1b0 CMakeFiles/colour.dir/home/tom/Coding/PicoSystem/pico-sdk/src/rp2_common/pico_double/double_v1_rom_shim.S.obj
                0x10006950                ddiv_shim
 .text.double2uint_shim
                0x10006b00        0xe CMakeFiles/colour.dir/home/tom/Coding/PicoSystem/pico-sdk/src/rp2_common/pico_double/double_v1_rom_shim.S.obj
                0x10006b00                double2uint_shim
                0x10006b02                double2ufix_shim
 *fill*         0x10006b0e        0x2 
 .text.double2uint64_shim
                0x10006b10       0x70 CMakeFiles/colour.dir/home/tom/Coding/PicoSystem/pico-sdk/src/rp2_common/pico_double/double_v1_rom_shim.S.obj
                0x10006b10                double2uint64_shim
                0x10006b12                double2ufix64_shim
                0x10006b32                d2fix_a
 .text.double2float_shim
                0x10006b80       0x5c CMakeFiles/colour.dir/home/tom/Coding/PicoSystem/pico-sdk/src/rp2_common/pico_double/double_v1_rom_shim.S.obj
                0x10006b80                double2float_shim
 .text.x2double_shims
                0x10006bdc       0x90 CMakeFiles/colour.dir/home/tom/Coding/PicoSystem/pico-sdk/src/rp2_common/pico_double/double_v1_rom_shim.S.obj
                0x10006bdc                uint2double_shim
                0x10006bde                ufix2double_shim
                0x10006be4                int2double_shim
                0x10006be6                fix2double_shim
                0x10006bec                uint642double_shim
                0x10006bee                ufix642double_shim
                0x10006bf4                int642double_shim
                0x10006bf6                fix642double_shim
 .text.dunpacks
                0x10006c6c       0x3c CMakeFiles/colour.dir/home/tom/Coding/PicoSystem/pico-sdk/src/rp2_common/pico_double/double_v1_rom_shim.S.obj
                0x10006c6c                dunpacks
 .text.dreduce  0x10006ca8       0x82 CMakeFiles/colour.dir/home/tom/Coding/PicoSystem/pico-sdk/src/rp2_common/pico_double/double_v1_rom_shim.S.obj
                0x10006ca8                dreduce
 *fill*         0x10006d2a        0x2 
 .text.dexp_guts
                0x10006d2c      0x268 CMakeFiles/colour.dir/home/tom/Coding/PicoSystem/pico-sdk/src/rp2_common/pico_double/double_v1_rom_shim.S.obj
                0x10006d2c                dexp_shim
                0x10006dc8                dln_shim
 .text.__aeabi_lmul
                0x10006f94       0x32 CMakeFiles/colour.dir/home/tom/Coding/PicoSystem/pico-sdk/src/rp2_common/pico_int64_ops/pico_int64_ops_aeabi.S.obj
                0x10006f94                __wrap___aeabi_lmul
 *fill*         0x10006fc6        0x2 
 .text.__wrap___aeabi_farithmetic
                0x10006fc8       0x48 CMakeFiles/colour.dir/home/tom/Coding/PicoSystem/pico-sdk/src/rp2_common/pico_float/float_aeabi.S.obj
                0x10006fc8                __wrap___aeabi_frsub
                0x10006fce                __wrap___aeabi_fsub
                0x10006fd4                __wrap___aeabi_fadd
                0x10006fda                __wrap___aeabi_fdiv
                0x10007002                __wrap___aeabi_fmul
 .text.__wrap___aeabi_cfcmple
                0x10007010       0x50 CMakeFiles/colour.dir/home/tom/Coding/PicoSystem/pico-sdk/src/rp2_common/pico_float/float_aeabi.S.obj
                0x10007010                __wrap___aeabi_cfrcmple
                0x1000701c                __wrap___aeabi_cfcmpeq
                0x1000701c                __wrap___aeabi_cfcmple
 .text.__wrap___aeabi_fcmpeq
                0x10007060       0x10 CMakeFiles/colour.dir/home/tom/Coding/PicoSystem/pico-sdk/src/rp2_common/pico_float/float_aeabi.S.obj
                0x10007060                __wrap___aeabi_fcmpeq
 .text.__wrap___aeabi_ui2f
                0x10007070        0xa CMakeFiles/colour.dir/home/tom/Coding/PicoSystem/pico-sdk/src/rp2_common/pico_float/float_aeabi.S.obj
                0x10007070                __wrap___aeabi_ui2f
 *fill*         0x1000707a        0x2 
 .text.__wrap___aeabi_i2f
                0x1000707c       0x44 CMakeFiles/colour.dir/home/tom/Coding/PicoSystem/pico-sdk/src/rp2_common/pico_float/float_aeabi.S.obj
                0x1000707c                __wrap___aeabi_i2f
 .text.__wrap___aeabi_f2iz
                0x100070c0       0x4e CMakeFiles/colour.dir/home/tom/Coding/PicoSystem/pico-sdk/src/rp2_common/pico_float/float_aeabi.S.obj
                0x100070c0                __wrap___aeabi_f2iz
                0x100070c0                float2int_z
 *fill*         0x1000710e        0x2 
 .text.float2int
                0x10007110       0x14 CMakeFiles/colour.dir/home/tom/Coding/PicoSystem/pico-sdk/src/rp2_common/pico_float/float_aeabi.S.obj
                0x10007110                float2int
 .text.__wrap___aeabi_f2uiz
                0x10007124        0xc CMakeFiles/colour.dir/home/tom/Coding/PicoSystem/pico-sdk/src/rp2_common/pico_float/float_aeabi.S.obj
                0x10007124                __wrap___aeabi_f2uiz
 .text.fix2float
                0x10007130        0xc CMakeFiles/colour.dir/home/tom/Coding/PicoSystem/pico-sdk/src/rp2_common/pico_float/float_aeabi.S.obj
                0x10007130                fix2float
 .text.__wrap___aeabi_f2d
                0x1000713c       0x14 CMakeFiles/colour.dir/home/tom/Coding/PicoSystem/pico-sdk/src/rp2_common/pico_float/float_aeabi.S.obj
                0x1000713c                __wrap___aeabi_f2d
 .text.__wrap_sinf
                0x10007150       0x24 CMakeFiles/colour.dir/home/tom/Coding/PicoSystem/pico-sdk/src/rp2_common/pico_float/float_aeabi.S.obj
                0x10007150                __wrap_sinf
 .text.__aeabi_float_init
                0x10007174       0x64 CMakeFiles/colour.dir/home/tom/Coding/PicoSystem/pico-sdk/src/rp2_common/pico_float/float_init_rom.c.obj
                0x10007174                __aeabi_float_init
 .text.fpow_int2
                0x100071d8       0xb8 CMakeFiles/colour.dir/home/tom/Coding/PicoSystem/pico-sdk/src/rp2_common/pico_float/float_math.c.obj
 .text.fpow_0   0x10007290       0xfc CMakeFiles/colour.dir/home/tom/Coding/PicoSystem/pico-sdk/src/rp2_common/pico_float/float_math.c.obj
 .text.__wrap_powf
                0x1000738c      0x198 CMakeFiles/colour.dir/home/tom/Coding/PicoSystem/pico-sdk/src/rp2_common/pico_float/float_math.c.obj
                0x1000738c                __wrap_powf
 .text.__wrap_remquof
                0x10007524      0x144 CMakeFiles/colour.dir/home/tom/Coding/PicoSystem/pico-sdk/src/rp2_common/pico_float/float_math.c.obj
                0x10007524                __wrap_remquof
 .text.__wrap_remainderf
                0x10007668        0xc CMakeFiles/colour.dir/home/tom/Coding/PicoSystem/pico-sdk/src/rp2_common/pico_float/float_math.c.obj
                0x10007668                __wrap_remainderf
 .text.float_table_shim_on_use_helper
                0x10007674       0x2c CMakeFiles/colour.dir/home/tom/Coding/PicoSystem/pico-sdk/src/rp2_common/pico_float/float_v1_rom_shim.S.obj
                0x10007674                float_table_shim_on_use_helper
 .text.float232_shims
                0x100076a0       0x18 CMakeFiles/colour.dir/home/tom/Coding/PicoSystem/pico-sdk/src/rp2_common/pico_float/float_v1_rom_shim.S.obj
                0x100076a0                float2int_shim
                0x100076a2                float2fix_shim
 .text.float2double_shim
                0x100076b8       0x30 CMakeFiles/colour.dir/home/tom/Coding/PicoSystem/pico-sdk/src/rp2_common/pico_float/float_v1_rom_shim.S.obj
                0x100076b8                float2double_shim
 .text.__wrap_malloc
                0x100076e8       0x24 CMakeFiles/colour.dir/home/tom/Coding/PicoSystem/pico-sdk/src/rp2_common/pico_malloc/pico_malloc.c.obj
                0x100076e8                __wrap_malloc
 .text.__wrap_realloc
                0x1000770c       0x24 CMakeFiles/colour.dir/home/tom/Coding/PicoSystem/pico-sdk/src/rp2_common/pico_malloc/pico_malloc.c.obj
                0x1000770c                __wrap_realloc
 .text.__wrap_free
                0x10007730        0x8 CMakeFiles/colour.dir/home/tom/Coding/PicoSystem/pico-sdk/src/rp2_common/pico_malloc/pico_malloc.c.obj
                0x10007730                __wrap_free
 .text          0x10007738       0x10 CMakeFiles/colour.dir/home/tom/Coding/PicoSystem/pico-sdk/src/rp2_common/pico_mem_ops/mem_ops_aeabi.S.obj
                0x10007738                __aeabi_mem_init
 .text.memset   0x10007748        0xc CMakeFiles/colour.dir/home/tom/Coding/PicoSystem/pico-sdk/src/rp2_common/pico_mem_ops/mem_ops_aeabi.S.obj
                0x10007748                __wrap_memset
 .text.memcpy   0x10007754        0xc CMakeFiles/colour.dir/home/tom/Coding/PicoSystem/pico-sdk/src/rp2_common/pico_mem_ops/mem_ops_aeabi.S.obj
                0x10007754                __wrap___aeabi_memcpy
                0x10007754                __wrap_memcpy
 .text._Znwj    0x10007760        0x8 CMakeFiles/colour.dir/home/tom/Coding/PicoSystem/pico-sdk/src/rp2_common/pico_standard_link/new_delete.cpp.obj
                0x10007760                operator new(unsigned int)
 .text._Znaj    0x10007768        0x8 CMakeFiles/colour.dir/home/tom/Coding/PicoSystem/pico-sdk/src/rp2_common/pico_standard_link/new_delete.cpp.obj
                0x10007768                operator new[](unsigned int)
 .text._ZdlPv   0x10007770        0x8 CMakeFiles/colour.dir/home/tom/Coding/PicoSystem/pico-sdk/src/rp2_common/pico_standard_link/new_delete.cpp.obj
                0x10007770                operator delete(void*)
 .text._ZdlPvj  0x10007778        0x8 CMakeFiles/colour.dir/home/tom/Coding/PicoSystem/pico-sdk/src/rp2_common/pico_standard_link/new_delete.cpp.obj
                0x10007778                operator delete(void*, unsigned int)
 .text.stdio_out_chars_crlf
                0x10007780       0x94 CMakeFiles/colour.dir/home/tom/Coding/PicoSystem/pico-sdk/src/rp2_common/pico_stdio/stdio.c.obj
 .text.__wrap_putchar
                0x10007814       0x98 CMakeFiles/colour.dir/home/tom/Coding/PicoSystem/pico-sdk/src/rp2_common/pico_stdio/stdio.c.obj
                0x10007814                __wrap_putchar
 .text.__wrap_puts
                0x100078ac       0xe0 CMakeFiles/colour.dir/home/tom/Coding/PicoSystem/pico-sdk/src/rp2_common/pico_stdio/stdio.c.obj
                0x100078ac                __wrap_puts
 .text._read    0x1000798c       0x94 CMakeFiles/colour.dir/home/tom/Coding/PicoSystem/pico-sdk/src/rp2_common/pico_stdio/stdio.c.obj
                0x1000798c                _read
 .text._write   0x10007a20       0xb4 CMakeFiles/colour.dir/home/tom/Coding/PicoSystem/pico-sdk/src/rp2_common/pico_stdio/stdio.c.obj
                0x10007a20                _write
 .text._close   0x10007ad4        0x8 CMakeFiles/colour.dir/home/tom/Coding/PicoSystem/pico-sdk/src/rp2_common/pico_stdio/stdio.c.obj
                0x10007ad4                _close
 .text._lseek   0x10007adc        0x8 CMakeFiles/colour.dir/home/tom/Coding/PicoSystem/pico-sdk/src/rp2_common/pico_stdio/stdio.c.obj
                0x10007adc                _lseek
 .text._fstat   0x10007ae4        0x8 CMakeFiles/colour.dir/home/tom/Coding/PicoSystem/pico-sdk/src/rp2_common/pico_stdio/stdio.c.obj
                0x10007ae4                _fstat
 .text._isatty  0x10007aec        0xc CMakeFiles/colour.dir/home/tom/Coding/PicoSystem/pico-sdk/src/rp2_common/pico_stdio/stdio.c.obj
                0x10007aec                _isatty
 .text.pio_add_program
                0x10007af8       0xf0 CMakeFiles/colour.dir/home/tom/Coding/PicoSystem/pico-sdk/src/rp2_common/hardware_pio/pio.c.obj
                0x10007af8                pio_add_program
 .text.pio_sm_set_pins_with_mask
                0x10007be8       0xa8 CMakeFiles/colour.dir/home/tom/Coding/PicoSystem/pico-sdk/src/rp2_common/hardware_pio/pio.c.obj
                0x10007be8                pio_sm_set_pins_with_mask
 .text.pio_sm_set_pindirs_with_mask
                0x10007c90       0xa8 CMakeFiles/colour.dir/home/tom/Coding/PicoSystem/pico-sdk/src/rp2_common/hardware_pio/pio.c.obj
                0x10007c90                pio_sm_set_pindirs_with_mask
 .text.pio_sm_set_consecutive_pindirs
                0x10007d38       0xa8 CMakeFiles/colour.dir/home/tom/Coding/PicoSystem/pico-sdk/src/rp2_common/hardware_pio/pio.c.obj
                0x10007d38                pio_sm_set_consecutive_pindirs
 .text.pio_sm_init
                0x10007de0       0x98 CMakeFiles/colour.dir/home/tom/Coding/PicoSystem/pico-sdk/src/rp2_common/hardware_pio/pio.c.obj
                0x10007de0                pio_sm_init
 .text.spi_init
                0x10007e78       0xec CMakeFiles/colour.dir/home/tom/Coding/PicoSystem/pico-sdk/src/rp2_common/hardware_spi/spi.c.obj
                0x10007e78                spi_init
 .text.adc_init
                0x10007f64       0x38 CMakeFiles/colour.dir/home/tom/Coding/PicoSystem/pico-sdk/src/rp2_common/hardware_adc/adc.c.obj
                0x10007f64                adc_init
 .text.unlikely._ZSt17__throw_bad_allocv
                0x10007f9c       0x20 /usr/lib/gcc/arm-none-eabi/13.1.0/../../../../arm-none-eabi/lib/thumb/v6-m/nofp/libstdc++.a(functexcept.o)
                0x10007f9c                std::__throw_bad_alloc()
 .text.unlikely._ZSt19__throw_logic_errorPKc
                0x10007fbc       0x30 /usr/lib/gcc/arm-none-eabi/13.1.0/../../../../arm-none-eabi/lib/thumb/v6-m/nofp/libstdc++.a(functexcept.o)
                0x10007fbc                std::__throw_logic_error(char const*)
 .text.unlikely._ZSt24__throw_invalid_argumentPKc
                0x10007fec       0x30 /usr/lib/gcc/arm-none-eabi/13.1.0/../../../../arm-none-eabi/lib/thumb/v6-m/nofp/libstdc++.a(functexcept.o)
                0x10007fec                std::__throw_invalid_argument(char const*)
 .text.unlikely._ZSt20__throw_length_errorPKc
                0x1000801c       0x30 /usr/lib/gcc/arm-none-eabi/13.1.0/../../../../arm-none-eabi/lib/thumb/v6-m/nofp/libstdc++.a(functexcept.o)
                0x1000801c                std::__throw_length_error(char const*)
 .text.unlikely._ZSt20__throw_out_of_rangePKc
                0x1000804c       0x30 /usr/lib/gcc/arm-none-eabi/13.1.0/../../../../arm-none-eabi/lib/thumb/v6-m/nofp/libstdc++.a(functexcept.o)
                0x1000804c                std::__throw_out_of_range(char const*)
 .text._ZSt24__throw_out_of_range_fmtPKcz
                0x1000807c       0x64 /usr/lib/gcc/arm-none-eabi/13.1.0/../../../../arm-none-eabi/lib/thumb/v6-m/nofp/libstdc++.a(functexcept.o)
                0x1000807c                std::__throw_out_of_range_fmt(char const*, ...)
 .text._ZN9__gnu_cxx26__throw_insufficient_spaceEPKcS1_
                0x100080e0       0x50 /usr/lib/gcc/arm-none-eabi/13.1.0/../../../../arm-none-eabi/lib/thumb/v6-m/nofp/libstdc++.a(snprintf_lite.o)
                0x100080e0                __gnu_cxx::__throw_insufficient_space(char const*, char const*)
 .text._ZN9__gnu_cxx15__concat_size_tEPcjj
                0x10008130       0x68 /usr/lib/gcc/arm-none-eabi/13.1.0/../../../../arm-none-eabi/lib/thumb/v6-m/nofp/libstdc++.a(snprintf_lite.o)
                0x10008130                __gnu_cxx::__concat_size_t(char*, unsigned int, unsigned int)
 .text._ZN9__gnu_cxx15__snprintf_liteEPcjPKcSt9__va_list
                0x10008198       0x88 /usr/lib/gcc/arm-none-eabi/13.1.0/../../../../arm-none-eabi/lib/thumb/v6-m/nofp/libstdc++.a(snprintf_lite.o)
                0x10008198                __gnu_cxx::__snprintf_lite(char*, unsigned int, char const*, std::__va_list)
 .text._ZNSt11char_traitsIcE4copyEPcPKcj.isra.0
                0x10008220        0xc /usr/lib/gcc/arm-none-eabi/13.1.0/../../../../arm-none-eabi/lib/thumb/v6-m/nofp/libstdc++.a(string-inst.o)
 .text._ZNKSt7__cxx1112basic_stringIcSt11char_traitsIcESaIcEE11_M_is_localEv
                0x1000822c       0x10 /usr/lib/gcc/arm-none-eabi/13.1.0/../../../../arm-none-eabi/lib/thumb/v6-m/nofp/libstdc++.a(string-inst.o)
                0x1000822c                std::__cxx11::basic_string<char, std::char_traits<char>, std::allocator<char> >::_M_is_local() const
 .text._ZNSt7__cxx1112basic_stringIcSt11char_traitsIcESaIcEE9_M_createERjj
                0x1000823c       0x40 /usr/lib/gcc/arm-none-eabi/13.1.0/../../../../arm-none-eabi/lib/thumb/v6-m/nofp/libstdc++.a(string-inst.o)
                0x1000823c                std::__cxx11::basic_string<char, std::char_traits<char>, std::allocator<char> >::_M_create(unsigned int&, unsigned int)
 .text._ZNSt7__cxx1112basic_stringIcSt11char_traitsIcESaIcEE10_M_destroyEj
                0x1000827c        0xa /usr/lib/gcc/arm-none-eabi/13.1.0/../../../../arm-none-eabi/lib/thumb/v6-m/nofp/libstdc++.a(string-inst.o)
                0x1000827c                std::__cxx11::basic_string<char, std::char_traits<char>, std::allocator<char> >::_M_destroy(unsigned int)
 .text._ZNSt7__cxx1112basic_stringIcSt11char_traitsIcESaIcEE10_M_disposeEv
                0x10008286       0x16 /usr/lib/gcc/arm-none-eabi/13.1.0/../../../../arm-none-eabi/lib/thumb/v6-m/nofp/libstdc++.a(string-inst.o)
                0x10008286                std::__cxx11::basic_string<char, std::char_traits<char>, std::allocator<char> >::_M_dispose()
 .text._ZNKSt7__cxx1112basic_stringIcSt11char_traitsIcESaIcEE15_M_check_lengthEjjPKc
                0x1000829c       0x1c /usr/lib/gcc/arm-none-eabi/13.1.0/../../../../arm-none-eabi/lib/thumb/v6-m/nofp/libstdc++.a(string-inst.o)
                0x1000829c                std::__cxx11::basic_string<char, std::char_traits<char>, std::allocator<char> >::_M_check_length(unsigned int, unsigned int, char const*) const
 .text._ZNKSt7__cxx1112basic_stringIcSt11char_traitsIcESaIcEE11_M_disjunctEPKc
                0x100082b8       0x16 /usr/lib/gcc/arm-none-eabi/13.1.0/../../../../arm-none-eabi/lib/thumb/v6-m/nofp/libstdc++.a(string-inst.o)
                0x100082b8                std::__cxx11::basic_string<char, std::char_traits<char>, std::allocator<char> >::_M_disjunct(char const*) const
 .text._ZNSt7__cxx1112basic_stringIcSt11char_traitsIcESaIcEE7_S_copyEPcPKcj
                0x100082ce       0x12 /usr/lib/gcc/arm-none-eabi/13.1.0/../../../../arm-none-eabi/lib/thumb/v6-m/nofp/libstdc++.a(string-inst.o)
                0x100082ce                std::__cxx11::basic_string<char, std::char_traits<char>, std::allocator<char> >::_S_copy(char*, char const*, unsigned int)
 .text._ZNSt7__cxx1112basic_stringIcSt11char_traitsIcESaIcEE7_S_moveEPcPKcj
                0x100082e0       0x16 /usr/lib/gcc/arm-none-eabi/13.1.0/../../../../arm-none-eabi/lib/thumb/v6-m/nofp/libstdc++.a(string-inst.o)
                0x100082e0                std::__cxx11::basic_string<char, std::char_traits<char>, std::allocator<char> >::_S_move(char*, char const*, unsigned int)
 .text._ZNKSt7__cxx1112basic_stringIcSt11char_traitsIcESaIcEE8capacityEv
                0x100082f6       0x14 /usr/lib/gcc/arm-none-eabi/13.1.0/../../../../arm-none-eabi/lib/thumb/v6-m/nofp/libstdc++.a(string-inst.o)
                0x100082f6                std::__cxx11::basic_string<char, std::char_traits<char>, std::allocator<char> >::capacity() const
 .text._ZNSt7__cxx1112basic_stringIcSt11char_traitsIcESaIcEE9_M_mutateEjjPKcj
                0x1000830a       0x72 /usr/lib/gcc/arm-none-eabi/13.1.0/../../../../arm-none-eabi/lib/thumb/v6-m/nofp/libstdc++.a(string-inst.o)
                0x1000830a                std::__cxx11::basic_string<char, std::char_traits<char>, std::allocator<char> >::_M_mutate(unsigned int, unsigned int, char const*, unsigned int)
 .text.unlikely._ZNSt7__cxx1112basic_stringIcSt11char_traitsIcESaIcEE15_M_replace_coldEPcjPKcjj
                0x1000837c       0x7a /usr/lib/gcc/arm-none-eabi/13.1.0/../../../../arm-none-eabi/lib/thumb/v6-m/nofp/libstdc++.a(string-inst.o)
                0x1000837c                std::__cxx11::basic_string<char, std::char_traits<char>, std::allocator<char> >::_M_replace_cold(char*, unsigned int, char const*, unsigned int, unsigned int)
 *fill*         0x100083f6        0x2 
 .text._ZNSt7__cxx1112basic_stringIcSt11char_traitsIcESaIcEE10_M_replaceEjjPKcj
                0x100083f8       0xa8 /usr/lib/gcc/arm-none-eabi/13.1.0/../../../../arm-none-eabi/lib/thumb/v6-m/nofp/libstdc++.a(string-inst.o)
                0x100083f8                std::__cxx11::basic_string<char, std::char_traits<char>, std::allocator<char> >::_M_replace(unsigned int, unsigned int, char const*, unsigned int)
 .text._ZNSt7__cxx1112basic_stringIcSt11char_traitsIcESaIcEE9_M_appendEPKcj
                0x100084a0       0x44 /usr/lib/gcc/arm-none-eabi/13.1.0/../../../../arm-none-eabi/lib/thumb/v6-m/nofp/libstdc++.a(string-inst.o)
                0x100084a0                std::__cxx11::basic_string<char, std::char_traits<char>, std::allocator<char> >::_M_append(char const*, unsigned int)
 .text._ZNKSt9bad_alloc4whatEv
                0x100084e4        0x8 /usr/lib/gcc/arm-none-eabi/13.1.0/../../../../arm-none-eabi/lib/thumb/v6-m/nofp/libstdc++.a(bad_alloc.o)
                0x100084e4                std::bad_alloc::what() const
 .text._ZNSt9bad_allocD2Ev
                0x100084ec       0x14 /usr/lib/gcc/arm-none-eabi/13.1.0/../../../../arm-none-eabi/lib/thumb/v6-m/nofp/libstdc++.a(bad_alloc.o)
                0x100084ec                std::bad_alloc::~bad_alloc()
                0x100084ec                std::bad_alloc::~bad_alloc()
 .text._ZNSt9bad_allocD0Ev
                0x10008500       0x14 /usr/lib/gcc/arm-none-eabi/13.1.0/../../../../arm-none-eabi/lib/thumb/v6-m/nofp/libstdc++.a(bad_alloc.o)
                0x10008500                std::bad_alloc::~bad_alloc()
 .text._ZN12_GLOBAL__N_14pool4freeEPv.constprop.0
                0x10008514       0x68 /usr/lib/gcc/arm-none-eabi/13.1.0/../../../../arm-none-eabi/lib/thumb/v6-m/nofp/libstdc++.a(eh_alloc.o)
 .text._ZN12_GLOBAL__N_14pool8allocateEj.constprop.0
                0x1000857c       0x50 /usr/lib/gcc/arm-none-eabi/13.1.0/../../../../arm-none-eabi/lib/thumb/v6-m/nofp/libstdc++.a(eh_alloc.o)
 .text.__cxa_allocate_exception
                0x100085cc       0x2c /usr/lib/gcc/arm-none-eabi/13.1.0/../../../../arm-none-eabi/lib/thumb/v6-m/nofp/libstdc++.a(eh_alloc.o)
                0x100085cc                __cxa_allocate_exception
 .text.__cxa_free_exception
                0x100085f8       0x24 /usr/lib/gcc/arm-none-eabi/13.1.0/../../../../arm-none-eabi/lib/thumb/v6-m/nofp/libstdc++.a(eh_alloc.o)
                0x100085f8                __cxa_free_exception
 .text._ZNKSt17basic_string_viewIcSt11char_traitsIcEE7compareEjjPKcj
                0x1000861c       0x44 /usr/lib/gcc/arm-none-eabi/13.1.0/../../../../arm-none-eabi/lib/thumb/v6-m/nofp/libstdc++.a(eh_alloc.o)
                0x1000861c                std::basic_string_view<char, std::char_traits<char> >::compare(unsigned int, unsigned int, char const*, unsigned int) const
 .text.startup._GLOBAL__sub_I__ZN9__gnu_cxx9__freeresEv
                0x10008660       0xf8 /usr/lib/gcc/arm-none-eabi/13.1.0/../../../../arm-none-eabi/lib/thumb/v6-m/nofp/libstdc++.a(eh_alloc.o)
 .text.__cxa_end_cleanup
                0x10008758        0xc /usr/lib/gcc/arm-none-eabi/13.1.0/../../../../arm-none-eabi/lib/thumb/v6-m/nofp/libstdc++.a(eh_arm.o)
                0x10008758                __cxa_end_cleanup
 .text._ZN10__cxxabiv1L24__is_gxx_exception_classEPc
                0x10008764       0x3a /usr/lib/gcc/arm-none-eabi/13.1.0/../../../../arm-none-eabi/lib/thumb/v6-m/nofp/libstdc++.a(eh_arm.o)
 *fill*         0x1000879e        0x2 
 .text.__cxa_type_match
                0x100087a0       0xb8 /usr/lib/gcc/arm-none-eabi/13.1.0/../../../../arm-none-eabi/lib/thumb/v6-m/nofp/libstdc++.a(eh_arm.o)
                0x100087a0                __cxa_type_match
 .text.__cxa_begin_cleanup
                0x10008858       0x36 /usr/lib/gcc/arm-none-eabi/13.1.0/../../../../arm-none-eabi/lib/thumb/v6-m/nofp/libstdc++.a(eh_arm.o)
                0x10008858                __cxa_begin_cleanup
 .text.__gnu_end_cleanup
                0x1000888e       0x38 /usr/lib/gcc/arm-none-eabi/13.1.0/../../../../arm-none-eabi/lib/thumb/v6-m/nofp/libstdc++.a(eh_arm.o)
                0x1000888e                __gnu_end_cleanup
 .text._ZN10__cxxabiv1L24__is_gxx_exception_classEPc
                0x100088c6       0x3a /usr/lib/gcc/arm-none-eabi/13.1.0/../../../../arm-none-eabi/lib/thumb/v6-m/nofp/libstdc++.a(eh_catch.o)
 .text.__cxa_begin_catch
                0x10008900       0x4e /usr/lib/gcc/arm-none-eabi/13.1.0/../../../../arm-none-eabi/lib/thumb/v6-m/nofp/libstdc++.a(eh_catch.o)
                0x10008900                __cxa_begin_catch
 .text.__cxa_end_catch
                0x1000894e       0x4e /usr/lib/gcc/arm-none-eabi/13.1.0/../../../../arm-none-eabi/lib/thumb/v6-m/nofp/libstdc++.a(eh_catch.o)
                0x1000894e                __cxa_end_catch
 .text._ZNSt9exceptionD2Ev
                0x1000899c        0x2 /usr/lib/gcc/arm-none-eabi/13.1.0/../../../../arm-none-eabi/lib/thumb/v6-m/nofp/libstdc++.a(eh_exception.o)
                0x1000899c                std::exception::~exception()
                0x1000899c                std::exception::~exception()
 .text._ZNSt13bad_exceptionD2Ev
                0x1000899e        0x2 /usr/lib/gcc/arm-none-eabi/13.1.0/../../../../arm-none-eabi/lib/thumb/v6-m/nofp/libstdc++.a(eh_exception.o)
                0x1000899e                std::bad_exception::~bad_exception()
                0x1000899e                std::bad_exception::~bad_exception()
 .text._ZNKSt13bad_exception4whatEv
                0x100089a0        0x8 /usr/lib/gcc/arm-none-eabi/13.1.0/../../../../arm-none-eabi/lib/thumb/v6-m/nofp/libstdc++.a(eh_exception.o)
                0x100089a0                transaction clone for std::bad_exception::what() const
                0x100089a0                std::bad_exception::what() const
 .text._ZNSt13bad_exceptionD0Ev
                0x100089a8        0xe /usr/lib/gcc/arm-none-eabi/13.1.0/../../../../arm-none-eabi/lib/thumb/v6-m/nofp/libstdc++.a(eh_exception.o)
                0x100089a8                std::bad_exception::~bad_exception()
 *fill*         0x100089b6        0x2 
 .text.__cxa_get_globals_fast
                0x100089b8        0x8 /usr/lib/gcc/arm-none-eabi/13.1.0/../../../../arm-none-eabi/lib/thumb/v6-m/nofp/libstdc++.a(eh_globals.o)
                0x100089b8                __cxa_get_globals_fast
 .text.__cxa_get_globals
                0x100089c0        0x8 /usr/lib/gcc/arm-none-eabi/13.1.0/../../../../arm-none-eabi/lib/thumb/v6-m/nofp/libstdc++.a(eh_globals.o)
                0x100089c0                __cxa_get_globals
 .text._ZL12read_uleb128PKhPm
                0x100089c8       0x2c /usr/lib/gcc/arm-none-eabi/13.1.0/../../../../arm-none-eabi/lib/thumb/v6-m/nofp/libstdc++.a(eh_personality.o)
 .text._ZL12read_sleb128PKhPl
                0x100089f4       0x30 /usr/lib/gcc/arm-none-eabi/13.1.0/../../../../arm-none-eabi/lib/thumb/v6-m/nofp/libstdc++.a(eh_personality.o)
 .text._ZL28read_encoded_value_with_basehjPKhPj
                0x10008a24       0xb2 /usr/lib/gcc/arm-none-eabi/13.1.0/../../../../arm-none-eabi/lib/thumb/v6-m/nofp/libstdc++.a(eh_personality.o)
 .text._ZL21base_of_encoded_valuehP15_Unwind_Context
                0x10008ad6       0x3e /usr/lib/gcc/arm-none-eabi/13.1.0/../../../../arm-none-eabi/lib/thumb/v6-m/nofp/libstdc++.a(eh_personality.o)
 .text._ZL18read_encoded_valueP15_Unwind_ContexthPKhPj
                0x10008b14       0x1e /usr/lib/gcc/arm-none-eabi/13.1.0/../../../../arm-none-eabi/lib/thumb/v6-m/nofp/libstdc++.a(eh_personality.o)
 .text._ZL17parse_lsda_headerP15_Unwind_ContextPKhP16lsda_header_info
                0x10008b32       0x60 /usr/lib/gcc/arm-none-eabi/13.1.0/../../../../arm-none-eabi/lib/thumb/v6-m/nofp/libstdc++.a(eh_personality.o)
 .text._Unwind_GetGR
                0x10008b92       0x16 /usr/lib/gcc/arm-none-eabi/13.1.0/../../../../arm-none-eabi/lib/thumb/v6-m/nofp/libstdc++.a(eh_personality.o)
 .text.__gxx_personality_v0
                0x10008ba8      0x330 /usr/lib/gcc/arm-none-eabi/13.1.0/../../../../arm-none-eabi/lib/thumb/v6-m/nofp/libstdc++.a(eh_personality.o)
                0x10008ba8                __gxx_personality_v0
 .text._ZN10__cxxabiv111__terminateEPFvvE
                0x10008ed8       0x10 /usr/lib/gcc/arm-none-eabi/13.1.0/../../../../arm-none-eabi/lib/thumb/v6-m/nofp/libstdc++.a(eh_terminate.o)
                0x10008ed8                __cxxabiv1::__terminate(void (*)())
 .text._ZSt9terminatev
                0x10008ee8       0x10 /usr/lib/gcc/arm-none-eabi/13.1.0/../../../../arm-none-eabi/lib/thumb/v6-m/nofp/libstdc++.a(eh_terminate.o)
                0x10008ee8                std::terminate()
 .text._ZN10__cxxabiv112__unexpectedEPFvvE
                0x10008ef8        0x8 /usr/lib/gcc/arm-none-eabi/13.1.0/../../../../arm-none-eabi/lib/thumb/v6-m/nofp/libstdc++.a(eh_terminate.o)
                0x10008ef8                __cxxabiv1::__unexpected(void (*)())
 .text._ZSt10unexpectedv
                0x10008f00       0x10 /usr/lib/gcc/arm-none-eabi/13.1.0/../../../../arm-none-eabi/lib/thumb/v6-m/nofp/libstdc++.a(eh_terminate.o)
                0x10008f00                std::unexpected()
 .text._ZSt13get_terminatev
                0x10008f10        0xc /usr/lib/gcc/arm-none-eabi/13.1.0/../../../../arm-none-eabi/lib/thumb/v6-m/nofp/libstdc++.a(eh_terminate.o)
                0x10008f10                std::get_terminate()
 .text._ZSt14get_unexpectedv
                0x10008f1c        0xc /usr/lib/gcc/arm-none-eabi/13.1.0/../../../../arm-none-eabi/lib/thumb/v6-m/nofp/libstdc++.a(eh_terminate.o)
                0x10008f1c                std::get_unexpected()
 .text._ZL23__gxx_exception_cleanup19_Unwind_Reason_CodeP21_Unwind_Control_Block
                0x10008f28       0x30 /usr/lib/gcc/arm-none-eabi/13.1.0/../../../../arm-none-eabi/lib/thumb/v6-m/nofp/libstdc++.a(eh_throw.o)
 .text.__cxa_init_primary_exception
                0x10008f58       0x4c /usr/lib/gcc/arm-none-eabi/13.1.0/../../../../arm-none-eabi/lib/thumb/v6-m/nofp/libstdc++.a(eh_throw.o)
                0x10008f58                __cxa_init_primary_exception
 .text.__cxa_throw
                0x10008fa4       0x34 /usr/lib/gcc/arm-none-eabi/13.1.0/../../../../arm-none-eabi/lib/thumb/v6-m/nofp/libstdc++.a(eh_throw.o)
                0x10008fa4                __cxa_throw
 .text.__cxa_rethrow
                0x10008fd8       0x72 /usr/lib/gcc/arm-none-eabi/13.1.0/../../../../arm-none-eabi/lib/thumb/v6-m/nofp/libstdc++.a(eh_throw.o)
                0x10008fd8                __cxa_rethrow
 *fill*         0x1000904a        0x2 
 .text._ZN10__cxxabiv120__si_class_type_infoD2Ev
                0x1000904c       0x14 /usr/lib/gcc/arm-none-eabi/13.1.0/../../../../arm-none-eabi/lib/thumb/v6-m/nofp/libstdc++.a(si_class_type_info.o)
                0x1000904c                __cxxabiv1::__si_class_type_info::~__si_class_type_info()
                0x1000904c                __cxxabiv1::__si_class_type_info::~__si_class_type_info()
 .text._ZN10__cxxabiv120__si_class_type_infoD0Ev
                0x10009060       0x14 /usr/lib/gcc/arm-none-eabi/13.1.0/../../../../arm-none-eabi/lib/thumb/v6-m/nofp/libstdc++.a(si_class_type_info.o)
                0x10009060                __cxxabiv1::__si_class_type_info::~__si_class_type_info()
 .text._ZNK10__cxxabiv120__si_class_type_info20__do_find_public_srcEiPKvPKNS_17__class_type_infoES2_
                0x10009074       0x32 /usr/lib/gcc/arm-none-eabi/13.1.0/../../../../arm-none-eabi/lib/thumb/v6-m/nofp/libstdc++.a(si_class_type_info.o)
                0x10009074                __cxxabiv1::__si_class_type_info::__do_find_public_src(int, void const*, __cxxabiv1::__class_type_info const*, void const*) const
 .text._ZNK10__cxxabiv120__si_class_type_info12__do_dyncastEiNS_17__class_type_info10__sub_kindEPKS1_PKvS4_S6_RNS1_16__dyncast_resultE
                0x100090a6       0x72 /usr/lib/gcc/arm-none-eabi/13.1.0/../../../../arm-none-eabi/lib/thumb/v6-m/nofp/libstdc++.a(si_class_type_info.o)
                0x100090a6                __cxxabiv1::__si_class_type_info::__do_dyncast(int, __cxxabiv1::__class_type_info::__sub_kind, __cxxabiv1::__class_type_info const*, void const*, __cxxabiv1::__class_type_info const*, void const*, __cxxabiv1::__class_type_info::__dyncast_result&) const
 .text._ZNK10__cxxabiv120__si_class_type_info11__do_upcastEPKNS_17__class_type_infoEPKvRNS1_15__upcast_resultE
                0x10009118       0x22 /usr/lib/gcc/arm-none-eabi/13.1.0/../../../../arm-none-eabi/lib/thumb/v6-m/nofp/libstdc++.a(si_class_type_info.o)
                0x10009118                __cxxabiv1::__si_class_type_info::__do_upcast(__cxxabiv1::__class_type_info const*, void const*, __cxxabiv1::__class_type_info::__upcast_result&) const
 .text._ZNSt9type_infoD2Ev
                0x1000913a        0x2 /usr/lib/gcc/arm-none-eabi/13.1.0/../../../../arm-none-eabi/lib/thumb/v6-m/nofp/libstdc++.a(tinfo.o)
                0x1000913a                std::type_info::~type_info()
                0x1000913a                std::type_info::~type_info()
 .text._ZNKSt9type_info14__is_pointer_pEv
                0x1000913c        0x4 /usr/lib/gcc/arm-none-eabi/13.1.0/../../../../arm-none-eabi/lib/thumb/v6-m/nofp/libstdc++.a(tinfo.o)
                0x1000913c                std::type_info::__is_function_p() const
                0x1000913c                std::type_info::__is_pointer_p() const
 .text._ZNKSt9type_infoeqERKS_
                0x10009140       0x2c /usr/lib/gcc/arm-none-eabi/13.1.0/../../../../arm-none-eabi/lib/thumb/v6-m/nofp/libstdc++.a(tinfo.o)
                0x10009140                std::type_info::__equal(std::type_info const&) const
                0x10009140                std::type_info::operator==(std::type_info const&) const
 .text._ZN9__gnu_cxx27__verbose_terminate_handlerEv
                0x1000916c       0xec /usr/lib/gcc/arm-none-eabi/13.1.0/../../../../arm-none-eabi/lib/thumb/v6-m/nofp/libstdc++.a(vterminate.o)
                0x1000916c                __gnu_cxx::__verbose_terminate_handler()
 .text._ZNKSt11logic_error4whatEv
                0x10009258        0x4 /usr/lib/gcc/arm-none-eabi/13.1.0/../../../../arm-none-eabi/lib/thumb/v6-m/nofp/libstdc++.a(stdexcept.o)
                0x10009258                std::runtime_error::what() const
                0x10009258                std::logic_error::what() const
 .text._ZNSt11logic_errorD2Ev
                0x1000925c       0x20 /usr/lib/gcc/arm-none-eabi/13.1.0/../../../../arm-none-eabi/lib/thumb/v6-m/nofp/libstdc++.a(stdexcept.o)
                0x1000925c                std::logic_error::~logic_error()
                0x1000925c                std::logic_error::~logic_error()
 .text._ZNSt11logic_errorD0Ev
                0x1000927c       0x12 /usr/lib/gcc/arm-none-eabi/13.1.0/../../../../arm-none-eabi/lib/thumb/v6-m/nofp/libstdc++.a(stdexcept.o)
                0x1000927c                std::logic_error::~logic_error()
 *fill*         0x1000928e        0x2 
 .text._ZNSt16invalid_argumentD2Ev
                0x10009290       0x14 /usr/lib/gcc/arm-none-eabi/13.1.0/../../../../arm-none-eabi/lib/thumb/v6-m/nofp/libstdc++.a(stdexcept.o)
                0x10009290                std::invalid_argument::~invalid_argument()
                0x10009290                std::invalid_argument::~invalid_argument()
 .text._ZNSt16invalid_argumentD0Ev
                0x100092a4       0x12 /usr/lib/gcc/arm-none-eabi/13.1.0/../../../../arm-none-eabi/lib/thumb/v6-m/nofp/libstdc++.a(stdexcept.o)
                0x100092a4                std::invalid_argument::~invalid_argument()
 *fill*         0x100092b6        0x2 
 .text._ZNSt12length_errorD2Ev
                0x100092b8       0x14 /usr/lib/gcc/arm-none-eabi/13.1.0/../../../../arm-none-eabi/lib/thumb/v6-m/nofp/libstdc++.a(stdexcept.o)
                0x100092b8                std::length_error::~length_error()
                0x100092b8                std::length_error::~length_error()
 .text._ZNSt12length_errorD0Ev
                0x100092cc       0x12 /usr/lib/gcc/arm-none-eabi/13.1.0/../../../../arm-none-eabi/lib/thumb/v6-m/nofp/libstdc++.a(stdexcept.o)
                0x100092cc                std::length_error::~length_error()
 *fill*         0x100092de        0x2 
 .text._ZNSt12out_of_rangeD2Ev
                0x100092e0       0x14 /usr/lib/gcc/arm-none-eabi/13.1.0/../../../../arm-none-eabi/lib/thumb/v6-m/nofp/libstdc++.a(stdexcept.o)
                0x100092e0                std::out_of_range::~out_of_range()
                0x100092e0                std::out_of_range::~out_of_range()
 .text._ZNSt12out_of_rangeD0Ev
                0x100092f4       0x12 /usr/lib/gcc/arm-none-eabi/13.1.0/../../../../arm-none-eabi/lib/thumb/v6-m/nofp/libstdc++.a(stdexcept.o)
                0x100092f4                std::out_of_range::~out_of_range()
 *fill*         0x10009306        0x2 
 .text._ZNSs12_S_constructIPKcEEPcT_S3_RKSaIcESt20forward_iterator_tag.isra.0
                0x10009308       0x48 /usr/lib/gcc/arm-none-eabi/13.1.0/../../../../arm-none-eabi/lib/thumb/v6-m/nofp/libstdc++.a(cow-stdexcept.o)
 .text._ZNSsC2EPKcRKSaIcE.isra.0
                0x10009350       0x26 /usr/lib/gcc/arm-none-eabi/13.1.0/../../../../arm-none-eabi/lib/thumb/v6-m/nofp/libstdc++.a(cow-stdexcept.o)
 *fill*         0x10009376        0x2 
 .text._ZNSt11logic_errorC2EPKc
                0x10009378       0x24 /usr/lib/gcc/arm-none-eabi/13.1.0/../../../../arm-none-eabi/lib/thumb/v6-m/nofp/libstdc++.a(cow-stdexcept.o)
                0x10009378                std::logic_error::logic_error(char const*)
                0x10009378                std::logic_error::logic_error(char const*)
 .text._ZNSt16invalid_argumentC2EPKc
                0x1000939c       0x14 /usr/lib/gcc/arm-none-eabi/13.1.0/../../../../arm-none-eabi/lib/thumb/v6-m/nofp/libstdc++.a(cow-stdexcept.o)
                0x1000939c                std::invalid_argument::invalid_argument(char const*)
                0x1000939c                std::invalid_argument::invalid_argument(char const*)
 .text._ZNSt12length_errorC2EPKc
                0x100093b0       0x14 /usr/lib/gcc/arm-none-eabi/13.1.0/../../../../arm-none-eabi/lib/thumb/v6-m/nofp/libstdc++.a(cow-stdexcept.o)
                0x100093b0                std::length_error::length_error(char const*)
                0x100093b0                std::length_error::length_error(char const*)
 .text._ZNSt12out_of_rangeC2EPKc
                0x100093c4       0x14 /usr/lib/gcc/arm-none-eabi/13.1.0/../../../../arm-none-eabi/lib/thumb/v6-m/nofp/libstdc++.a(cow-stdexcept.o)
                0x100093c4                std::out_of_range::out_of_range(char const*)
                0x100093c4                std::out_of_range::out_of_range(char const*)
 .text._ZNSs7_M_copyEPcPKcj
                0x100093d8       0x16 /usr/lib/gcc/arm-none-eabi/13.1.0/../../../../arm-none-eabi/lib/thumb/v6-m/nofp/libstdc++.a(cow-string-inst.o)
                0x100093d8                std::string::_M_copy(char*, char const*, unsigned int)
 .text._ZNSs13_S_copy_charsEPcPKcS1_
                0x100093ee        0xa /usr/lib/gcc/arm-none-eabi/13.1.0/../../../../arm-none-eabi/lib/thumb/v6-m/nofp/libstdc++.a(cow-string-inst.o)
                0x100093ee                std::string::_S_copy_chars(char*, char const*, char const*)
 .text._ZNSs4_Rep26_M_set_length_and_sharableEj
                0x100093f8       0x18 /usr/lib/gcc/arm-none-eabi/13.1.0/../../../../arm-none-eabi/lib/thumb/v6-m/nofp/libstdc++.a(cow-string-inst.o)
                0x100093f8                std::string::_Rep::_M_set_length_and_sharable(unsigned int)
 .text._ZNSs4_Rep9_S_createEjjRKSaIcE
                0x10009410       0x60 /usr/lib/gcc/arm-none-eabi/13.1.0/../../../../arm-none-eabi/lib/thumb/v6-m/nofp/libstdc++.a(cow-string-inst.o)
                0x10009410                std::string::_Rep::_S_create(unsigned int, unsigned int, std::allocator<char> const&)
 .text._ZNSs4_Rep10_M_destroyERKSaIcE
                0x10009470        0x8 /usr/lib/gcc/arm-none-eabi/13.1.0/../../../../arm-none-eabi/lib/thumb/v6-m/nofp/libstdc++.a(cow-string-inst.o)
                0x10009470                std::string::_Rep::_M_destroy(std::allocator<char> const&)
 .text._ZNSs4_Rep10_M_disposeERKSaIcE
                0x10009478       0x1c /usr/lib/gcc/arm-none-eabi/13.1.0/../../../../arm-none-eabi/lib/thumb/v6-m/nofp/libstdc++.a(cow-string-inst.o)
                0x10009478                std::string::_Rep::_M_dispose(std::allocator<char> const&)
 .text._ZNK10__cxxabiv117__class_type_info11__do_upcastEPKS0_PPv
                0x10009494       0x32 /usr/lib/gcc/arm-none-eabi/13.1.0/../../../../arm-none-eabi/lib/thumb/v6-m/nofp/libstdc++.a(class_type_info.o)
                0x10009494                __cxxabiv1::__class_type_info::__do_upcast(__cxxabiv1::__class_type_info const*, void**) const
 .text._ZNK10__cxxabiv117__class_type_info20__do_find_public_srcEiPKvPKS0_S2_
                0x100094c6        0xc /usr/lib/gcc/arm-none-eabi/13.1.0/../../../../arm-none-eabi/lib/thumb/v6-m/nofp/libstdc++.a(class_type_info.o)
                0x100094c6                __cxxabiv1::__class_type_info::__do_find_public_src(int, void const*, __cxxabiv1::__class_type_info const*, void const*) const
 *fill*         0x100094d2        0x2 
 .text._ZN10__cxxabiv117__class_type_infoD2Ev
                0x100094d4       0x14 /usr/lib/gcc/arm-none-eabi/13.1.0/../../../../arm-none-eabi/lib/thumb/v6-m/nofp/libstdc++.a(class_type_info.o)
                0x100094d4                __cxxabiv1::__class_type_info::~__class_type_info()
                0x100094d4                __cxxabiv1::__class_type_info::~__class_type_info()
 .text._ZN10__cxxabiv117__class_type_infoD0Ev
                0x100094e8       0x14 /usr/lib/gcc/arm-none-eabi/13.1.0/../../../../arm-none-eabi/lib/thumb/v6-m/nofp/libstdc++.a(class_type_info.o)
                0x100094e8                __cxxabiv1::__class_type_info::~__class_type_info()
 .text._ZNK10__cxxabiv117__class_type_info12__do_dyncastEiNS0_10__sub_kindEPKS0_PKvS3_S5_RNS0_16__dyncast_resultE
                0x100094fc       0x3a /usr/lib/gcc/arm-none-eabi/13.1.0/../../../../arm-none-eabi/lib/thumb/v6-m/nofp/libstdc++.a(class_type_info.o)
                0x100094fc                __cxxabiv1::__class_type_info::__do_dyncast(int, __cxxabiv1::__class_type_info::__sub_kind, __cxxabiv1::__class_type_info const*, void const*, __cxxabiv1::__class_type_info const*, void const*, __cxxabiv1::__class_type_info::__dyncast_result&) const
 .text._ZNK10__cxxabiv117__class_type_info11__do_upcastEPKS0_PKvRNS0_15__upcast_resultE
                0x10009536       0x1a /usr/lib/gcc/arm-none-eabi/13.1.0/../../../../arm-none-eabi/lib/thumb/v6-m/nofp/libstdc++.a(class_type_info.o)
                0x10009536                __cxxabiv1::__class_type_info::__do_upcast(__cxxabiv1::__class_type_info const*, void const*, __cxxabiv1::__class_type_info::__upcast_result&) const
 .text._ZNK10__cxxabiv117__class_type_info10__do_catchEPKSt9type_infoPPvj
                0x10009550       0x24 /usr/lib/gcc/arm-none-eabi/13.1.0/../../../../arm-none-eabi/lib/thumb/v6-m/nofp/libstdc++.a(class_type_info.o)
                0x10009550                __cxxabiv1::__class_type_info::__do_catch(std::type_info const*, void**, unsigned int) const
 .text.is_fnqual_component_type
                0x10009574       0x22 /usr/lib/gcc/arm-none-eabi/13.1.0/../../../../arm-none-eabi/lib/thumb/v6-m/nofp/libstdc++.a(cp-demangle.o)
 .text.d_make_empty
                0x10009596       0x20 /usr/lib/gcc/arm-none-eabi/13.1.0/../../../../arm-none-eabi/lib/thumb/v6-m/nofp/libstdc++.a(cp-demangle.o)
 *fill*         0x100095b6        0x2 
 .text.d_make_comp
                0x100095b8       0xcc /usr/lib/gcc/arm-none-eabi/13.1.0/../../../../arm-none-eabi/lib/thumb/v6-m/nofp/libstdc++.a(cp-demangle.o)
 .text.d_make_name
                0x10009684       0x2c /usr/lib/gcc/arm-none-eabi/13.1.0/../../../../arm-none-eabi/lib/thumb/v6-m/nofp/libstdc++.a(cp-demangle.o)
 .text.d_make_builtin_type
                0x100096b0       0x14 /usr/lib/gcc/arm-none-eabi/13.1.0/../../../../arm-none-eabi/lib/thumb/v6-m/nofp/libstdc++.a(cp-demangle.o)
 .text.d_number
                0x100096c4       0x50 /usr/lib/gcc/arm-none-eabi/13.1.0/../../../../arm-none-eabi/lib/thumb/v6-m/nofp/libstdc++.a(cp-demangle.o)
 .text.d_number_component
                0x10009714       0x1c /usr/lib/gcc/arm-none-eabi/13.1.0/../../../../arm-none-eabi/lib/thumb/v6-m/nofp/libstdc++.a(cp-demangle.o)
 .text.d_call_offset
                0x10009730       0x4c /usr/lib/gcc/arm-none-eabi/13.1.0/../../../../arm-none-eabi/lib/thumb/v6-m/nofp/libstdc++.a(cp-demangle.o)
 .text.d_ref_qualifier
                0x1000977c       0x32 /usr/lib/gcc/arm-none-eabi/13.1.0/../../../../arm-none-eabi/lib/thumb/v6-m/nofp/libstdc++.a(cp-demangle.o)
 .text.d_compact_number
                0x100097ae       0x30 /usr/lib/gcc/arm-none-eabi/13.1.0/../../../../arm-none-eabi/lib/thumb/v6-m/nofp/libstdc++.a(cp-demangle.o)
 .text.d_template_param
                0x100097de       0x2e /usr/lib/gcc/arm-none-eabi/13.1.0/../../../../arm-none-eabi/lib/thumb/v6-m/nofp/libstdc++.a(cp-demangle.o)
 .text.d_discriminator
                0x1000980c       0x44 /usr/lib/gcc/arm-none-eabi/13.1.0/../../../../arm-none-eabi/lib/thumb/v6-m/nofp/libstdc++.a(cp-demangle.o)
 .text.d_add_substitution
                0x10009850       0x20 /usr/lib/gcc/arm-none-eabi/13.1.0/../../../../arm-none-eabi/lib/thumb/v6-m/nofp/libstdc++.a(cp-demangle.o)
 .text.d_count_templates_scopes
                0x10009870       0xcc /usr/lib/gcc/arm-none-eabi/13.1.0/../../../../arm-none-eabi/lib/thumb/v6-m/nofp/libstdc++.a(cp-demangle.o)
 .text.d_print_flush
                0x1000993c       0x1c /usr/lib/gcc/arm-none-eabi/13.1.0/../../../../arm-none-eabi/lib/thumb/v6-m/nofp/libstdc++.a(cp-demangle.o)
 .text.d_append_char
                0x10009958       0x22 /usr/lib/gcc/arm-none-eabi/13.1.0/../../../../arm-none-eabi/lib/thumb/v6-m/nofp/libstdc++.a(cp-demangle.o)
 .text.d_append_buffer
                0x1000997a       0x1a /usr/lib/gcc/arm-none-eabi/13.1.0/../../../../arm-none-eabi/lib/thumb/v6-m/nofp/libstdc++.a(cp-demangle.o)
 .text.d_pack_length
                0x10009994       0x1c /usr/lib/gcc/arm-none-eabi/13.1.0/../../../../arm-none-eabi/lib/thumb/v6-m/nofp/libstdc++.a(cp-demangle.o)
 .text.d_append_string
                0x100099b0       0x18 /usr/lib/gcc/arm-none-eabi/13.1.0/../../../../arm-none-eabi/lib/thumb/v6-m/nofp/libstdc++.a(cp-demangle.o)
 .text.d_append_num
                0x100099c8       0x24 /usr/lib/gcc/arm-none-eabi/13.1.0/../../../../arm-none-eabi/lib/thumb/v6-m/nofp/libstdc++.a(cp-demangle.o)
 .text.d_print_lambda_parm_name
                0x100099ec       0x38 /usr/lib/gcc/arm-none-eabi/13.1.0/../../../../arm-none-eabi/lib/thumb/v6-m/nofp/libstdc++.a(cp-demangle.o)
 .text.d_source_name
                0x10009a24       0x78 /usr/lib/gcc/arm-none-eabi/13.1.0/../../../../arm-none-eabi/lib/thumb/v6-m/nofp/libstdc++.a(cp-demangle.o)
 .text.d_abi_tags
                0x10009a9c       0x30 /usr/lib/gcc/arm-none-eabi/13.1.0/../../../../arm-none-eabi/lib/thumb/v6-m/nofp/libstdc++.a(cp-demangle.o)
 .text.d_maybe_module_name
                0x10009acc       0x52 /usr/lib/gcc/arm-none-eabi/13.1.0/../../../../arm-none-eabi/lib/thumb/v6-m/nofp/libstdc++.a(cp-demangle.o)
 .text.d_index_template_argument
                0x10009b1e       0x22 /usr/lib/gcc/arm-none-eabi/13.1.0/../../../../arm-none-eabi/lib/thumb/v6-m/nofp/libstdc++.a(cp-demangle.o)
 .text.d_lookup_template_argument
                0x10009b40       0x1e /usr/lib/gcc/arm-none-eabi/13.1.0/../../../../arm-none-eabi/lib/thumb/v6-m/nofp/libstdc++.a(cp-demangle.o)
 *fill*         0x10009b5e        0x2 
 .text.d_find_pack
                0x10009b60       0x74 /usr/lib/gcc/arm-none-eabi/13.1.0/../../../../arm-none-eabi/lib/thumb/v6-m/nofp/libstdc++.a(cp-demangle.o)
 .text.d_growable_string_callback_adapter
                0x10009bd4       0x6e /usr/lib/gcc/arm-none-eabi/13.1.0/../../../../arm-none-eabi/lib/thumb/v6-m/nofp/libstdc++.a(cp-demangle.o)
 .text.is_designated_init
                0x10009c42       0x2e /usr/lib/gcc/arm-none-eabi/13.1.0/../../../../arm-none-eabi/lib/thumb/v6-m/nofp/libstdc++.a(cp-demangle.o)
 .text.op_is_new_cast.isra.0
                0x10009c70       0x24 /usr/lib/gcc/arm-none-eabi/13.1.0/../../../../arm-none-eabi/lib/thumb/v6-m/nofp/libstdc++.a(cp-demangle.o)
 .text.d_print_comp
                0x10009c94     0x1288 /usr/lib/gcc/arm-none-eabi/13.1.0/../../../../arm-none-eabi/lib/thumb/v6-m/nofp/libstdc++.a(cp-demangle.o)
 .text.d_print_mod
                0x1000af1c      0x138 /usr/lib/gcc/arm-none-eabi/13.1.0/../../../../arm-none-eabi/lib/thumb/v6-m/nofp/libstdc++.a(cp-demangle.o)
 .text.d_print_function_type
                0x1000b054       0xc4 /usr/lib/gcc/arm-none-eabi/13.1.0/../../../../arm-none-eabi/lib/thumb/v6-m/nofp/libstdc++.a(cp-demangle.o)
 .text.d_print_mod_list
                0x1000b118       0xf0 /usr/lib/gcc/arm-none-eabi/13.1.0/../../../../arm-none-eabi/lib/thumb/v6-m/nofp/libstdc++.a(cp-demangle.o)
 .text.d_print_array_type
                0x1000b208       0x80 /usr/lib/gcc/arm-none-eabi/13.1.0/../../../../arm-none-eabi/lib/thumb/v6-m/nofp/libstdc++.a(cp-demangle.o)
 .text.d_print_expr_op
                0x1000b288       0x1c /usr/lib/gcc/arm-none-eabi/13.1.0/../../../../arm-none-eabi/lib/thumb/v6-m/nofp/libstdc++.a(cp-demangle.o)
 .text.d_print_subexpr
                0x1000b2a4       0x36 /usr/lib/gcc/arm-none-eabi/13.1.0/../../../../arm-none-eabi/lib/thumb/v6-m/nofp/libstdc++.a(cp-demangle.o)
 *fill*         0x1000b2da        0x2 
 .text.d_maybe_print_fold_expression
                0x1000b2dc       0xdc /usr/lib/gcc/arm-none-eabi/13.1.0/../../../../arm-none-eabi/lib/thumb/v6-m/nofp/libstdc++.a(cp-demangle.o)
 .text.d_maybe_print_designated_init
                0x1000b3b8       0x90 /usr/lib/gcc/arm-none-eabi/13.1.0/../../../../arm-none-eabi/lib/thumb/v6-m/nofp/libstdc++.a(cp-demangle.o)
 .text.next_is_type_qual.isra.0
                0x1000b448       0x30 /usr/lib/gcc/arm-none-eabi/13.1.0/../../../../arm-none-eabi/lib/thumb/v6-m/nofp/libstdc++.a(cp-demangle.o)
 .text.d_substitution
                0x1000b478      0x130 /usr/lib/gcc/arm-none-eabi/13.1.0/../../../../arm-none-eabi/lib/thumb/v6-m/nofp/libstdc++.a(cp-demangle.o)
 .text.d_expr_primary
                0x1000b5a8       0xc0 /usr/lib/gcc/arm-none-eabi/13.1.0/../../../../arm-none-eabi/lib/thumb/v6-m/nofp/libstdc++.a(cp-demangle.o)
 .text.d_template_arg
                0x1000b668       0x46 /usr/lib/gcc/arm-none-eabi/13.1.0/../../../../arm-none-eabi/lib/thumb/v6-m/nofp/libstdc++.a(cp-demangle.o)
 .text.d_template_args_1
                0x1000b6ae       0x58 /usr/lib/gcc/arm-none-eabi/13.1.0/../../../../arm-none-eabi/lib/thumb/v6-m/nofp/libstdc++.a(cp-demangle.o)
 .text.d_template_args
                0x1000b706       0x1c /usr/lib/gcc/arm-none-eabi/13.1.0/../../../../arm-none-eabi/lib/thumb/v6-m/nofp/libstdc++.a(cp-demangle.o)
 .text.d_encoding
                0x1000b722      0x402 /usr/lib/gcc/arm-none-eabi/13.1.0/../../../../arm-none-eabi/lib/thumb/v6-m/nofp/libstdc++.a(cp-demangle.o)
 .text.d_name   0x1000bb24      0x1cc /usr/lib/gcc/arm-none-eabi/13.1.0/../../../../arm-none-eabi/lib/thumb/v6-m/nofp/libstdc++.a(cp-demangle.o)
 .text.d_type   0x1000bcf0      0x47c /usr/lib/gcc/arm-none-eabi/13.1.0/../../../../arm-none-eabi/lib/thumb/v6-m/nofp/libstdc++.a(cp-demangle.o)
 .text.d_parmlist
                0x1000c16c       0x74 /usr/lib/gcc/arm-none-eabi/13.1.0/../../../../arm-none-eabi/lib/thumb/v6-m/nofp/libstdc++.a(cp-demangle.o)
 .text.d_bare_function_type
                0x1000c1e0       0x3a /usr/lib/gcc/arm-none-eabi/13.1.0/../../../../arm-none-eabi/lib/thumb/v6-m/nofp/libstdc++.a(cp-demangle.o)
 .text.d_function_type
                0x1000c21a       0x64 /usr/lib/gcc/arm-none-eabi/13.1.0/../../../../arm-none-eabi/lib/thumb/v6-m/nofp/libstdc++.a(cp-demangle.o)
 .text.d_template_parm
                0x1000c27e       0x80 /usr/lib/gcc/arm-none-eabi/13.1.0/../../../../arm-none-eabi/lib/thumb/v6-m/nofp/libstdc++.a(cp-demangle.o)
 .text.d_template_head
                0x1000c2fe       0x34 /usr/lib/gcc/arm-none-eabi/13.1.0/../../../../arm-none-eabi/lib/thumb/v6-m/nofp/libstdc++.a(cp-demangle.o)
 *fill*         0x1000c332        0x2 
 .text.d_operator_name
                0x1000c334       0xe0 /usr/lib/gcc/arm-none-eabi/13.1.0/../../../../arm-none-eabi/lib/thumb/v6-m/nofp/libstdc++.a(cp-demangle.o)
 .text.d_unqualified_name
                0x1000c414      0x2a4 /usr/lib/gcc/arm-none-eabi/13.1.0/../../../../arm-none-eabi/lib/thumb/v6-m/nofp/libstdc++.a(cp-demangle.o)
 .text.d_prefix
                0x1000c6b8       0xba /usr/lib/gcc/arm-none-eabi/13.1.0/../../../../arm-none-eabi/lib/thumb/v6-m/nofp/libstdc++.a(cp-demangle.o)
 *fill*         0x1000c772        0x2 
 .text.d_expression_1
                0x1000c774      0x3f4 /usr/lib/gcc/arm-none-eabi/13.1.0/../../../../arm-none-eabi/lib/thumb/v6-m/nofp/libstdc++.a(cp-demangle.o)
 .text.d_expression
                0x1000cb68       0x12 /usr/lib/gcc/arm-none-eabi/13.1.0/../../../../arm-none-eabi/lib/thumb/v6-m/nofp/libstdc++.a(cp-demangle.o)
 .text.d_exprlist
                0x1000cb7a       0x54 /usr/lib/gcc/arm-none-eabi/13.1.0/../../../../arm-none-eabi/lib/thumb/v6-m/nofp/libstdc++.a(cp-demangle.o)
 .text.d_cv_qualifiers
                0x1000cbce      0x144 /usr/lib/gcc/arm-none-eabi/13.1.0/../../../../arm-none-eabi/lib/thumb/v6-m/nofp/libstdc++.a(cp-demangle.o)
 *fill*         0x1000cd12        0x2 
 .text.d_demangle_callback.constprop.0
                0x1000cd14      0x294 /usr/lib/gcc/arm-none-eabi/13.1.0/../../../../arm-none-eabi/lib/thumb/v6-m/nofp/libstdc++.a(cp-demangle.o)
 .text.__cxa_demangle
                0x1000cfa8       0xb0 /usr/lib/gcc/arm-none-eabi/13.1.0/../../../../arm-none-eabi/lib/thumb/v6-m/nofp/libstdc++.a(cp-demangle.o)
                0x1000cfa8                __cxa_demangle
 .text._ZN10__cxxabiv1L24__is_gxx_exception_classEPc