Archive member included to satisfy reference by file (symbol)

/usr/lib/gcc/arm-none-eabi/13.1.0/../../../../arm-none-eabi/lib/thumb/v6-m/nofp/libstdc++.a(functexcept.o)
                              CMakeFiles/blit.dir/__/__/libraries/text.cpp.obj (std::__throw_invalid_argument(char const*))
/usr/lib/gcc/arm-none-eabi/13.1.0/../../../../arm-none-eabi/lib/thumb/v6-m/nofp/libstdc++.a(snprintf_lite.o)
                              /usr/lib/gcc/arm-none-eabi/13.1.0/../../../../arm-none-eabi/lib/thumb/v6-m/nofp/libstdc++.a(functexcept.o) (__gnu_cxx::__snprintf_lite(char*, unsigned int, char const*, std::__va_list))
/usr/lib/gcc/arm-none-eabi/13.1.0/../../../../arm-none-eabi/lib/thumb/v6-m/nofp/libstdc++.a(string-inst.o)
                              CMakeFiles/blit.dir/__/__/libraries/utility.cpp.obj (std::__cxx11::basic_string<char, std::char_traits<char>, std::allocator<char> >::_M_create(unsigned int&, unsigned int))
/usr/lib/gcc/arm-none-eabi/13.1.0/../../../../arm-none-eabi/lib/thumb/v6-m/nofp/libstdc++.a(bad_alloc.o)
                              /usr/lib/gcc/arm-none-eabi/13.1.0/../../../../arm-none-eabi/lib/thumb/v6-m/nofp/libstdc++.a(functexcept.o) (vtable for std::bad_alloc)
/usr/lib/gcc/arm-none-eabi/13.1.0/../../../../arm-none-eabi/lib/thumb/v6-m/nofp/libstdc++.a(bad_array_new.o)
                              /usr/lib/gcc/arm-none-eabi/13.1.0/../../../../arm-none-eabi/lib/thumb/v6-m/nofp/libstdc++.a(functexcept.o) (vtable for std::bad_array_new_length)
/usr/lib/gcc/arm-none-eabi/13.1.0/../../../../arm-none-eabi/lib/thumb/v6-m/nofp/libstdc++.a(bad_cast.o)
                              /usr/lib/gcc/arm-none-eabi/13.1.0/../../../../arm-none-eabi/lib/thumb/v6-m/nofp/libstdc++.a(functexcept.o) (vtable for std::bad_cast)
/usr/lib/gcc/arm-none-eabi/13.1.0/../../../../arm-none-eabi/lib/thumb/v6-m/nofp/libstdc++.a(bad_typeid.o)
                              /usr/lib/gcc/arm-none-eabi/13.1.0/../../../../arm-none-eabi/lib/thumb/v6-m/nofp/libstdc++.a(functexcept.o) (vtable for std::bad_typeid)
/usr/lib/gcc/arm-none-eabi/13.1.0/../../../../arm-none-eabi/lib/thumb/v6-m/nofp/libstdc++.a(eh_alloc.o)
                              /usr/lib/gcc/arm-none-eabi/13.1.0/../../../../arm-none-eabi/lib/thumb/v6-m/nofp/libstdc++.a(functexcept.o) (__cxa_allocate_exception)
/usr/lib/gcc/arm-none-eabi/13.1.0/../../../../arm-none-eabi/lib/thumb/v6-m/nofp/libstdc++.a(eh_arm.o)
                              /usr/lib/gcc/arm-none-eabi/13.1.0/../../../../arm-none-eabi/lib/thumb/v6-m/nofp/libstdc++.a(functexcept.o) (__cxa_end_cleanup)
/usr/lib/gcc/arm-none-eabi/13.1.0/../../../../arm-none-eabi/lib/thumb/v6-m/nofp/libstdc++.a(eh_catch.o)
                              /usr/lib/gcc/arm-none-eabi/13.1.0/../../../../arm-none-eabi/lib/thumb/v6-m/nofp/libstdc++.a(string-inst.o) (__cxa_begin_catch)
/usr/lib/gcc/arm-none-eabi/13.1.0/../../../../arm-none-eabi/lib/thumb/v6-m/nofp/libstdc++.a(eh_exception.o)
                              /usr/lib/gcc/arm-none-eabi/13.1.0/../../../../arm-none-eabi/lib/thumb/v6-m/nofp/libstdc++.a(bad_alloc.o) (std::exception::~exception())
/usr/lib/gcc/arm-none-eabi/13.1.0/../../../../arm-none-eabi/lib/thumb/v6-m/nofp/libstdc++.a(eh_globals.o)
                              /usr/lib/gcc/arm-none-eabi/13.1.0/../../../../arm-none-eabi/lib/thumb/v6-m/nofp/libstdc++.a(eh_catch.o) (__cxa_get_globals_fast)
/usr/lib/gcc/arm-none-eabi/13.1.0/../../../../arm-none-eabi/lib/thumb/v6-m/nofp/libstdc++.a(eh_personality.o)
                              /usr/lib/gcc/arm-none-eabi/13.1.0/../../../../arm-none-eabi/lib/thumb/v6-m/nofp/libstdc++.a(functexcept.o) (__gxx_personality_v0)
/usr/lib/gcc/arm-none-eabi/13.1.0/../../../../arm-none-eabi/lib/thumb/v6-m/nofp/libstdc++.a(eh_terminate.o)
                              /usr/lib/gcc/arm-none-eabi/13.1.0/../../../../arm-none-eabi/lib/thumb/v6-m/nofp/libstdc++.a(eh_alloc.o) (std::terminate())
/usr/lib/gcc/arm-none-eabi/13.1.0/../../../../arm-none-eabi/lib/thumb/v6-m/nofp/libstdc++.a(eh_throw.o)
                              /usr/lib/gcc/arm-none-eabi/13.1.0/../../../../arm-none-eabi/lib/thumb/v6-m/nofp/libstdc++.a(functexcept.o) (__cxa_throw)
/usr/lib/gcc/arm-none-eabi/13.1.0/../../../../arm-none-eabi/lib/thumb/v6-m/nofp/libstdc++.a(eh_unex_handler.o)
                              /usr/lib/gcc/arm-none-eabi/13.1.0/../../../../arm-none-eabi/lib/thumb/v6-m/nofp/libstdc++.a(eh_terminate.o) (__cxxabiv1::__unexpected_handler)
/usr/lib/gcc/arm-none-eabi/13.1.0/../../../../arm-none-eabi/lib/thumb/v6-m/nofp/libstdc++.a(si_class_type_info.o)
                              /usr/lib/gcc/arm-none-eabi/13.1.0/../../../../arm-none-eabi/lib/thumb/v6-m/nofp/libstdc++.a(bad_alloc.o) (vtable for __cxxabiv1::__si_class_type_info)
/usr/lib/gcc/arm-none-eabi/13.1.0/../../../../arm-none-eabi/lib/thumb/v6-m/nofp/libstdc++.a(tinfo.o)
[...]
Memory Configuration

Name             Origin             Length             Attributes
FLASH            0x10000000         0x00c00000         xr
FAT              0x10003000         0x00400000         r
RAM              0x20000000         0x00040000         xrw
SCRATCH_X        0x20040000         0x00001000         xrw
SCRATCH_Y        0x20041000         0x00001000         xrw
*default*        0x00000000         0xffffffff

Linker script and memory map

LOAD /usr/lib/gcc/arm-none-eabi/13.1.0/thumb/v6-m/nofp/crti.o
LOAD /usr/lib/gcc/arm-none-eabi/13.1.0/thumb/v6-m/nofp/crtbegin.o
LOAD /usr/lib/gcc/arm-none-eabi/13.1.0/../../../../arm-none-eabi/lib/thumb/v6-m/nofp/crt0.o

.flash_begin    0x10000000        0x0
                0x10000000                        __flash_binary_start = .

.boot2          0x10000000      0x100
                0x10000000                        __boot2_start__ = .
 *(.boot2)
 .boot2         0x10000000      0x100 /tmp/cc5F5OpE.o
                0x10000100                        __boot2_end__ = .
                0x00000001                        ASSERT (((__boot2_end__ - __boot2_start__) == 0x100), ERROR: Pico second stage bootloader must be 256 bytes in size)

.text           0x10000100     0xdfe8
                0x10000100                        __logical_binary_start = .
 *(.vectors)
 .vectors       0x10000100       0xd4 CMakeFiles/blit.dir/home/tom/Coding/PicoSystem/pico-sdk/src/rp2_common/pico_standard_link/crt0.S.obj
                0x10000100                __vectors
                0x10000100                __VECTOR_TABLE
                0x100001c0                isr_invalid
                0x100001c0                __default_isrs_start
                0x100001c2                isr_nmi
                0x100001c4                isr_hardfault
                0x100001c6                isr_svcall
                0x100001c8                isr_pendsv
                0x100001ca                isr_systick
                0x100001cc                isr_irq30
                0x100001cc                __unhandled_user_irq
                0x100001cc                isr_irq13
                0x100001cc                isr_irq27
                0x100001cc                isr_irq31
                0x100001cc                isr_irq5
                0x100001cc                isr_irq11
                0x100001cc                isr_irq23
                0x100001cc                isr_irq18
                0x100001cc                isr_irq28
                0x100001cc                isr_irq19
                0x100001cc                isr_irq0
                0x100001cc                isr_irq6
                0x100001cc                isr_irq22
                0x100001cc                isr_irq17
                0x100001cc                isr_irq14
                0x100001cc                isr_irq2
                0x100001cc                isr_irq10
                0x100001cc                isr_irq8
                0x100001cc                isr_irq24
                0x100001cc                isr_irq1
                0x100001cc                isr_irq7
                0x100001cc                isr_irq21
                0x100001cc                isr_irq20
                0x100001cc                isr_irq15
                0x100001cc                isr_irq25
                0x100001cc                isr_irq4
                0x100001cc                isr_irq16
                0x100001cc                isr_irq29
                0x100001cc                isr_irq26
                0x100001cc                __default_isrs_end
                0x100001cc                isr_irq3
                0x100001cc                isr_irq12
                0x100001cc                isr_irq9
                0x100001d2                unhandled_user_irq_num_in_r0
 *(.binary_info_header)
 .binary_info_header
                0x100001d4       0x14 CMakeFiles/blit.dir/home/tom/Coding/PicoSystem/pico-sdk/src/rp2_common/pico_standard_link/crt0.S.obj
                0x100001e8                        __binary_info_header_end = .
 *(.reset)
 .reset         0x100001e8       0xa0 CMakeFiles/blit.dir/home/tom/Coding/PicoSystem/pico-sdk/src/rp2_common/pico_standard_link/crt0.S.obj
                0x100001e8                _entry_point
 .reset         0x10000288       0x30 CMakeFiles/blit.dir/home/tom/Coding/PicoSystem/pico-sdk/src/rp2_common/pico_standard_link/binary_info.c.obj
 *(.init)
 .init          0x100002b8        0x4 /usr/lib/gcc/arm-none-eabi/13.1.0/thumb/v6-m/nofp/crti.o
                0x100002b8                _init
 *(EXCLUDE_FILE(*libm.a: *libc.a:*lib_a-mem*.o *libgcc.a:) .text*)
 .text.frame_dummy
                0x100002bc       0x20 /usr/lib/gcc/arm-none-eabi/13.1.0/thumb/v6-m/nofp/crtbegin.o
 .text._Z4initv
                0x100002dc        0x4 CMakeFiles/blit.dir/blit.cpp.obj
                0x100002dc                init()
 .text._Z6updatem
                0x100002e0        0x4 CMakeFiles/blit.dir/blit.cpp.obj
                0x100002e0                update(unsigned long)
 .text._Z4drawm
                0x100002e4      0x134 CMakeFiles/blit.dir/blit.cpp.obj
                0x100002e4                draw(unsigned long)
 .text.startup.main
                0x10000418      0x164 CMakeFiles/blit.dir/__/__/libraries/picosystem.cpp.obj
                0x10000418                main
 .text.startup._GLOBAL__sub_I__ZN10picosystem5statsE
                0x1000057c       0x40 CMakeFiles/blit.dir/__/__/libraries/picosystem.cpp.obj
 .text._ZN10picosystem5ALPHAEPtllS0_m
                0x100005bc      0x110 CMakeFiles/blit.dir/__/__/libraries/blend.cpp.obj
                0x100005bc                picosystem::ALPHA(unsigned short*, long, long, unsigned short*, unsigned long)
 .text._ZN10picosystem4COPYEPtllS0_m
                0x100006cc       0xe8 CMakeFiles/blit.dir/__/__/libraries/blend.cpp.obj
                0x100006cc                picosystem::COPY(unsigned short*, long, long, unsigned short*, unsigned long)
 .text._ZN10picosystem12audio_sampleEm
                0x100007b4      0x154 CMakeFiles/blit.dir/__/__/libraries/audio.cpp.obj
                0x100007b4                picosystem::audio_sample(unsigned long)
 .text._ZN10picosystem13_update_audioEv
                0x10000908      0x1ac CMakeFiles/blit.dir/__/__/libraries/audio.cpp.obj
                0x10000908                picosystem::_update_audio()
 .text._ZN10picosystem3penEv
                0x10000ab4       0x18 CMakeFiles/blit.dir/__/__/libraries/state.cpp.obj
                0x10000ab4                picosystem::pen()
 .text._ZN10picosystem3penEhhhh
                0x10000acc       0x10 CMakeFiles/blit.dir/__/__/libraries/state.cpp.obj
                0x10000acc                picosystem::pen(unsigned char, unsigned char, unsigned char, unsigned char)
 .text._ZN10picosystem5alphaEv
                0x10000adc        0xc CMakeFiles/blit.dir/__/__/libraries/state.cpp.obj
                0x10000adc                picosystem::alpha()
 .text._ZN10picosystem4clipEv
                0x10000ae8       0x30 CMakeFiles/blit.dir/__/__/libraries/state.cpp.obj
                0x10000ae8                picosystem::clip()
 .text._ZN10picosystem5blendEv
                0x10000b18       0x10 CMakeFiles/blit.dir/__/__/libraries/state.cpp.obj
                0x10000b18                picosystem::blend()
 .text._ZN10picosystem5blendEPFvPtllS0_mE
                0x10000b28        0xc CMakeFiles/blit.dir/__/__/libraries/state.cpp.obj
                0x10000b28                picosystem::blend(void (*)(unsigned short*, long, long, unsigned short*, unsigned long))
 .text._ZN10picosystem6targetEv
                0x10000b34       0x38 CMakeFiles/blit.dir/__/__/libraries/state.cpp.obj
                0x10000b34                picosystem::target()
 .text._ZN10picosystem6cameraEv
                0x10000b6c       0x14 CMakeFiles/blit.dir/__/__/libraries/state.cpp.obj
                0x10000b6c                picosystem::camera()
 .text._ZN10picosystem14_camera_offsetERlS0_
                0x10000b80       0x20 CMakeFiles/blit.dir/__/__/libraries/state.cpp.obj
                0x10000b80                picosystem::_camera_offset(long&, long&)
 .text._ZN10picosystem6cursorEv
                0x10000ba0       0x14 CMakeFiles/blit.dir/__/__/libraries/state.cpp.obj
                0x10000ba0                picosystem::cursor()
 .text._ZN10picosystem5frectEllll
                0x10000bb4       0xa8 CMakeFiles/blit.dir/__/__/libraries/primitives.cpp.obj
                0x10000bb4                picosystem::frect(long, long, long, long)
 .text._ZN10picosystem5clearEv
                0x10000c5c       0x28 CMakeFiles/blit.dir/__/__/libraries/primitives.cpp.obj
                0x10000c5c                picosystem::clear()
 .text._ZN10picosystem4blitEPNS_8buffer_tEllllllm
                0x10000c84      0x1b8 CMakeFiles/blit.dir/__/__/libraries/primitives.cpp.obj
                0x10000c84                picosystem::blit(picosystem::buffer_t*, long, long, long, long, long, long, unsigned long)
 .text._ZN10picosystem4blitEPNS_8buffer_tEllllllllm
                0x10000e3c      0x1b0 CMakeFiles/blit.dir/__/__/libraries/primitives.cpp.obj
                0x10000e3c                picosystem::blit(picosystem::buffer_t*, long, long, long, long, long, long, long, long, unsigned long)
 .text._ZN10picosystem3rgbEhhhh
                0x10000fec       0x20 CMakeFiles/blit.dir/__/__/libraries/utility.cpp.obj
                0x10000fec                picosystem::rgb(unsigned char, unsigned char, unsigned char, unsigned char)
 .text._ZN10picosystem6bufferEmmPv
                0x1000100c       0x54 CMakeFiles/blit.dir/__/__/libraries/utility.cpp.obj
                0x1000100c                picosystem::buffer(unsigned long, unsigned long, void*)
 .text._ZN10picosystem10intersectsEllllllll
                0x10001060       0x38 CMakeFiles/blit.dir/__/__/libraries/utility.cpp.obj
                0x10001060                picosystem::intersects(long, long, long, long, long, long, long, long)
 .text._ZN10picosystem12intersectionERlS0_S0_S0_llll
                0x10001098       0x6c CMakeFiles/blit.dir/__/__/libraries/utility.cpp.obj
                0x10001098                picosystem::intersection(long&, long&, long&, long&, long, long, long, long)
 .text._ZN10picosystem22_audio_update_callbackEP15repeating_timer
                0x10001104        0xc CMakeFiles/blit.dir/__/__/libraries/hardware.cpp.obj
                0x10001104                picosystem::_audio_update_callback(repeating_timer*)
 .text._ZN10picosystem12dma_completeEv
                0x10001110       0xa0 CMakeFiles/blit.dir/__/__/libraries/hardware.cpp.obj
                0x10001110                picosystem::dma_complete()
 .text._ZN10picosystem7time_usEv
                0x100011b0        0x8 CMakeFiles/blit.dir/__/__/libraries/hardware.cpp.obj
                0x100011b0                picosystem::time_us()
 .text._ZN10picosystem11_wait_vsyncEv
                0x100011b8       0x20 CMakeFiles/blit.dir/__/__/libraries/hardware.cpp.obj
                0x100011b8                picosystem::_wait_vsync()
 .text._ZN10picosystem12_is_flippingEv
                0x100011d8        0xc CMakeFiles/blit.dir/__/__/libraries/hardware.cpp.obj
                0x100011d8                picosystem::_is_flipping()
 .text._ZN10picosystem5_flipEv
                0x100011e4       0x70 CMakeFiles/blit.dir/__/__/libraries/hardware.cpp.obj
                0x100011e4                picosystem::_flip()
 .text._ZN10picosystem19screen_program_initEP8pio_hw_tj
                0x10001254       0xf8 CMakeFiles/blit.dir/__/__/libraries/hardware.cpp.obj
                0x10001254                picosystem::screen_program_init(pio_hw_t*, unsigned int)
 .text._ZN10picosystem9backlightEh
                0x1000134c       0x48 CMakeFiles/blit.dir/__/__/libraries/hardware.cpp.obj
                0x1000134c                picosystem::backlight(unsigned char)
 .text._ZN10picosystem10_play_noteEmm
                0x10001394       0xc0 CMakeFiles/blit.dir/__/__/libraries/hardware.cpp.obj
                0x10001394                picosystem::_play_note(unsigned long, unsigned long)
 .text._ZN10picosystem9_gpio_getEv
                0x10001454        0x8 CMakeFiles/blit.dir/__/__/libraries/hardware.cpp.obj
                0x10001454                picosystem::_gpio_get()
 .text._ZN10picosystem12_start_audioEv
                0x1000145c       0x30 CMakeFiles/blit.dir/__/__/libraries/hardware.cpp.obj
                0x1000145c                picosystem::_start_audio()
 .text._ZN10picosystem14_init_hardwareEv
                0x1000148c      0x5a4 CMakeFiles/blit.dir/__/__/libraries/hardware.cpp.obj
                0x1000148c                picosystem::_init_hardware()
 .text.set_sys_clock_pll
                0x10001a30       0x78 CMakeFiles/blit.dir/home/tom/Coding/PicoSystem/pico-sdk/src/rp2_common/pico_stdlib/stdlib.c.obj
                0x10001a30                set_sys_clock_pll
 .text.check_sys_clock_khz
                0x10001aa8      0x228 CMakeFiles/blit.dir/home/tom/Coding/PicoSystem/pico-sdk/src/rp2_common/pico_stdlib/stdlib.c.obj
                0x10001aa8                check_sys_clock_khz
 .text.gpio_set_function
                0x10001cd0       0x30 CMakeFiles/blit.dir/home/tom/Coding/PicoSystem/pico-sdk/src/rp2_common/hardware_gpio/gpio.c.obj
                0x10001cd0                gpio_set_function
 .text.gpio_set_pulls
                0x10001d00       0x24 CMakeFiles/blit.dir/home/tom/Coding/PicoSystem/pico-sdk/src/rp2_common/hardware_gpio/gpio.c.obj
                0x10001d00                gpio_set_pulls
 .text.gpio_set_input_enabled
                0x10001d24       0x28 CMakeFiles/blit.dir/home/tom/Coding/PicoSystem/pico-sdk/src/rp2_common/hardware_gpio/gpio.c.obj
                0x10001d24                gpio_set_input_enabled
 .text.gpio_init
                0x10001d4c       0x3c CMakeFiles/blit.dir/home/tom/Coding/PicoSystem/pico-sdk/src/rp2_common/hardware_gpio/gpio.c.obj
                0x10001d4c                gpio_init
 .text.running_on_fpga
                0x10001d88       0x10 CMakeFiles/blit.dir/home/tom/Coding/PicoSystem/pico-sdk/src/rp2_common/pico_platform/platform.c.obj
                0x10001d88                running_on_fpga
 .text.hw_claim_lock
                0x10001d98       0x18 CMakeFiles/blit.dir/home/tom/Coding/PicoSystem/pico-sdk/src/rp2_common/hardware_claim/claim.c.obj
                0x10001d98                hw_claim_lock
 .text.hw_claim_unlock
                0x10001db0       0x14 CMakeFiles/blit.dir/home/tom/Coding/PicoSystem/pico-sdk/src/rp2_common/hardware_claim/claim.c.obj
                0x10001db0                hw_claim_unlock
 .text.hw_claim_or_assert
                0x10001dc4       0x44 CMakeFiles/blit.dir/home/tom/Coding/PicoSystem/pico-sdk/src/rp2_common/hardware_claim/claim.c.obj
                0x10001dc4                hw_claim_or_assert
 .text.spin_locks_reset
                0x10001e08       0x1c CMakeFiles/blit.dir/home/tom/Coding/PicoSystem/pico-sdk/src/rp2_common/hardware_sync/sync.c.obj
                0x10001e08                spin_locks_reset
 .text.next_striped_spin_lock_num
                0x10001e24       0x18 CMakeFiles/blit.dir/home/tom/Coding/PicoSystem/pico-sdk/src/rp2_common/hardware_sync/sync.c.obj
                0x10001e24                next_striped_spin_lock_num
 .text.irq_set_enabled
                0x10001e3c       0x24 CMakeFiles/blit.dir/home/tom/Coding/PicoSystem/pico-sdk/src/rp2_common/hardware_irq/irq.c.obj
                0x10001e3c                irq_set_enabled
 .text.irq_get_vtable_handler
                0x10001e60       0x10 CMakeFiles/blit.dir/home/tom/Coding/PicoSystem/pico-sdk/src/rp2_common/hardware_irq/irq.c.obj
                0x10001e60                irq_get_vtable_handler
 .text.irq_set_exclusive_handler
                0x10001e70       0x54 CMakeFiles/blit.dir/home/tom/Coding/PicoSystem/pico-sdk/src/rp2_common/hardware_irq/irq.c.obj
                0x10001e70                irq_set_exclusive_handler
 .text.irq_remove_handler
                0x10001ec4      0x1c4 CMakeFiles/blit.dir/home/tom/Coding/PicoSystem/pico-sdk/src/rp2_common/hardware_irq/irq.c.obj
                0x10001ec4                irq_remove_handler
 .text.irq_add_tail_to_free_list
                0x10002088       0xb4 CMakeFiles/blit.dir/home/tom/Coding/PicoSystem/pico-sdk/src/rp2_common/hardware_irq/irq.c.obj
                0x10002088                irq_add_tail_to_free_list
 .text.irq_init_priorities
                0x1000213c       0x24 CMakeFiles/blit.dir/home/tom/Coding/PicoSystem/pico-sdk/src/rp2_common/hardware_irq/irq.c.obj
                0x1000213c                irq_init_priorities
 .text.lock_init
                0x10002160       0x10 CMakeFiles/blit.dir/home/tom/Coding/PicoSystem/pico-sdk/src/common/pico_sync/lock_core.c.obj
                0x10002160                lock_init
 .text.mutex_init
                0x10002170       0x1c CMakeFiles/blit.dir/home/tom/Coding/PicoSystem/pico-sdk/src/common/pico_sync/mutex.c.obj
                0x10002170                mutex_init
 .text.recursive_mutex_init
                0x1000218c       0x1c CMakeFiles/blit.dir/home/tom/Coding/PicoSystem/pico-sdk/src/common/pico_sync/mutex.c.obj
                0x1000218c                recursive_mutex_init
 .text.timer_pool_entry_comparator
                0x100021a8       0x34 CMakeFiles/blit.dir/home/tom/Coding/PicoSystem/pico-sdk/src/common/pico_time/time.c.obj
                0x100021a8                timer_pool_entry_comparator
 .text.repeating_timer_callback
                0x100021dc       0x1c CMakeFiles/blit.dir/home/tom/Coding/PicoSystem/pico-sdk/src/common/pico_time/time.c.obj
 .text.sleep_until_callback
                0x100021f8       0x30 CMakeFiles/blit.dir/home/tom/Coding/PicoSystem/pico-sdk/src/common/pico_time/time.c.obj
 .text.add_alarm_under_lock.isra.0
                0x10002228      0x100 CMakeFiles/blit.dir/home/tom/Coding/PicoSystem/pico-sdk/src/common/pico_time/time.c.obj
 .text.alarm_pool_alarm_callback
                0x10002328      0x1bc CMakeFiles/blit.dir/home/tom/Coding/PicoSystem/pico-sdk/src/common/pico_time/time.c.obj
 .text.alarm_pool_init_default
                0x100024e4       0x6c CMakeFiles/blit.dir/home/tom/Coding/PicoSystem/pico-sdk/src/common/pico_time/time.c.obj
                0x100024e4                alarm_pool_init_default
 .text.alarm_pool_get_default
                0x10002550        0x8 CMakeFiles/blit.dir/home/tom/Coding/PicoSystem/pico-sdk/src/common/pico_time/time.c.obj
                0x10002550                alarm_pool_get_default
 .text.alarm_pool_add_alarm_at
                0x10002558      0x17c CMakeFiles/blit.dir/home/tom/Coding/PicoSystem/pico-sdk/src/common/pico_time/time.c.obj
                0x10002558                alarm_pool_add_alarm_at
 .text.alarm_pool_cancel_alarm
                0x100026d4       0x68 CMakeFiles/blit.dir/home/tom/Coding/PicoSystem/pico-sdk/src/common/pico_time/time.c.obj
                0x100026d4                alarm_pool_cancel_alarm
 .text.alarm_pool_add_repeating_timer_us
                0x1000273c      0x20c CMakeFiles/blit.dir/home/tom/Coding/PicoSystem/pico-sdk/src/common/pico_time/time.c.obj
                0x1000273c                alarm_pool_add_repeating_timer_us
 .text.sleep_until
                0x10002948       0xc4 CMakeFiles/blit.dir/home/tom/Coding/PicoSystem/pico-sdk/src/common/pico_time/time.c.obj
                0x10002948                sleep_until
 .text.sleep_ms
                0x10002a0c       0x38 CMakeFiles/blit.dir/home/tom/Coding/PicoSystem/pico-sdk/src/common/pico_time/time.c.obj
                0x10002a0c                sleep_ms
 .text.best_effort_wfe_or_timeout
                0x10002a44       0x60 CMakeFiles/blit.dir/home/tom/Coding/PicoSystem/pico-sdk/src/common/pico_time/time.c.obj
                0x10002a44                best_effort_wfe_or_timeout
 .text.hardware_alarm_irq_handler
                0x10002aa4       0xbc CMakeFiles/blit.dir/home/tom/Coding/PicoSystem/pico-sdk/src/rp2_common/hardware_timer/timer.c.obj
 .text.hardware_alarm_claim
                0x10002b60       0x18 CMakeFiles/blit.dir/home/tom/Coding/PicoSystem/pico-sdk/src/rp2_common/hardware_timer/timer.c.obj
                0x10002b60                hardware_alarm_claim
 .text.time_us_64
                0x10002b78       0x14 CMakeFiles/blit.dir/home/tom/Coding/PicoSystem/pico-sdk/src/rp2_common/hardware_timer/timer.c.obj
                0x10002b78                time_us_64
 .text.busy_wait_us
                0x10002b8c       0x68 CMakeFiles/blit.dir/home/tom/Coding/PicoSystem/pico-sdk/src/rp2_common/hardware_timer/timer.c.obj
                0x10002b8c                busy_wait_us
 .text.busy_wait_until
                0x10002bf4       0x20 CMakeFiles/blit.dir/home/tom/Coding/PicoSystem/pico-sdk/src/rp2_common/hardware_timer/timer.c.obj
                0x10002bf4                busy_wait_until
 .text.hardware_alarm_set_callback
                0x10002c14       0x8c CMakeFiles/blit.dir/home/tom/Coding/PicoSystem/pico-sdk/src/rp2_common/hardware_timer/timer.c.obj
                0x10002c14                hardware_alarm_set_callback
 .text.hardware_alarm_set_target
                0x10002ca0       0xdc CMakeFiles/blit.dir/home/tom/Coding/PicoSystem/pico-sdk/src/rp2_common/hardware_timer/timer.c.obj
                0x10002ca0                hardware_alarm_set_target
 .text.hardware_alarm_cancel
                0x10002d7c       0x3c CMakeFiles/blit.dir/home/tom/Coding/PicoSystem/pico-sdk/src/rp2_common/hardware_timer/timer.c.obj
                0x10002d7c                hardware_alarm_cancel
 .text.ph_merge_nodes
                0x10002db8       0x58 CMakeFiles/blit.dir/home/tom/Coding/PicoSystem/pico-sdk/src/common/pico_util/pheap.c.obj
 .text.ph_post_alloc_init
                0x10002e10       0x3c CMakeFiles/blit.dir/home/tom/Coding/PicoSystem/pico-sdk/src/common/pico_util/pheap.c.obj
                0x10002e10                ph_post_alloc_init
 .text.ph_merge_two_pass
                0x10002e4c       0x8c CMakeFiles/blit.dir/home/tom/Coding/PicoSystem/pico-sdk/src/common/pico_util/pheap.c.obj
                0x10002e4c                ph_merge_two_pass
 .text.ph_remove_any_head
                0x10002ed8      0x100 CMakeFiles/blit.dir/home/tom/Coding/PicoSystem/pico-sdk/src/common/pico_util/pheap.c.obj
 .text.ph_remove_head
                0x10002fd8      0x104 CMakeFiles/blit.dir/home/tom/Coding/PicoSystem/pico-sdk/src/common/pico_util/pheap.c.obj
                0x10002fd8                ph_remove_head
 .text.ph_remove_and_free_node
                0x100030dc       0x78 CMakeFiles/blit.dir/home/tom/Coding/PicoSystem/pico-sdk/src/common/pico_util/pheap.c.obj
                0x100030dc                ph_remove_and_free_node
 .text.clock_configure
                0x10003154      0x110 CMakeFiles/blit.dir/home/tom/Coding/PicoSystem/pico-sdk/src/rp2_common/hardware_clocks/clocks.c.obj
                0x10003154                clock_configure
 .text.clocks_init
                0x10003264      0x2b4 CMakeFiles/blit.dir/home/tom/Coding/PicoSystem/pico-sdk/src/rp2_common/hardware_clocks/clocks.c.obj
                0x10003264                clocks_init
 .text.clock_get_hz
                0x10003518        0xc CMakeFiles/blit.dir/home/tom/Coding/PicoSystem/pico-sdk/src/rp2_common/hardware_clocks/clocks.c.obj
                0x10003518                clock_get_hz
 .text.pll_init
                0x10003524       0xac CMakeFiles/blit.dir/home/tom/Coding/PicoSystem/pico-sdk/src/rp2_common/hardware_pll/pll.c.obj
                0x10003524                pll_init
 .text.vreg_set_voltage
                0x100035d0       0x1c CMakeFiles/blit.dir/home/tom/Coding/PicoSystem/pico-sdk/src/rp2_common/hardware_vreg/vreg.c.obj
                0x100035d0                vreg_set_voltage
 .text.watchdog_start_tick
                0x100035ec       0x10 CMakeFiles/blit.dir/home/tom/Coding/PicoSystem/pico-sdk/src/rp2_common/hardware_watchdog/watchdog.c.obj
                0x100035ec                watchdog_start_tick
 .text.xosc_init
                0x100035fc       0x28 CMakeFiles/blit.dir/home/tom/Coding/PicoSystem/pico-sdk/src/rp2_common/hardware_xosc/xosc.c.obj
                0x100035fc                xosc_init
 .text.runtime_init
                0x10003624       0xf0 CMakeFiles/blit.dir/home/tom/Coding/PicoSystem/pico-sdk/src/rp2_common/pico_runtime/runtime.c.obj
                0x10003624                runtime_init
 .text._exit    0x10003714        0x4 CMakeFiles/blit.dir/home/tom/Coding/PicoSystem/pico-sdk/src/rp2_common/pico_runtime/runtime.c.obj
                0x10003714                _exit
 .text._sbrk    0x10003718       0x34 CMakeFiles/blit.dir/home/tom/Coding/PicoSystem/pico-sdk/src/rp2_common/pico_runtime/runtime.c.obj
                0x10003718                _sbrk
 .text._getpid  0x1000374c        0x4 CMakeFiles/blit.dir/home/tom/Coding/PicoSystem/pico-sdk/src/rp2_common/pico_runtime/runtime.c.obj
                0x1000374c                _getpid
 .text._kill    0x10003750        0x8 CMakeFiles/blit.dir/home/tom/Coding/PicoSystem/pico-sdk/src/rp2_common/pico_runtime/runtime.c.obj
                0x10003750                _kill
 .text.exit     0x10003758        0x8 CMakeFiles/blit.dir/home/tom/Coding/PicoSystem/pico-sdk/src/rp2_common/pico_runtime/runtime.c.obj
                0x10003758                exit
 .text.panic    0x10003760       0x30 CMakeFiles/blit.dir/home/tom/Coding/PicoSystem/pico-sdk/src/rp2_common/pico_runtime/runtime.c.obj
                0x10003760                panic
 .text.hard_assertion_failure
                0x10003790        0xc CMakeFiles/blit.dir/home/tom/Coding/PicoSystem/pico-sdk/src/rp2_common/pico_runtime/runtime.c.obj
                0x10003790                hard_assertion_failure
 .text._out_buffer
                0x1000379c        0x8 CMakeFiles/blit.dir/home/tom/Coding/PicoSystem/pico-sdk/src/rp2_common/pico_printf/printf.c.obj
 .text._out_null
                0x100037a4        0x4 CMakeFiles/blit.dir/home/tom/Coding/PicoSystem/pico-sdk/src/rp2_common/pico_printf/printf.c.obj
 .text._out_rev
                0x100037a8       0xac CMakeFiles/blit.dir/home/tom/Coding/PicoSystem/pico-sdk/src/rp2_common/pico_printf/printf.c.obj
 .text._ntoa_format
                0x10003854      0x250 CMakeFiles/blit.dir/home/tom/Coding/PicoSystem/pico-sdk/src/rp2_common/pico_printf/printf.c.obj
 .text._out_char
                0x10003aa4       0x10 CMakeFiles/blit.dir/home/tom/Coding/PicoSystem/pico-sdk/src/rp2_common/pico_printf/printf.c.obj
 .text._etoa    0x10003ab4      0x464 CMakeFiles/blit.dir/home/tom/Coding/PicoSystem/pico-sdk/src/rp2_common/pico_printf/printf.c.obj
 .text._ftoa    0x10003f18      0x3c0 CMakeFiles/blit.dir/home/tom/Coding/PicoSystem/pico-sdk/src/rp2_common/pico_printf/printf.c.obj
 .text._vsnprintf
                0x100042d8      0xbc8 CMakeFiles/blit.dir/home/tom/Coding/PicoSystem/pico-sdk/src/rp2_common/pico_printf/printf.c.obj
 .text.__wrap_sprintf
                0x10004ea0       0x2c CMakeFiles/blit.dir/home/tom/Coding/PicoSystem/pico-sdk/src/rp2_common/pico_printf/printf.c.obj
                0x10004ea0                __wrap_sprintf
 .text.weak_raw_vprintf
                0x10004ecc       0x30 CMakeFiles/blit.dir/home/tom/Coding/PicoSystem/pico-sdk/src/rp2_common/pico_printf/printf.c.obj
                0x10004ecc                weak_raw_vprintf
 .text          0x10004efc       0x10 CMakeFiles/blit.dir/home/tom/Coding/PicoSystem/pico-sdk/src/rp2_common/pico_bit_ops/bit_ops_aeabi.S.obj
 .text.ctzsi    0x10004f0c        0xc CMakeFiles/blit.dir/home/tom/Coding/PicoSystem/pico-sdk/src/rp2_common/pico_bit_ops/bit_ops_aeabi.S.obj
                0x10004f0c                __wrap___ctzsi2
 .text.rom_func_lookup
                0x10004f18       0x10 CMakeFiles/blit.dir/home/tom/Coding/PicoSystem/pico-sdk/src/rp2_common/pico_bootrom/bootrom.c.obj
                0x10004f18                rom_func_lookup
 .text.rom_data_lookup
                0x10004f28       0x10 CMakeFiles/blit.dir/home/tom/Coding/PicoSystem/pico-sdk/src/rp2_common/pico_bootrom/bootrom.c.obj
                0x10004f28                rom_data_lookup
 .text.rom_funcs_lookup
                0x10004f38       0x44 CMakeFiles/blit.dir/home/tom/Coding/PicoSystem/pico-sdk/src/rp2_common/pico_bootrom/bootrom.c.obj
                0x10004f38                rom_funcs_lookup
 .text.__wrap___aeabi_idiv
                0x10004f7c       0x50 CMakeFiles/blit.dir/home/tom/Coding/PicoSystem/pico-sdk/src/rp2_common/pico_divider/divider.S.obj
                0x10004f7c                __wrap___aeabi_idivmod
                0x10004f7c                divmod_s32s32
                0x10004f7c                div_s32s32
                0x10004f7c                __wrap___aeabi_idiv
                0x10004f84                divmod_s32s32_unsafe
                0x10004fb0                divmod_s32s32_savestate
 .text.__wrap___aeabi_uidiv
                0x10004fcc       0x4c CMakeFiles/blit.dir/home/tom/Coding/PicoSystem/pico-sdk/src/rp2_common/pico_divider/divider.S.obj
                0x10004fcc                __wrap___aeabi_uidiv
                0x10004fcc                __wrap___aeabi_uidivmod
                0x10004fcc                div_u32u32
                0x10004fcc                divmod_u32u32
                0x10004fd4                divmod_u32u32_unsafe
                0x10004ffc                divmod_u32u32_savestate
 .text.__wrap___aeabi_ldiv
                0x10005018      0x424 CMakeFiles/blit.dir/home/tom/Coding/PicoSystem/pico-sdk/src/rp2_common/pico_divider/divider.S.obj
                0x10005018                div_s64s64
                0x10005018                divmod_s64s64
                0x10005018                __wrap___aeabi_ldivmod
                0x10005048                div_u64u64
                0x10005048                divmod_u64u64
                0x10005048                __wrap___aeabi_uldivmod
                0x10005058                divmod_u64u64_savestate
                0x10005078                divmod_s64s64_unsafe
                0x10005100                divmod_u64u64_unsafe
 .text.__wrap___aeabi_darithmetic
                0x1000543c       0x80 CMakeFiles/blit.dir/home/tom/Coding/PicoSystem/pico-sdk/src/rp2_common/pico_double/double_aeabi.S.obj
                0x1000543c                __wrap___aeabi_drsub
                0x10005442                __wrap___aeabi_dsub
                0x10005454                __wrap___aeabi_dadd
                0x10005466                __wrap___aeabi_ddiv
                0x100054a2                __wrap___aeabi_dmul
 .text.__wrap___aeabi_cdcmple
                0x100054bc       0x6c CMakeFiles/blit.dir/home/tom/Coding/PicoSystem/pico-sdk/src/rp2_common/pico_double/double_aeabi.S.obj
                0x100054bc                __wrap___aeabi_cdrcmple
                0x100054cc                __wrap___aeabi_cdcmple
                0x100054cc                __wrap___aeabi_cdcmpeq
 .text.__wrap___aeabi_dcmplt
                0x10005528        0xc CMakeFiles/blit.dir/home/tom/Coding/PicoSystem/pico-sdk/src/rp2_common/pico_double/double_aeabi.S.obj
                0x10005528                __wrap___aeabi_dcmplt
 .text.__wrap___aeabi_dcmpge
                0x10005534       0x10 CMakeFiles/blit.dir/home/tom/Coding/PicoSystem/pico-sdk/src/rp2_common/pico_double/double_aeabi.S.obj
                0x10005534                __wrap___aeabi_dcmpge
 .text.__wrap___aeabi_dcmpgt
                0x10005544        0xa CMakeFiles/blit.dir/home/tom/Coding/PicoSystem/pico-sdk/src/rp2_common/pico_double/double_aeabi.S.obj
                0x10005544                __wrap___aeabi_dcmpgt
 .text.__wrap___aeabi_dcmpun
                0x1000554e       0x1c CMakeFiles/blit.dir/home/tom/Coding/PicoSystem/pico-sdk/src/rp2_common/pico_double/double_aeabi.S.obj
                0x1000554e                __wrap___aeabi_dcmpun
 *fill*         0x1000556a        0x2 
 .text.__wrap___aeabi_i2d
                0x1000556c       0x38 CMakeFiles/blit.dir/home/tom/Coding/PicoSystem/pico-sdk/src/rp2_common/pico_double/double_aeabi.S.obj
                0x1000556c                __wrap___aeabi_ui2d
                0x10005574                __wrap___aeabi_i2d
 .text.__wrap___aeabi_d2iz
                0x100055a4       0x48 CMakeFiles/blit.dir/home/tom/Coding/PicoSystem/pico-sdk/src/rp2_common/pico_double/double_aeabi.S.obj
                0x100055a4                __wrap___aeabi_d2iz
                0x100055a4                double2int_z
 .text.__wrap___aeabi_d2uiz
                0x100055ec       0x18 CMakeFiles/blit.dir/home/tom/Coding/PicoSystem/pico-sdk/src/rp2_common/pico_double/double_aeabi.S.obj
                0x100055ec                double2uint
                0x100055ec                __wrap___aeabi_d2uiz
 .text.__wrap___aeabi_d2f
                0x10005604       0x18 CMakeFiles/blit.dir/home/tom/Coding/PicoSystem/pico-sdk/src/rp2_common/pico_double/double_aeabi.S.obj
                0x10005604                __wrap___aeabi_d2f
 .text.__wrap_exp
                0x1000561c       0x18 CMakeFiles/blit.dir/home/tom/Coding/PicoSystem/pico-sdk/src/rp2_common/pico_double/double_aeabi.S.obj
                0x1000561c                __wrap_exp
 .text.__wrap_log
                0x10005634       0x18 CMakeFiles/blit.dir/home/tom/Coding/PicoSystem/pico-sdk/src/rp2_common/pico_double/double_aeabi.S.obj
                0x10005634                __wrap_log
 .text.__aeabi_double_init
                0x1000564c       0x98 CMakeFiles/blit.dir/home/tom/Coding/PicoSystem/pico-sdk/src/rp2_common/pico_double/double_init_rom.c.obj
                0x1000564c                __aeabi_double_init
 .text.double_table_shim_on_use_helper
                0x100056e4       0x2c CMakeFiles/blit.dir/home/tom/Coding/PicoSystem/pico-sdk/src/rp2_common/pico_double/double_v1_rom_shim.S.obj
                0x100056e4                double_table_shim_on_use_helper
 .text.__wrap___aeabi_dsub
                0x10005710       0x10 CMakeFiles/blit.dir/home/tom/Coding/PicoSystem/pico-sdk/src/rp2_common/pico_double/double_v1_rom_shim.S.obj
                0x10005710                drsub_shim
                0x10005716                dsub_shim
 .text.dadd_shim
                0x10005720      0x15c CMakeFiles/blit.dir/home/tom/Coding/PicoSystem/pico-sdk/src/rp2_common/pico_double/double_v1_rom_shim.S.obj
                0x10005720                dadd_shim
 .text.dmul_shim
                0x1000587c      0x15c CMakeFiles/blit.dir/home/tom/Coding/PicoSystem/pico-sdk/src/rp2_common/pico_double/double_v1_rom_shim.S.obj
                0x1000587c                dmul_shim
 .text.ddiv_shim
                0x100059d8      0x1b0 CMakeFiles/blit.dir/home/tom/Coding/PicoSystem/pico-sdk/src/rp2_common/pico_double/double_v1_rom_shim.S.obj
                0x100059d8                ddiv_shim
 .text.double2uint_shim
                0x10005b88        0xe CMakeFiles/blit.dir/home/tom/Coding/PicoSystem/pico-sdk/src/rp2_common/pico_double/double_v1_rom_shim.S.obj
                0x10005b88                double2uint_shim
                0x10005b8a                double2ufix_shim
 *fill*         0x10005b96        0x2 
 .text.double2uint64_shim
                0x10005b98       0x70 CMakeFiles/blit.dir/home/tom/Coding/PicoSystem/pico-sdk/src/rp2_common/pico_double/double_v1_rom_shim.S.obj
                0x10005b98                double2uint64_shim
                0x10005b9a                double2ufix64_shim
                0x10005bba                d2fix_a
 .text.double2float_shim
                0x10005c08       0x5c CMakeFiles/blit.dir/home/tom/Coding/PicoSystem/pico-sdk/src/rp2_common/pico_double/double_v1_rom_shim.S.obj
                0x10005c08                double2float_shim
 .text.x2double_shims
                0x10005c64       0x90 CMakeFiles/blit.dir/home/tom/Coding/PicoSystem/pico-sdk/src/rp2_common/pico_double/double_v1_rom_shim.S.obj
                0x10005c64                uint2double_shim
                0x10005c66                ufix2double_shim
                0x10005c6c                int2double_shim
                0x10005c6e                fix2double_shim
                0x10005c74                uint642double_shim
                0x10005c76                ufix642double_shim
                0x10005c7c                int642double_shim
                0x10005c7e                fix642double_shim
 .text.dunpacks
                0x10005cf4       0x3c CMakeFiles/blit.dir/home/tom/Coding/PicoSystem/pico-sdk/src/rp2_common/pico_double/double_v1_rom_shim.S.obj
                0x10005cf4                dunpacks
 .text.dreduce  0x10005d30       0x82 CMakeFiles/blit.dir/home/tom/Coding/PicoSystem/pico-sdk/src/rp2_common/pico_double/double_v1_rom_shim.S.obj
                0x10005d30                dreduce
 *fill*         0x10005db2        0x2 
 .text.dexp_guts
                0x10005db4      0x268 CMakeFiles/blit.dir/home/tom/Coding/PicoSystem/pico-sdk/src/rp2_common/pico_double/double_v1_rom_shim.S.obj
                0x10005db4                dexp_shim
                0x10005e50                dln_shim
 .text.__aeabi_lmul
                0x1000601c       0x32 CMakeFiles/blit.dir/home/tom/Coding/PicoSystem/pico-sdk/src/rp2_common/pico_int64_ops/pico_int64_ops_aeabi.S.obj
                0x1000601c                __wrap___aeabi_lmul
 *fill*         0x1000604e        0x2 
 .text.__wrap___aeabi_farithmetic
                0x10006050       0x48 CMakeFiles/blit.dir/home/tom/Coding/PicoSystem/pico-sdk/src/rp2_common/pico_float/float_aeabi.S.obj
                0x10006050                __wrap___aeabi_frsub
                0x10006056                __wrap___aeabi_fsub
                0x1000605c                __wrap___aeabi_fadd
                0x10006062                __wrap___aeabi_fdiv
                0x1000608a                __wrap___aeabi_fmul
 .text.__wrap___aeabi_cfcmple
                0x10006098       0x50 CMakeFiles/blit.dir/home/tom/Coding/PicoSystem/pico-sdk/src/rp2_common/pico_float/float_aeabi.S.obj
                0x10006098                __wrap___aeabi_cfrcmple
                0x100060a4                __wrap___aeabi_cfcmpeq
                0x100060a4                __wrap___aeabi_cfcmple
 .text.__wrap___aeabi_fcmpeq
                0x100060e8       0x10 CMakeFiles/blit.dir/home/tom/Coding/PicoSystem/pico-sdk/src/rp2_common/pico_float/float_aeabi.S.obj
                0x100060e8                __wrap___aeabi_fcmpeq
 .text.__wrap___aeabi_ui2f
                0x100060f8        0xa CMakeFiles/blit.dir/home/tom/Coding/PicoSystem/pico-sdk/src/rp2_common/pico_float/float_aeabi.S.obj
                0x100060f8                __wrap___aeabi_ui2f
 *fill*         0x10006102        0x2 
 .text.__wrap___aeabi_i2f
                0x10006104       0x44 CMakeFiles/blit.dir/home/tom/Coding/PicoSystem/pico-sdk/src/rp2_common/pico_float/float_aeabi.S.obj
                0x10006104                __wrap___aeabi_i2f
 .text.__wrap___aeabi_f2iz
                0x10006148       0x4e CMakeFiles/blit.dir/home/tom/Coding/PicoSystem/pico-sdk/src/rp2_common/pico_float/float_aeabi.S.obj
                0x10006148                __wrap___aeabi_f2iz
                0x10006148                float2int_z
 *fill*         0x10006196        0x2 
 .text.float2int
                0x10006198       0x14 CMakeFiles/blit.dir/home/tom/Coding/PicoSystem/pico-sdk/src/rp2_common/pico_float/float_aeabi.S.obj
                0x10006198                float2int
 .text.__wrap___aeabi_f2uiz
                0x100061ac        0xc CMakeFiles/blit.dir/home/tom/Coding/PicoSystem/pico-sdk/src/rp2_common/pico_float/float_aeabi.S.obj
                0x100061ac                __wrap___aeabi_f2uiz
 .text.fix2float
                0x100061b8        0xc CMakeFiles/blit.dir/home/tom/Coding/PicoSystem/pico-sdk/src/rp2_common/pico_float/float_aeabi.S.obj
                0x100061b8                fix2float
 .text.__wrap___aeabi_f2d
                0x100061c4       0x14 CMakeFiles/blit.dir/home/tom/Coding/PicoSystem/pico-sdk/src/rp2_common/pico_float/float_aeabi.S.obj
                0x100061c4                __wrap___aeabi_f2d
 .text.__wrap_sinf
                0x100061d8       0x24 CMakeFiles/blit.dir/home/tom/Coding/PicoSystem/pico-sdk/src/rp2_common/pico_float/float_aeabi.S.obj
                0x100061d8                __wrap_sinf
 .text.__aeabi_float_init
                0x100061fc       0x64 CMakeFiles/blit.dir/home/tom/Coding/PicoSystem/pico-sdk/src/rp2_common/pico_float/float_init_rom.c.obj
                0x100061fc                __aeabi_float_init
 .text.fpow_int2
                0x10006260       0xb8 CMakeFiles/blit.dir/home/tom/Coding/PicoSystem/pico-sdk/src/rp2_common/pico_float/float_math.c.obj
 .text.fpow_0   0x10006318       0xfc CMakeFiles/blit.dir/home/tom/Coding/PicoSystem/pico-sdk/src/rp2_common/pico_float/float_math.c.obj
 .text.__wrap_powf
                0x10006414      0x198 CMakeFiles/blit.dir/home/tom/Coding/PicoSystem/pico-sdk/src/rp2_common/pico_float/float_math.c.obj
                0x10006414                __wrap_powf
 .text.__wrap_remquof
                0x100065ac      0x144 CMakeFiles/blit.dir/home/tom/Coding/PicoSystem/pico-sdk/src/rp2_common/pico_float/float_math.c.obj
                0x100065ac                __wrap_remquof
 .text.__wrap_remainderf
                0x100066f0        0xc CMakeFiles/blit.dir/home/tom/Coding/PicoSystem/pico-sdk/src/rp2_common/pico_float/float_math.c.obj
                0x100066f0                __wrap_remainderf
 .text.float_table_shim_on_use_helper
                0x100066fc       0x2c CMakeFiles/blit.dir/home/tom/Coding/PicoSystem/pico-sdk/src/rp2_common/pico_float/float_v1_rom_shim.S.obj
                0x100066fc                float_table_shim_on_use_helper
 .text.float232_shims
                0x10006728       0x18 CMakeFiles/blit.dir/home/tom/Coding/PicoSystem/pico-sdk/src/rp2_common/pico_float/float_v1_rom_shim.S.obj
                0x10006728                float2int_shim
                0x1000672a                float2fix_shim
 .text.float2double_shim
                0x10006740       0x30 CMakeFiles/blit.dir/home/tom/Coding/PicoSystem/pico-sdk/src/rp2_common/pico_float/float_v1_rom_shim.S.obj
                0x10006740                float2double_shim
 .text.__wrap_malloc
                0x10006770       0x24 CMakeFiles/blit.dir/home/tom/Coding/PicoSystem/pico-sdk/src/rp2_common/pico_malloc/pico_malloc.c.obj
                0x10006770                __wrap_malloc
 .text.__wrap_realloc
                0x10006794       0x24 CMakeFiles/blit.dir/home/tom/Coding/PicoSystem/pico-sdk/src/rp2_common/pico_malloc/pico_malloc.c.obj
                0x10006794                __wrap_realloc
 .text.__wrap_free
                0x100067b8        0x8 CMakeFiles/blit.dir/home/tom/Coding/PicoSystem/pico-sdk/src/rp2_common/pico_malloc/pico_malloc.c.obj
                0x100067b8                __wrap_free
 .text          0x100067c0       0x10 CMakeFiles/blit.dir/home/tom/Coding/PicoSystem/pico-sdk/src/rp2_common/pico_mem_ops/mem_ops_aeabi.S.obj
                0x100067c0                __aeabi_mem_init
 .text.memset   0x100067d0        0xc CMakeFiles/blit.dir/home/tom/Coding/PicoSystem/pico-sdk/src/rp2_common/pico_mem_ops/mem_ops_aeabi.S.obj
                0x100067d0                __wrap_memset
 .text.memcpy   0x100067dc        0xc CMakeFiles/blit.dir/home/tom/Coding/PicoSystem/pico-sdk/src/rp2_common/pico_mem_ops/mem_ops_aeabi.S.obj
                0x100067dc                __wrap___aeabi_memcpy
                0x100067dc                __wrap_memcpy
 .text._Znwj    0x100067e8        0x8 CMakeFiles/blit.dir/home/tom/Coding/PicoSystem/pico-sdk/src/rp2_common/pico_standard_link/new_delete.cpp.obj
                0x100067e8                operator new(unsigned int)
 .text._Znaj    0x100067f0        0x8 CMakeFiles/blit.dir/home/tom/Coding/PicoSystem/pico-sdk/src/rp2_common/pico_standard_link/new_delete.cpp.obj
                0x100067f0                operator new[](unsigned int)
 .text._ZdlPv   0x100067f8        0x8 CMakeFiles/blit.dir/home/tom/Coding/PicoSystem/pico-sdk/src/rp2_common/pico_standard_link/new_delete.cpp.obj
                0x100067f8                operator delete(void*)
 .text._ZdlPvj  0x10006800        0x8 CMakeFiles/blit.dir/home/tom/Coding/PicoSystem/pico-sdk/src/rp2_common/pico_standard_link/new_delete.cpp.obj
                0x10006800                operator delete(void*, unsigned int)
 .text.stdio_out_chars_crlf
                0x10006808       0x94 CMakeFiles/blit.dir/home/tom/Coding/PicoSystem/pico-sdk/src/rp2_common/pico_stdio/stdio.c.obj
 .text.__wrap_putchar
                0x1000689c       0x98 CMakeFiles/blit.dir/home/tom/Coding/PicoSystem/pico-sdk/src/rp2_common/pico_stdio/stdio.c.obj
                0x1000689c                __wrap_putchar
 .text.__wrap_puts
                0x10006934       0xe0 CMakeFiles/blit.dir/home/tom/Coding/PicoSystem/pico-sdk/src/rp2_common/pico_stdio/stdio.c.obj
                0x10006934                __wrap_puts
 .text._read    0x10006a14       0x94 CMakeFiles/blit.dir/home/tom/Coding/PicoSystem/pico-sdk/src/rp2_common/pico_stdio/stdio.c.obj
                0x10006a14                _read
 .text._write   0x10006aa8       0xb4 CMakeFiles/blit.dir/home/tom/Coding/PicoSystem/pico-sdk/src/rp2_common/pico_stdio/stdio.c.obj
                0x10006aa8                _write
 .text._close   0x10006b5c        0x8 CMakeFiles/blit.dir/home/tom/Coding/PicoSystem/pico-sdk/src/rp2_common/pico_stdio/stdio.c.obj
                0x10006b5c                _close
 .text._lseek   0x10006b64        0x8 CMakeFiles/blit.dir/home/tom/Coding/PicoSystem/pico-sdk/src/rp2_common/pico_stdio/stdio.c.obj
                0x10006b64                _lseek
 .text._fstat   0x10006b6c        0x8 CMakeFiles/blit.dir/home/tom/Coding/PicoSystem/pico-sdk/src/rp2_common/pico_stdio/stdio.c.obj
                0x10006b6c                _fstat
 .text._isatty  0x10006b74        0xc CMakeFiles/blit.dir/home/tom/Coding/PicoSystem/pico-sdk/src/rp2_common/pico_stdio/stdio.c.obj
                0x10006b74                _isatty
 .text.pio_add_program
                0x10006b80       0xf0 CMakeFiles/blit.dir/home/tom/Coding/PicoSystem/pico-sdk/src/rp2_common/hardware_pio/pio.c.obj
                0x10006b80                pio_add_program
 .text.pio_sm_set_pins_with_mask
                0x10006c70       0xa8 CMakeFiles/blit.dir/home/tom/Coding/PicoSystem/pico-sdk/src/rp2_common/hardware_pio/pio.c.obj
                0x10006c70                pio_sm_set_pins_with_mask
 .text.pio_sm_set_pindirs_with_mask
                0x10006d18       0xa8 CMakeFiles/blit.dir/home/tom/Coding/PicoSystem/pico-sdk/src/rp2_common/hardware_pio/pio.c.obj
                0x10006d18                pio_sm_set_pindirs_with_mask
 .text.pio_sm_set_consecutive_pindirs
                0x10006dc0       0xa8 CMakeFiles/blit.dir/home/tom/Coding/PicoSystem/pico-sdk/src/rp2_common/hardware_pio/pio.c.obj
                0x10006dc0                pio_sm_set_consecutive_pindirs
 .text.pio_sm_init
                0x10006e68       0x98 CMakeFiles/blit.dir/home/tom/Coding/PicoSystem/pico-sdk/src/rp2_common/hardware_pio/pio.c.obj
                0x10006e68                pio_sm_init
 .text.spi_init
                0x10006f00       0xec CMakeFiles/blit.dir/home/tom/Coding/PicoSystem/pico-sdk/src/rp2_common/hardware_spi/spi.c.obj
                0x10006f00                spi_init
 .text.adc_init
                0x10006fec       0x38 CMakeFiles/blit.dir/home/tom/Coding/PicoSystem/pico-sdk/src/rp2_common/hardware_adc/adc.c.obj
                0x10006fec                adc_init
 .text.unlikely._ZSt17__throw_bad_allocv
                0x10007024       0x20 /usr/lib/gcc/arm-none-eabi/13.1.0/../../../../arm-none-eabi/lib/thumb/v6-m/nofp/libstdc++.a(functexcept.o)
                0x10007024                std::__throw_bad_alloc()
 .text.unlikely._ZSt19__throw_logic_errorPKc
                0x10007044       0x30 /usr/lib/gcc/arm-none-eabi/13.1.0/../../../../arm-none-eabi/lib/thumb/v6-m/nofp/libstdc++.a(functexcept.o)
                0x10007044                std::__throw_logic_error(char const*)
 .text.unlikely._ZSt20__throw_length_errorPKc
                0x10007074       0x30 /usr/lib/gcc/arm-none-eabi/13.1.0/../../../../arm-none-eabi/lib/thumb/v6-m/nofp/libstdc++.a(functexcept.o)
                0x10007074                std::__throw_length_error(char const*)
 .text._ZSt24__throw_out_of_range_fmtPKcz
                0x100070a4       0x64 /usr/lib/gcc/arm-none-eabi/13.1.0/../../../../arm-none-eabi/lib/thumb/v6-m/nofp/libstdc++.a(functexcept.o)
                0x100070a4                std::__throw_out_of_range_fmt(char const*, ...)
 .text._ZN9__gnu_cxx26__throw_insufficient_spaceEPKcS1_
                0x10007108       0x50 /usr/lib/gcc/arm-none-eabi/13.1.0/../../../../arm-none-eabi/lib/thumb/v6-m/nofp/libstdc++.a(snprintf_lite.o)
                0x10007108                __gnu_cxx::__throw_insufficient_space(char const*, char const*)
 .text._ZN9__gnu_cxx15__concat_size_tEPcjj
                0x10007158       0x68 /usr/lib/gcc/arm-none-eabi/13.1.0/../../../../arm-none-eabi/lib/thumb/v6-m/nofp/libstdc++.a(snprintf_lite.o)
                0x10007158                __gnu_cxx::__concat_size_t(char*, unsigned int, unsigned int)
 .text._ZN9__gnu_cxx15__snprintf_liteEPcjPKcSt9__va_list
                0x100071c0       0x88 /usr/lib/gcc/arm-none-eabi/13.1.0/../../../../arm-none-eabi/lib/thumb/v6-m/nofp/libstdc++.a(snprintf_lite.o)
                0x100071c0                __gnu_cxx::__snprintf_lite(char*, unsigned int, char const*, std::__va_list)
 .text._ZNKSt9bad_alloc4whatEv
                0x10007248        0x8 /usr/lib/gcc/arm-none-eabi/13.1.0/../../../../arm-none-eabi/lib/thumb/v6-m/nofp/libstdc++.a(bad_alloc.o)
                0x10007248                std::bad_alloc::what() const
 .text._ZNSt9bad_allocD2Ev
                0x10007250       0x14 /usr/lib/gcc/arm-none-eabi/13.1.0/../../../../arm-none-eabi/lib/thumb/v6-m/nofp/libstdc++.a(bad_alloc.o)
                0x10007250                std::bad_alloc::~bad_alloc()
                0x10007250                std::bad_alloc::~bad_alloc()
 .text._ZNSt9bad_allocD0Ev
                0x10007264       0x14 /usr/lib/gcc/arm-none-eabi/13.1.0/../../../../arm-none-eabi/lib/thumb/v6-m/nofp/libstdc++.a(bad_alloc.o)
                0x10007264                std::bad_alloc::~bad_alloc()
 .text._ZN12_GLOBAL__N_14pool4freeEPv.constprop.0
                0x10007278       0x68 /usr/lib/gcc/arm-none-eabi/13.1.0/../../../../arm-none-eabi/lib/thumb/v6-m/nofp/libstdc++.a(eh_alloc.o)
 .text._ZN12_GLOBAL__N_14pool8allocateEj.constprop.0
                0x100072e0       0x50 /usr/lib/gcc/arm-none-eabi/13.1.0/../../../../arm-none-eabi/lib/thumb/v6-m/nofp/libstdc++.a(eh_alloc.o)
 .text.__cxa_allocate_exception
                0x10007330       0x2c /usr/lib/gcc/arm-none-eabi/13.1.0/../../../../arm-none-eabi/lib/thumb/v6-m/nofp/libstdc++.a(eh_alloc.o)
                0x10007330                __cxa_allocate_exception
 .text.__cxa_free_exception
                0x1000735c       0x24 /usr/lib/gcc/arm-none-eabi/13.1.0/../../../../arm-none-eabi/lib/thumb/v6-m/nofp/libstdc++.a(eh_alloc.o)
                0x1000735c                __cxa_free_exception
 .text._ZNKSt17basic_string_viewIcSt11char_traitsIcEE7compareEjjPKcj
                0x10007380       0x44 /usr/lib/gcc/arm-none-eabi/13.1.0/../../../../arm-none-eabi/lib/thumb/v6-m/nofp/libstdc++.a(eh_alloc.o)
                0x10007380                std::basic_string_view<char, std::char_traits<char> >::compare(unsigned int, unsigned int, char const*, unsigned int) const
 .text.startup._GLOBAL__sub_I__ZN9__gnu_cxx9__freeresEv
                0x100073c4       0xf8 /usr/lib/gcc/arm-none-eabi/13.1.0/../../../../arm-none-eabi/lib/thumb/v6-m/nofp/libstdc++.a(eh_alloc.o)
 .text.__cxa_end_cleanup
                0x100074bc        0xc /usr/lib/gcc/arm-none-eabi/13.1.0/../../../../arm-none-eabi/lib/thumb/v6-m/nofp/libstdc++.a(eh_arm.o)
                0x100074bc                __cxa_end_cleanup
 .text._ZN10__cxxabiv1L24__is_gxx_exception_classEPc
                0x100074c8       0x3a /usr/lib/gcc/arm-none-eabi/13.1.0/../../../../arm-none-eabi/lib/thumb/v6-m/nofp/libstdc++.a(eh_arm.o)
 *fill*         0x10007502        0x2 
 .text.__cxa_type_match
                0x10007504       0xb8 /usr/lib/gcc/arm-none-eabi/13.1.0/../../../../arm-none-eabi/lib/thumb/v6-m/nofp/libstdc++.a(eh_arm.o)
                0x10007504                __cxa_type_match
 .text.__cxa_begin_cleanup
                0x100075bc       0x36 /usr/lib/gcc/arm-none-eabi/13.1.0/../../../../arm-none-eabi/lib/thumb/v6-m/nofp/libstdc++.a(eh_arm.o)
                0x100075bc                __cxa_begin_cleanup
 .text.__gnu_end_cleanup
                0x100075f2       0x38 /usr/lib/gcc/arm-none-eabi/13.1.0/../../../../arm-none-eabi/lib/thumb/v6-m/nofp/libstdc++.a(eh_arm.o)
                0x100075f2                __gnu_end_cleanup
 .text._ZN10__cxxabiv1L24__is_gxx_exception_classEPc
                0x1000762a       0x3a /usr/lib/gcc/arm-none-eabi/13.1.0/../../../../arm-none-eabi/lib/thumb/v6-m/nofp/libstdc++.a(eh_catch.o)
 .text.__cxa_begin_catch
                0x10007664       0x4e /usr/lib/gcc/arm-none-eabi/13.1.0/../../../../arm-none-eabi/lib/thumb/v6-m/nofp/libstdc++.a(eh_catch.o)
                0x10007664                __cxa_begin_catch
 .text.__cxa_end_catch
                0x100076b2       0x4e /usr/lib/gcc/arm-none-eabi/13.1.0/../../../../arm-none-eabi/lib/thumb/v6-m/nofp/libstdc++.a(eh_catch.o)
                0x100076b2                __cxa_end_catch
 .text._ZNSt9exceptionD2Ev
                0x10007700        0x2 /usr/lib/gcc/arm-none-eabi/13.1.0/../../../../arm-none-eabi/lib/thumb/v6-m/nofp/libstdc++.a(eh_exception.o)
                0x10007700                std::exception::~exception()
                0x10007700                std::exception::~exception()
 .text._ZNSt13bad_exceptionD2Ev
                0x10007702        0x2 /usr/lib/gcc/arm-none-eabi/13.1.0/../../../../arm-none-eabi/lib/thumb/v6-m/nofp/libstdc++.a(eh_exception.o)
                0x10007702                std::bad_exception::~bad_exception()
                0x10007702                std::bad_exception::~bad_exception()
 .text._ZNKSt13bad_exception4whatEv
                0x10007704        0x8 /usr/lib/gcc/arm-none-eabi/13.1.0/../../../../arm-none-eabi/lib/thumb/v6-m/nofp/libstdc++.a(eh_exception.o)
                0x10007704                transaction clone for std::bad_exception::what() const
                0x10007704                std::bad_exception::what() const
 .text._ZNSt13bad_exceptionD0Ev
                0x1000770c        0xe /usr/lib/gcc/arm-none-eabi/13.1.0/../../../../arm-none-eabi/lib/thumb/v6-m/nofp/libstdc++.a(eh_exception.o)
                0x1000770c                std::bad_exception::~bad_exception()
 *fill*         0x1000771a        0x2 
 .text.__cxa_get_globals_fast
                0x1000771c        0x8 /usr/lib/gcc/arm-none-eabi/13.1.0/../../../../arm-none-eabi/lib/thumb/v6-m/nofp/libstdc++.a(eh_globals.o)
                0x1000771c                __cxa_get_globals_fast
 .text.__cxa_get_globals
                0x10007724        0x8 /usr/lib/gcc/arm-none-eabi/13.1.0/../../../../arm-none-eabi/lib/thumb/v6-m/nofp/libstdc++.a(eh_globals.o)
                0x10007724                __cxa_get_globals
 .text._ZL12read_uleb128PKhPm
                0x1000772c       0x2c /usr/lib/gcc/arm-none-eabi/13.1.0/../../../../arm-none-eabi/lib/thumb/v6-m/nofp/libstdc++.a(eh_personality.o)
 .text._ZL12read_sleb128PKhPl
                0x10007758       0x30 /usr/lib/gcc/arm-none-eabi/13.1.0/../../../../arm-none-eabi/lib/thumb/v6-m/nofp/libstdc++.a(eh_personality.o)
 .text._ZL28read_encoded_value_with_basehjPKhPj
                0x10007788       0xb2 /usr/lib/gcc/arm-none-eabi/13.1.0/../../../../arm-none-eabi/lib/thumb/v6-m/nofp/libstdc++.a(eh_personality.o)
 .text._ZL21base_of_encoded_valuehP15_Unwind_Context
                0x1000783a       0x3e /usr/lib/gcc/arm-none-eabi/13.1.0/../../../../arm-none-eabi/lib/thumb/v6-m/nofp/libstdc++.a(eh_personality.o)
 .text._ZL18read_encoded_valueP15_Unwind_ContexthPKhPj
                0x10007878       0x1e /usr/lib/gcc/arm-none-eabi/13.1.0/../../../../arm-none-eabi/lib/thumb/v6-m/nofp/libstdc++.a(eh_personality.o)
 .text._ZL17parse_lsda_headerP15_Unwind_ContextPKhP16lsda_header_info
                0x10007896       0x60 /usr/lib/gcc/arm-none-eabi/13.1.0/../../../../arm-none-eabi/lib/thumb/v6-m/nofp/libstdc++.a(eh_personality.o)
 .text._Unwind_GetGR
                0x100078f6       0x16 /usr/lib/gcc/arm-none-eabi/13.1.0/../../../../arm-none-eabi/lib/thumb/v6-m/nofp/libstdc++.a(eh_personality.o)
 .text.__gxx_personality_v0
                0x1000790c      0x330 /usr/lib/gcc/arm-none-eabi/13.1.0/../../../../arm-none-eabi/lib/thumb/v6-m/nofp/libstdc++.a(eh_personality.o)
                0x1000790c                __gxx_personality_v0
 .text._ZN10__cxxabiv111__terminateEPFvvE
                0x10007c3c       0x10 /usr/lib/gcc/arm-none-eabi/13.1.0/../../../../arm-none-eabi/lib/thumb/v6-m/nofp/libstdc++.a(eh_terminate.o)
                0x10007c3c                __cxxabiv1::__terminate(void (*)())
 .text._ZSt9terminatev
                0x10007c4c       0x10 /usr/lib/gcc/arm-none-eabi/13.1.0/../../../../arm-none-eabi/lib/thumb/v6-m/nofp/libstdc++.a(eh_terminate.o)
                0x10007c4c                std::terminate()
 .text._ZN10__cxxabiv112__unexpectedEPFvvE
                0x10007c5c        0x8 /usr/lib/gcc/arm-none-eabi/13.1.0/../../../../arm-none-eabi/lib/thumb/v6-m/nofp/libstdc++.a(eh_terminate.o)
                0x10007c5c                __cxxabiv1::__unexpected(void (*)())
 .text._ZSt10unexpectedv
                0x10007c64       0x10 /usr/lib/gcc/arm-none-eabi/13.1.0/../../../../arm-none-eabi/lib/thumb/v6-m/nofp/libstdc++.a(eh_terminate.o)
                0x10007c64                std::unexpected()
 .text._ZSt13get_terminatev
                0x10007c74        0xc /usr/lib/gcc/arm-none-eabi/13.1.0/../../../../arm-none-eabi/lib/thumb/v6-m/nofp/libstdc++.a(eh_terminate.o)
                0x10007c74                std::get_terminate()
 .text._ZSt14get_unexpectedv
                0x10007c80        0xc /usr/lib/gcc/arm-none-eabi/13.1.0/../../../../arm-none-eabi/lib/thumb/v6-m/nofp/libstdc++.a(eh_terminate.o)
                0x10007c80                std::get_unexpected()
 .text._ZL23__gxx_exception_cleanup19_Unwind_Reason_CodeP21_Unwind_Control_Block
                0x10007c8c       0x30 /usr/lib/gcc/arm-none-eabi/13.1.0/../../../../arm-none-eabi/lib/thumb/v6-m/nofp/libstdc++.a(eh_throw.o)
 .text.__cxa_init_primary_exception
                0x10007cbc       0x4c /usr/lib/gcc/arm-none-eabi/13.1.0/../../../../arm-none-eabi/lib/thumb/v6-m/nofp/libstdc++.a(eh_throw.o)
                0x10007cbc                __cxa_init_primary_exception
 .text.__cxa_throw
                0x10007d08       0x34 /usr/lib/gcc/arm-none-eabi/13.1.0/../../../../arm-none-eabi/lib/thumb/v6-m/nofp/libstdc++.a(eh_throw.o)
                0x10007d08                __cxa_throw
 .text.__cxa_rethrow
                0x10007d3c       0x72 /usr/lib/gcc/arm-none-eabi/13.1.0/../../../../arm-none-eabi/lib/thumb/v6-m/nofp/libstdc++.a(eh_throw.o)
                0x10007d3c                __cxa_rethrow
 *fill*         0x10007dae        0x2 
 .text._ZN10__cxxabiv120__si_class_type_infoD2Ev
                0x10007db0       0x14 /usr/lib/gcc/arm-none-eabi/13.1.0/../../../../arm-none-eabi/lib/thumb/v6-m/nofp/libstdc++.a(si_class_type_info.o)
                0x10007db0                __cxxabiv1::__si_class_type_info::~__si_class_type_info()
                0x10007db0                __cxxabiv1::__si_class_type_info::~__si_class_type_info()
 .text._ZN10__cxxabiv120__si_class_type_infoD0Ev
                0x10007dc4       0x14 /usr/lib/gcc/arm-none-eabi/13.1.0/../../../../arm-none-eabi/lib/thumb/v6-m/nofp/libstdc++.a(si_class_type_info.o)
                0x10007dc4                __cxxabiv1::__si_class_type_info::~__si_class_type_info()
 .text._ZNK10__cxxabiv120__si_class_type_info20__do_find_public_srcEiPKvPKNS_17__class_type_infoES2_
                0x10007dd8       0x32 /usr/lib/gcc/arm-none-eabi/13.1.0/../../../../arm-none-eabi/lib/thumb/v6-m/nofp/libstdc++.a(si_class_type_info.o)
                0x10007dd8                __cxxabiv1::__si_class_type_info::__do_find_public_src(int, void const*, __cxxabiv1::__class_type_info const*, void const*) const
 .text._ZNK10__cxxabiv120__si_class_type_info12__do_dyncastEiNS_17__class_type_info10__sub_kindEPKS1_PKvS4_S6_RNS1_16__dyncast_resultE
                0x10007e0a       0x72 /usr/lib/gcc/arm-none-eabi/13.1.0/../../../../arm-none-eabi/lib/thumb/v6-m/nofp/libstdc++.a(si_class_type_info.o)
                0x10007e0a                __cxxabiv1::__si_class_type_info::__do_dyncast(int, __cxxabiv1::__class_type_info::__sub_kind, __cxxabiv1::__class_type_info const*, void const*, __cxxabiv1::__class_type_info const*, void const*, __cxxabiv1::__class_type_info::__dyncast_result&) const
 .text._ZNK10__cxxabiv120__si_class_type_info11__do_upcastEPKNS_17__class_type_infoEPKvRNS1_15__upcast_resultE
                0x10007e7c       0x22 /usr/lib/gcc/arm-none-eabi/13.1.0/../../../../arm-none-eabi/lib/thumb/v6-m/nofp/libstdc++.a(si_class_type_info.o)
                0x10007e7c                __cxxabiv1::__si_class_type_info::__do_upcast(__cxxabiv1::__class_type_info const*, void const*, __cxxabiv1::__class_type_info::__upcast_result&) const
 .text._ZNSt9type_infoD2Ev
                0x10007e9e        0x2 /usr/lib/gcc/arm-none-eabi/13.1.0/../../../../arm-none-eabi/lib/thumb/v6-m/nofp/libstdc++.a(tinfo.o)
                0x10007e9e                std::type_info::~type_info()
                0x10007e9e                std::type_info::~type_info()
 .text._ZNKSt9type_info14__is_pointer_pEv
                0x10007ea0        0x4 /usr/lib/gcc/arm-none-eabi/13.1.0/../../../../arm-none-eabi/lib/thumb/v6-m/nofp/libstdc++.a(tinfo.o)
                0x10007ea0                std::type_info::__is_function_p() const
                0x10007ea0                std::type_info::__is_pointer_p() const
 .text._ZNKSt9type_infoeqERKS_
                0x10007ea4       0x2c /usr/lib/gcc/arm-none-eabi/13.1.0/../../../../arm-none-eabi/lib/thumb/v6-m/nofp/libstdc++.a(tinfo.o)
                0x10007ea4                std::type_info::__equal(std::type_info const&) const
                0x10007ea4                std::type_info::operator==(std::type_info const&) const
 .text._ZN9__gnu_cxx27__verbose_terminate_handlerEv
                0x10007ed0       0xec /usr/lib/gcc/arm-none-eabi/13.1.0/../../../../arm-none-eabi/lib/thumb/v6-m/nofp/libstdc++.a(vterminate.o)
                0x10007ed0                __gnu_cxx::__verbose_terminate_handler()
 .text._ZNKSt11logic_error4whatEv
                0x10007fbc        0x4 /usr/lib/gcc/arm-none-eabi/13.1.0/../../../../arm-none-eabi/lib/thumb/v6-m/nofp/libstdc++.a(stdexcept.o)
                0x10007fbc                std::runtime_error::what() const
                0x10007fbc                std::logic_error::what() const
 .text._ZNSt11logic_errorD2Ev
                0x10007fc0       0x20 /usr/lib/gcc/arm-none-eabi/13.1.0/../../../../arm-none-eabi/lib/thumb/v6-m/nofp/libstdc++.a(stdexcept.o)
                0x10007fc0                std::logic_error::~logic_error()
                0x10007fc0                std::logic_error::~logic_error()
 .text._ZNSt11logic_errorD0Ev
                0x10007fe0       0x12 /usr/lib/gcc/arm-none-eabi/13.1.0/../../../../arm-none-eabi/lib/thumb/v6-m/nofp/libstdc++.a(stdexcept.o)
                0x10007fe0                std::logic_error::~logic_error()
 *fill*         0x10007ff2        0x2 
 .text._ZNSt12length_errorD2Ev
                0x10007ff4       0x14 /usr/lib/gcc/arm-none-eabi/13.1.0/../../../../arm-none-eabi/lib/thumb/v6-m/nofp/libstdc++.a(stdexcept.o)
                0x10007ff4                std::length_error::~length_error()
                0x10007ff4                std::length_error::~length_error()
 .text._ZNSt12length_errorD0Ev
                0x10008008       0x12 /usr/lib/gcc/arm-none-eabi/13.1.0/../../../../arm-none-eabi/lib/thumb/v6-m/nofp/libstdc++.a(stdexcept.o)
                0x10008008                std::length_error::~length_error()
 *fill*         0x1000801a        0x2 
 .text._ZNSt12out_of_rangeD2Ev
                0x1000801c       0x14 /usr/lib/gcc/arm-none-eabi/13.1.0/../../../../arm-none-eabi/lib/thumb/v6-m/nofp/libstdc++.a(stdexcept.o)
                0x1000801c                std::out_of_range::~out_of_range()
                0x1000801c                std::out_of_range::~out_of_range()
 .text._ZNSt12out_of_rangeD0Ev
                0x10008030       0x12 /usr/lib/gcc/arm-none-eabi/13.1.0/../../../../arm-none-eabi/lib/thumb/v6-m/nofp/libstdc++.a(stdexcept.o)
                0x10008030                std::out_of_range::~out_of_range()
 *fill*         0x10008042        0x2 
 .text._ZNSs12_S_constructIPKcEEPcT_S3_RKSaIcESt20forward_iterator_tag.isra.0
                0x10008044       0x48 /usr/lib/gcc/arm-none-eabi/13.1.0/../../../../arm-none-eabi/lib/thumb/v6-m/nofp/libstdc++.a(cow-stdexcept.o)
 .text._ZNSsC2EPKcRKSaIcE.isra.0
                0x1000808c       0x26 /usr/lib/gcc/arm-none-eabi/13.1.0/../../../../arm-none-eabi/lib/thumb/v6-m/nofp/libstdc++.a(cow-stdexcept.o)
 *fill*         0x100080b2        0x2 
 .text._ZNSt11logic_errorC2EPKc
                0x100080b4       0x24 /usr/lib/gcc/arm-none-eabi/13.1.0/../../../../arm-none-eabi/lib/thumb/v6-m/nofp/libstdc++.a(cow-stdexcept.o)
                0x100080b4                std::logic_error::logic_error(char const*)
                0x100080b4                std::logic_error::logic_error(char const*)
 .text._ZNSt12length_errorC2EPKc
                0x100080d8       0x14 /usr/lib/gcc/arm-none-eabi/13.1.0/../../../../arm-none-eabi/lib/thumb/v6-m/nofp/libstdc++.a(cow-stdexcept.o)
                0x100080d8                std::length_error::length_error(char const*)
                0x100080d8                std::length_error::length_error(char const*)
 .text._ZNSt12out_of_rangeC2EPKc
                0x100080ec       0x14 /usr/lib/gcc/arm-none-eabi/13.1.0/../../../../arm-none-eabi/lib/thumb/v6-m/nofp/libstdc++.a(cow-stdexcept.o)
                0x100080ec                std::out_of_range::out_of_range(char const*)
                0x100080ec                std::out_of_range::out_of_range(char const*)
 .text._ZNSs7_M_copyEPcPKcj
                0x10008100       0x16 /usr/lib/gcc/arm-none-eabi/13.1.0/../../../../arm-none-eabi/lib/thumb/v6-m/nofp/libstdc++.a(cow-string-inst.o)
                0x10008100                std::string::_M_copy(char*, char const*, unsigned int)
 .text._ZNSs13_S_copy_charsEPcPKcS1_
                0x10008116        0xa /usr/lib/gcc/arm-none-eabi/13.1.0/../../../../arm-none-eabi/lib/thumb/v6-m/nofp/libstdc++.a(cow-string-inst.o)
                0x10008116                std::string::_S_copy_chars(char*, char const*, char const*)
 .text._ZNSs4_Rep26_M_set_length_and_sharableEj
                0x10008120       0x18 /usr/lib/gcc/arm-none-eabi/13.1.0/../../../../arm-none-eabi/lib/thumb/v6-m/nofp/libstdc++.a(cow-string-inst.o)
                0x10008120                std::string::_Rep::_M_set_length_and_sharable(unsigned int)
 .text._ZNSs4_Rep9_S_createEjjRKSaIcE
                0x10008138       0x60 /usr/lib/gcc/arm-none-eabi/13.1.0/../../../../arm-none-eabi/lib/thumb/v6-m/nofp/libstdc++.a(cow-string-inst.o)
                0x10008138                std::string::_Rep::_S_create(unsigned int, unsigned int, std::allocator<char> const&)
 .text._ZNSs4_Rep10_M_destroyERKSaIcE
                0x10008198        0x8 /usr/lib/gcc/arm-none-eabi/13.1.0/../../../../arm-none-eabi/lib/thumb/v6-m/nofp/libstdc++.a(cow-string-inst.o)
                0x10008198                std::string::_Rep::_M_destroy(std::allocator<char> const&)
 .text._ZNSs4_Rep10_M_disposeERKSaIcE
                0x100081a0       0x1c /usr/lib/gcc/arm-none-eabi/13.1.0/../../../../arm-none-eabi/lib/thumb/v6-m/nofp/libstdc++.a(cow-string-inst.o)
                0x100081a0                std::string::_Rep::_M_dispose(std::allocator<char> const&)
 .text._ZNK10__cxxabiv117__class_type_info11__do_upcastEPKS0_PPv
                0x100081bc       0x32 /usr/lib/gcc/arm-none-eabi/13.1.0/../../../../arm-none-eabi/lib/thumb/v6-m/nofp/libstdc++.a(class_type_info.o)
                0x100081bc                __cxxabiv1::__class_type_info::__do_upcast(__cxxabiv1::__class_type_info const*, void**) const
 .text._ZNK10__cxxabiv117__class_type_info20__do_find_public_srcEiPKvPKS0_S2_
                0x100081ee        0xc /usr/lib/gcc/arm-none-eabi/13.1.0/../../../../arm-none-eabi/lib/thumb/v6-m/nofp/libstdc++.a(class_type_info.o)
                0x100081ee                __cxxabiv1::__class_type_info::__do_find_public_src(int, void const*, __cxxabiv1::__class_type_info const*, void const*) const
 *fill*         0x100081fa        0x2 
 .text._ZN10__cxxabiv117__class_type_infoD2Ev
                0x100081fc       0x14 /usr/lib/gcc/arm-none-eabi/13.1.0/../../../../arm-none-eabi/lib/thumb/v6-m/nofp/libstdc++.a(class_type_info.o)
                0x100081fc                __cxxabiv1::__class_type_info::~__class_type_info()
                0x100081fc                __cxxabiv1::__class_type_info::~__class_type_info()
 .text._ZN10__cxxabiv117__class_type_infoD0Ev
                0x10008210       0x14 /usr/lib/gcc/arm-none-eabi/13.1.0/../../../../arm-none-eabi/lib/thumb/v6-m/nofp/libstdc++.a(class_type_info.o)
                0x10008210                __cxxabiv1::__class_type_info::~__class_type_info()
 .text._ZNK10__cxxabiv117__class_type_info12__do_dyncastEiNS0_10__sub_kindEPKS0_PKvS3_S5_RNS0_16__dyncast_resultE
                0x10008224       0x3a /usr/lib/gcc/arm-none-eabi/13.1.0/../../../../arm-none-eabi/lib/thumb/v6-m/nofp/libstdc++.a(class_type_info.o)
                0x10008224                __cxxabiv1::__class_type_info::__do_dyncast(int, __cxxabiv1::__class_type_info::__sub_kind, __cxxabiv1::__class_type_info const*, void const*, __cxxabiv1::__class_type_info const*, void const*, __cxxabiv1::__class_type_info::__dyncast_result&) const
 .text._ZNK10__cxxabiv117__class_type_info11__do_upcastEPKS0_PKvRNS0_15__upcast_resultE
                0x1000825e       0x1a /usr/lib/gcc/arm-none-eabi/13.1.0/../../../../arm-none-eabi/lib/thumb/v6-m/nofp/libstdc++.a(class_type_info.o)
                0x1000825e                __cxxabiv1::__class_type_info::__do_upcast(__cxxabiv1::__class_type_info const*, void const*, __cxxabiv1::__class_type_info::__upcast_result&) const
 .text._ZNK10__cxxabiv117__class_type_info10__do_catchEPKSt9type_infoPPvj
                0x10008278       0x24 /usr/lib/gcc/arm-none-eabi/13.1.0/../../../../arm-none-eabi/lib/thumb/v6-m/nofp/libstdc++.a(class_type_info.o)
                0x10008278                __cxxabiv1::__class_type_info::__do_catch(std::type_info const*, void**, unsigned int) const
 .text.is_fnqual_component_type
                0x1000829c       0x22 /usr/lib/gcc/arm-none-eabi/13.1.0/../../../../arm-none-eabi/lib/thumb/v6-m/nofp/libstdc++.a(cp-demangle.o)
 .text.d_make_empty
                0x100082be       0x20 /usr/lib/gcc/arm-none-eabi/13.1.0/../../../../arm-none-eabi/lib/thumb/v6-m/nofp/libstdc++.a(cp-demangle.o)
 *fill*         0x100082de        0x2 
 .text.d_make_comp
                0x100082e0       0xcc /usr/lib/gcc/arm-none-eabi/13.1.0/../../../../arm-none-eabi/lib/thumb/v6-m/nofp/libstdc++.a(cp-demangle.o)
 .text.d_make_name
                0x100083ac       0x2c /usr/lib/gcc/arm-none-eabi/13.1.0/../../../../arm-none-eabi/lib/thumb/v6-m/nofp/libstdc++.a(cp-demangle.o)
 .text.d_make_builtin_type
                0x100083d8       0x14 /usr/lib/gcc/arm-none-eabi/13.1.0/../../../../arm-none-eabi/lib/thumb/v6-m/nofp/libstdc++.a(cp-demangle.o)
 .text.d_number
                0x100083ec       0x50 /usr/lib/gcc/arm-none-eabi/13.1.0/../../../../arm-none-eabi/lib/thumb/v6-m/nofp/libstdc++.a(cp-demangle.o)
 .text.d_number_component
                0x1000843c       0x1c /usr/lib/gcc/arm-none-eabi/13.1.0/../../../../arm-none-eabi/lib/thumb/v6-m/nofp/libstdc++.a(cp-demangle.o)
 .text.d_call_offset
                0x10008458       0x4c /usr/lib/gcc/arm-none-eabi/13.1.0/../../../../arm-none-eabi/lib/thumb/v6-m/nofp/libstdc++.a(cp-demangle.o)
 .text.d_ref_qualifier
                0x100084a4       0x32 /usr/lib/gcc/arm-none-eabi/13.1.0/../../../../arm-none-eabi/lib/thumb/v6-m/nofp/libstdc++.a(cp-demangle.o)
 .text.d_compact_number
                0x100084d6       0x30 /usr/lib/gcc/arm-none-eabi/13.1.0/../../../../arm-none-eabi/lib/thumb/v6-m/nofp/libstdc++.a(cp-demangle.o)
 .text.d_template_param
                0x10008506       0x2e /usr/lib/gcc/arm-none-eabi/13.1.0/../../../../arm-none-eabi/lib/thumb/v6-m/nofp/libstdc++.a(cp-demangle.o)
 .text.d_discriminator
                0x10008534       0x44 /usr/lib/gcc/arm-none-eabi/13.1.0/../../../../arm-none-eabi/lib/thumb/v6-m/nofp/libstdc++.a(cp-demangle.o)
 .text.d_add_substitution
                0x10008578       0x20 /usr/lib/gcc/arm-none-eabi/13.1.0/../../../../arm-none-eabi/lib/thumb/v6-m/nofp/libstdc++.a(cp-demangle.o)
 .text.d_count_templates_scopes
                0x10008598       0xcc /usr/lib/gcc/arm-none-eabi/13.1.0/../../../../arm-none-eabi/lib/thumb/v6-m/nofp/libstdc++.a(cp-demangle.o)
 .text.d_print_flush
                0x10008664       0x1c /usr/lib/gcc/arm-none-eabi/13.1.0/../../../../arm-none-eabi/lib/thumb/v6-m/nofp/libstdc++.a(cp-demangle.o)
 .text.d_append_char
                0x10008680       0x22 /usr/lib/gcc/arm-none-eabi/13.1.0/../../../../arm-none-eabi/lib/thumb/v6-m/nofp/libstdc++.a(cp-demangle.o)
 .text.d_append_buffer
                0x100086a2       0x1a /usr/lib/gcc/arm-none-eabi/13.1.0/../../../../arm-none-eabi/lib/thumb/v6-m/nofp/libstdc++.a(cp-demangle.o)
 .text.d_pack_length
                0x100086bc       0x1c /usr/lib/gcc/arm-none-eabi/13.1.0/../../../../arm-none-eabi/lib/thumb/v6-m/nofp/libstdc++.a(cp-demangle.o)
 .text.d_append_string
                0x100086d8       0x18 /usr/lib/gcc/arm-none-eabi/13.1.0/../../../../arm-none-eabi/lib/thumb/v6-m/nofp/libstdc++.a(cp-demangle.o)
 .text.d_append_num
                0x100086f0       0x24 /usr/lib/gcc/arm-none-eabi/13.1.0/../../../../arm-none-eabi/lib/thumb/v6-m/nofp/libstdc++.a(cp-demangle.o)
 .text.d_print_lambda_parm_name
                0x10008714       0x38 /usr/lib/gcc/arm-none-eabi/13.1.0/../../../../arm-none-eabi/lib/thumb/v6-m/nofp/libstdc++.a(cp-demangle.o)
 .text.d_source_name
                0x1000874c       0x78 /usr/lib/gcc/arm-none-eabi/13.1.0/../../../../arm-none-eabi/lib/thumb/v6-m/nofp/libstdc++.a(cp-demangle.o)
 .text.d_abi_tags
                0x100087c4       0x30 /usr/lib/gcc/arm-none-eabi/13.1.0/../../../../arm-none-eabi/lib/thumb/v6-m/nofp/libstdc++.a(cp-demangle.o)
 .text.d_maybe_module_name
                0x100087f4       0x52 /usr/lib/gcc/arm-none-eabi/13.1.0/../../../../arm-none-eabi/lib/thumb/v6-m/nofp/libstdc++.a(cp-demangle.o)
 .text.d_index_template_argument
                0x10008846       0x22 /usr/lib/gcc/arm-none-eabi/13.1.0/../../../../arm-none-eabi/lib/thumb/v6-m/nofp/libstdc++.a(cp-demangle.o)
 .text.d_lookup_template_argument
                0x10008868       0x1e /usr/lib/gcc/arm-none-eabi/13.1.0/../../../../arm-none-eabi/lib/thumb/v6-m/nofp/libstdc++.a(cp-demangle.o)
 *fill*         0x10008886        0x2 
 .text.d_find_pack
                0x10008888       0x74 /usr/lib/gcc/arm-none-eabi/13.1.0/../../../../arm-none-eabi/lib/thumb/v6-m/nofp/libstdc++.a(cp-demangle.o)
 .text.d_growable_string_callback_adapter
                0x100088fc       0x6e /usr/lib/gcc/arm-none-eabi/13.1.0/../../../../arm-none-eabi/lib/thumb/v6-m/nofp/libstdc++.a(cp-demangle.o)
 .text.is_designated_init
                0x1000896a       0x2e /usr/lib/gcc/arm-none-eabi/13.1.0/../../../../arm-none-eabi/lib/thumb/v6-m/nofp/libstdc++.a(cp-demangle.o)
 .text.op_is_new_cast.isra.0
                0x10008998       0x24 /usr/lib/gcc/arm-none-eabi/13.1.0/../../../../arm-none-eabi/lib/thumb/v6-m/nofp/libstdc++.a(cp-demangle.o)
 .text.d_print_comp
                0x100089bc     0x1288 /usr/lib/gcc/arm-none-eabi/13.1.0/../../../../arm-none-eabi/lib/thumb/v6-m/nofp/libstdc++.a(cp-demangle.o)
 .text.d_print_mod
                0x10009c44      0x138 /usr/lib/gcc/arm-none-eabi/13.1.0/../../../../arm-none-eabi/lib/thumb/v6-m/nofp/libstdc++.a(cp-demangle.o)
 .text.d_print_function_type
                0x10009d7c       0xc4 /usr/lib/gcc/arm-none-eabi/13.1.0/../../../../arm-none-eabi/lib/thumb/v6-m/nofp/libstdc++.a(cp-demangle.o)
 .text.d_print_mod_list
                0x10009e40       0xf0 /usr/lib/gcc/arm-none-eabi/13.1.0/../../../../arm-none-eabi/lib/thumb/v6-m/nofp/libstdc++.a(cp-demangle.o)
 .text.d_print_array_type
                0x10009f30       0x80 /usr/lib/gcc/arm-none-eabi/13.1.0/../../../../arm-none-eabi/lib/thumb/v6-m/nofp/libstdc++.a(cp-demangle.o)
 .text.d_print_expr_op
                0x10009fb0       0x1c /usr/lib/gcc/arm-none-eabi/13.1.0/../../../../arm-none-eabi/lib/thumb/v6-m/nofp/libstdc++.a(cp-demangle.o)
 .text.d_print_subexpr
                0x10009fcc       0x36 /usr/lib/gcc/arm-none-eabi/13.1.0/../../../../arm-none-eabi/lib/thumb/v6-m/nofp/libstdc++.a(cp-demangle.o)
 *fill*         0x1000a002        0x2 
 .text.d_maybe_print_fold_expression
                0x1000a004       0xdc /usr/lib/gcc/arm-none-eabi/13.1.0/../../../../arm-none-eabi/lib/thumb/v6-m/nofp/libstdc++.a(cp-demangle.o)
 .text.d_maybe_print_designated_init
                0x1000a0e0       0x90 /usr/lib/gcc/arm-none-eabi/13.1.0/../../../../arm-none-eabi/lib/thumb/v6-m/nofp/libstdc++.a(cp-demangle.o)
 .text.next_is_type_qual.isra.0
                0x1000a170       0x30 /usr/lib/gcc/arm-none-eabi/13.1.0/../../../../arm-none-eabi/lib/thumb/v6-m/nofp/libstdc++.a(cp-demangle.o)
 .text.d_substitution
                0x1000a1a0      0x130 /usr/lib/gcc/arm-none-eabi/13.1.0/../../../../arm-none-eabi/lib/thumb/v6-m/nofp/libstdc++.a(cp-demangle.o)
 .text.d_expr_primary
                0x1000a2d0       0xc0 /usr/lib/gcc/arm-none-eabi/13.1.0/../../../../arm-none-eabi/lib/thumb/v6-m/nofp/libstdc++.a(cp-demangle.o)
 .text.d_template_arg
                0x1000a390       0x46 /usr/lib/gcc/arm-none-eabi/13.1.0/../../../../arm-none-eabi/lib/thumb/v6-m/nofp/libstdc++.a(cp-demangle.o)
 .text.d_template_args_1
                0x1000a3d6       0x58 /usr/lib/gcc/arm-none-eabi/13.1.0/../../../../arm-none-eabi/lib/thumb/v6-m/nofp/libstdc++.a(cp-demangle.o)
 .text.d_template_args
                0x1000a42e       0x1c /usr/lib/gcc/arm-none-eabi/13.1.0/../../../../arm-none-eabi/lib/thumb/v6-m/nofp/libstdc++.a(cp-demangle.o)
 .text.d_encoding
                0x1000a44a      0x402 /usr/lib/gcc/arm-none-eabi/13.1.0/../../../../arm-none-eabi/lib/thumb/v6-m/nofp/libstdc++.a(cp-demangle.o)
 .text.d_name   0x1000a84c      0x1cc /usr/lib/gcc/arm-none-eabi/13.1.0/../../../../arm-none-eabi/lib/thumb/v6-m/nofp/libstdc++.a(cp-demangle.o)
 .text.d_type   0x1000aa18      0x47c /usr/lib/gcc/arm-none-eabi/13.1.0/../../../../arm-none-eabi/lib/thumb/v6-m/nofp/libstdc++.a(cp-demangle.o)
 .text.d_parmlist
                0x1000ae94       0x74 /usr/lib/gcc/arm-none-eabi/13.1.0/../../../../arm-none-eabi/lib/thumb/v6-m/nofp/libstdc++.a(cp-demangle.o)
 .text.d_bare_function_type
                0x1000af08       0x3a /usr/lib/gcc/arm-none-eabi/13.1.0/../../../../arm-none-eabi/lib/thumb/v6-m/nofp/libstdc++.a(cp-demangle.o)
 .text.d_function_type
                0x1000af42       0x64 /usr/lib/gcc/arm-none-eabi/13.1.0/../../../../arm-none-eabi/lib/thumb/v6-m/nofp/libstdc++.a(cp-demangle.o)
 .text.d_template_parm
                0x1000afa6       0x80 /usr/lib/gcc/arm-none-eabi/13.1.0/../../../../arm-none-eabi/lib/thumb/v6-m/nofp/libstdc++.a(cp-demangle.o)
 .text.d_template_head
                0x1000b026       0x34 /usr/lib/gcc/arm-none-eabi/13.1.0/../../../../arm-none-eabi/lib/thumb/v6-m/nofp/libstdc++.a(cp-demangle.o)
 *fill*         0x1000b05a        0x2 
 .text.d_operator_name
                0x1000b05c       0xe0 /usr/lib/gcc/arm-none-eabi/13.1.0/../../../../arm-none-eabi/lib/thumb/v6-m/nofp/libstdc++.a(cp-demangle.o)
 .text.d_unqualified_name
                0x1000b13c      0x2a4 /usr/lib/gcc/arm-none-eabi/13.1.0/../../../../arm-none-eabi/lib/thumb/v6-m/nofp/libstdc++.a(cp-demangle.o)
 .text.d_prefix
                0x1000b3e0       0xba /usr/lib/gcc/arm-none-eabi/13.1.0/../../../../arm-none-eabi/lib/thumb/v6-m/nofp/libstdc++.a(cp-demangle.o)
 *fill*         0x1000b49a        0x2 
 .text.d_expression_1
                0x1000b49c      0x3f4 /usr/lib/gcc/arm-none-eabi/13.1.0/../../../../arm-none-eabi/lib/thumb/v6-m/nofp/libstdc++.a(cp-demangle.o)
 .text.d_expression
                0x1000b890       0x12 /usr/lib/gcc/arm-none-eabi/13.1.0/../../../../arm-none-eabi/lib/thumb/v6-m/nofp/libstdc++.a(cp-demangle.o)
 .text.d_exprlist
                0x1000b8a2       0x54 /usr/lib/gcc/arm-none-eabi/13.1.0/../../../../arm-none-eabi/lib/thumb/v6-m/nofp/libstdc++.a(cp-demangle.o)
 .text.d_cv_qualifiers
                0x1000b8f6      0x144 /usr/lib/gcc/arm-none-eabi/13.1.0/../../../../arm-none-eabi/lib/thumb/v6-m/nofp/libstdc++.a(cp-demangle.o)
 *fill*         0x1000ba3a        0x2 
 .text.d_demangle_callback.constprop.0
                0x1000ba3c      0x294 /usr/lib/gcc/arm-none-eabi/13.1.0/../../../../arm-none-eabi/lib/thumb/v6-m/nofp/libstdc++.a(cp-demangle.o)
 .text.__cxa_demangle
                0x1000bcd0       0xb0 /usr/lib/gcc/arm-none-eabi/13.1.0/../../../../arm-none-eabi/lib/thumb/v6-m/nofp/libstdc++.a(cp-demangle.o)
                0x1000bcd0                __cxa_demangle
 .text._ZN10__cxxabiv1L24__is_gxx_exception_classEPc
                0x1000bd80       0x3a /usr/lib/gcc/arm-none-eabi/13.1.0/../../../../arm-none-eabi/lib/thumb/v6-m/nofp/libstdc++.a(eh_call.o)
 .text.__cxa_call_terminate
                0x1000bdba       0x20 /usr/lib/gcc/arm-none-eabi/13.1.0/../../../../arm-none-eabi/lib/thumb/v6-m/nofp/libstdc++.a(eh_call.o)
                0x1000bdba                __cxa_call_terminate
 *fill*         0x1000bdda        0x2 
 .text.unlikely.__cxa_call_unexpected
                0x1000bddc       0xec /usr/lib/gcc/arm-none-eabi/13.1.0/../../../../arm-none-eabi/lib/thumb/v6-m/nofp/libstdc++.a(eh_call.o)
                0x1000bddc                __cxa_call_unexpected
 .text.__cxa_current_exception_type
                0x1000bec8       0x1e /usr/lib/gcc/arm-none-eabi/13.1.0/../../../../arm-none-eabi/lib/thumb/v6-m/nofp/libstdc++.a(eh_type.o)
                0x1000bec8                __cxa_current_exception_type
 *fill*         0x1000bee6        0x2 
 .text.abort    0x1000bee8       0x10 /usr/lib/gcc/arm-none-eabi/13.1.0/../../../../arm-none-eabi/lib/thumb/v6-m/nofp/libc.a(libc_a-abort.o)
                0x1000bee8                abort
 .text.atexit   0x1000bef8       0x10 /usr/lib/gcc/arm-none-eabi/13.1.0/../../../../arm-none-eabi/lib/thumb/v6-m/nofp/libc.a(libc_a-atexit.o)
                0x1000bef8                atexit
 .text.getenv   0x1000bf08       0x18 /usr/lib/gcc/arm-none-eabi/13.1.0/../../../../arm-none-eabi/lib/thumb/v6-m/nofp/libc.a(libc_a-getenv.o)
                0x1000bf08                getenv
 .text._findenv_r
                0x1000bf20       0x8c /usr/lib/gcc/arm-none-eabi/13.1.0/../../../../arm-none-eabi/lib/thumb/v6-m/nofp/libc.a(libc_a-getenv_r.o)
                0x1000bf20                _findenv_r
 .text.malloc   0x1000bfac       0x14 /usr/lib/gcc/arm-none-eabi/13.1.0/../../../../arm-none-eabi/lib/thumb/v6-m/nofp/libc.a(libc_a-malloc.o)
                0x1000bfac                malloc
 .text.free     0x1000bfc0       0x14 /usr/lib/gcc/arm-none-eabi/13.1.0/../../../../arm-none-eabi/lib/thumb/v6-m/nofp/libc.a(libc_a-malloc.o)
                0x1000bfc0                free
 .text._malloc_r
                0x1000bfd4      0x5a4 /usr/lib/gcc/arm-none-eabi/13.1.0/../../../../arm-none-eabi/lib/thumb/v6-m/nofp/libc.a(libc_a-mallocr.o)
                0x1000bfd4                _malloc_r
 .text.__malloc_lock
                0x1000c578       0x10 /usr/lib/gcc/arm-none-eabi/13.1.0/../../../../arm-none-eabi/lib/thumb/v6-m/nofp/libc.a(libc_a-mlock.o)
                0x1000c578                __malloc_lock
 .text.__malloc_unlock
                0x1000c588       0x10 /usr/lib/gcc/arm-none-eabi/13.1.0/../../../../arm-none-eabi/lib/thumb/v6-m/nofp/libc.a(libc_a-mlock.o)
                0x1000c588                __malloc_unlock
 .text.rand     0x1000c598       0x34 /usr/lib/gcc/arm-none-eabi/13.1.0/../../../../arm-none-eabi/lib/thumb/v6-m/nofp/libc.a(libc_a-rand.o)
                0x1000c598                rand
 .text.realloc  0x1000c5cc       0x18 /usr/lib/gcc/arm-none-eabi/13.1.0/../../../../arm-none-eabi/lib/thumb/v6-m/nofp/libc.a(libc_a-realloc.o)
                0x1000c5cc                realloc
 .text._realloc_r
                0x1000c5e4      0x350 /usr/lib/gcc/arm-none-eabi/13.1.0/../../../../arm-none-eabi/lib/thumb/v6-m/nofp/libc.a(libc_a-reallocr.o)
                0x1000c5e4                _realloc_r
 .text._strtoul_l.constprop.0
                0x1000c934      0x144 /usr/lib/gcc/arm-none-eabi/13.1.0/../../../../arm-none-eabi/lib/thumb/v6-m/nofp/libc.a(libc_a-strtoul.o)
 .text.strtoul  0x1000ca78       0x18 /usr/lib/gcc/arm-none-eabi/13.1.0/../../../../arm-none-eabi/lib/thumb/v6-m/nofp/libc.a(libc_a-strtoul.o)
                0x1000ca78                strtoul
 .text.fputc    0x1000ca90       0x58 /usr/lib/gcc/arm-none-eabi/13.1.0/../../../../arm-none-eabi/lib/thumb/v6-m/nofp/libc.a(libc_a-fputc.o)
                0x1000ca90                fputc
 .text._fputs_r
                0x1000cae8       0x88 /usr/lib/gcc/arm-none-eabi/13.1.0/../../../../arm-none-eabi/lib/thumb/v6-m/nofp/libc.a(libc_a-fputs.o)
                0x1000cae8                _fputs_r
 .text.fputs    0x1000cb70       0x18 /usr/lib/gcc/arm-none-eabi/13.1.0/../../../../arm-none-eabi/lib/thumb/v6-m/nofp/libc.a(libc_a-fputs.o)
                0x1000cb70                fputs
 .text.__sfvwrite_r
                0x1000cb88      0x310 /usr/lib/gcc/arm-none-eabi/13.1.0/../../../../arm-none-eabi/lib/thumb/v6-m/nofp/libc.a(libc_a-fvwrite.o)
                0x1000cb88                __sfvwrite_r
 .text._putc_r  0x1000ce98       0x74 /usr/lib/gcc/arm-none-eabi/13.1.0/../../../../arm-none-eabi/lib/thumb/v6-m/nofp/libc.a(libc_a-putc.o)
                0x1000ce98                _putc_r
 .text.__swbuf_r
                0x1000cf0c       0xc4 /usr/lib/gcc/arm-none-eabi/13.1.0/../../../../arm-none-eabi/lib/thumb/v6-m/nofp/libc.a(libc_a-wbuf.o)
                0x1000cf0c                __swbuf_r
 .text.__swsetup_r
                0x1000cfd0       0xc8 /usr/lib/gcc/arm-none-eabi/13.1.0/../../../../arm-none-eabi/lib/thumb/v6-m/nofp/libc.a(libc_a-wsetup.o)
                0x1000cfd0                __swsetup_r
 .text.memcmp   0x1000d098       0x44 /usr/lib/gcc/arm-none-eabi/13.1.0/../../../../arm-none-eabi/lib/thumb/v6-m/nofp/libc.a(libc_a-memcmp.o)
                0x1000d098                memcmp
 .text.memmove  0x1000d0dc       0xb0 /usr/lib/gcc/arm-none-eabi/13.1.0/../../../../arm-none-eabi/lib/thumb/v6-m/nofp/libc.a(libc_a-memmove.o)
                0x1000d0dc                memmove
 .text.strchr   0x1000d18c       0xc4 /usr/lib/gcc/arm-none-eabi/13.1.0/../../../../arm-none-eabi/lib/thumb/v6-m/nofp/libc.a(libc_a-strchr.o)
                0x1000d18c                strchr
 .text.strncmp  0x1000d250       0x68 /usr/lib/gcc/arm-none-eabi/13.1.0/../../../../arm-none-eabi/lib/thumb/v6-m/nofp/libc.a(libc_a-strncmp.o)
                0x1000d250                strncmp
 .text.raise    0x1000d2b8       0x5c /usr/lib/gcc/arm-none-eabi/13.1.0/../../../../arm-none-eabi/lib/thumb/v6-m/nofp/libc.a(libc_a-signal.o)
                0x1000d2b8                raise
 .text._kill_r  0x1000d314       0x28 /usr/lib/gcc/arm-none-eabi/13.1.0/../../../../arm-none-eabi/lib/thumb/v6-m/nofp/libc.a(libc_a-signalr.o)
                0x1000d314                _kill_r
 .text._getpid_r
                0x1000d33c        0x8 /usr/lib/gcc/arm-none-eabi/13.1.0/../../../../arm-none-eabi/lib/thumb/v6-m/nofp/libc.a(libc_a-signalr.o)
                0x1000d33c                _getpid_r
 .text._sbrk_r  0x1000d344       0x24 /usr/lib/gcc/arm-none-eabi/13.1.0/../../../../arm-none-eabi/lib/thumb/v6-m/nofp/libc.a(libc_a-sbrkr.o)
                0x1000d344                _sbrk_r
 .text.__errno  0x1000d368        0xc /usr/lib/gcc/arm-none-eabi/13.1.0/../../../../arm-none-eabi/lib/thumb/v6-m/nofp/libc.a(libc_a-errno.o)
                0x1000d368                __errno
 .text.__libc_fini_array
                0x1000d374       0x28 /usr/lib/gcc/arm-none-eabi/13.1.0/../../../../arm-none-eabi/lib/thumb/v6-m/nofp/libc.a(libc_a-fini.o)
                0x1000d374                __libc_fini_array
 .text.__retarget_lock_init_recursive
                0x1000d39c        0x4 /usr/lib/gcc/arm-none-eabi/13.1.0/../../../../arm-none-eabi/lib/thumb/v6-m/nofp/libc.a(libc_a-lock.o)
                0x1000d39c                __retarget_lock_init_recursive
 .text.__retarget_lock_close_recursive
                0x1000d3a0        0x4 /usr/lib/gcc/arm-none-eabi/13.1.0/../../../../arm-none-eabi/lib/thumb/v6-m/nofp/libc.a(libc_a-lock.o)
                0x1000d3a0                __retarget_lock_close_recursive
 .text.__retarget_lock_acquire_recursive
                0x1000d3a4        0x4 /usr/lib/gcc/arm-none-eabi/13.1.0/../../../../arm-none-eabi/lib/thumb/v6-m/nofp/libc.a(libc_a-lock.o)
                0x1000d3a4                __retarget_lock_acquire_recursive
 .text.__retarget_lock_release_recursive
                0x1000d3a8        0x4 /usr/lib/gcc/arm-none-eabi/13.1.0/../../../../arm-none-eabi/lib/thumb/v6-m/nofp/libc.a(libc_a-lock.o)
                0x1000d3a8                __retarget_lock_release_recursive
 .text.sysconf  0x1000d3ac       0x1c /usr/lib/gcc/arm-none-eabi/13.1.0/../../../../arm-none-eabi/lib/thumb/v6-m/nofp/libc.a(libc_a-sysconf.o)
                0x1000d3ac                sysconf
 .text          0x1000d3c8       0x88 /usr/lib/gcc/arm-none-eabi/13.1.0/../../../../arm-none-eabi/lib/thumb/v6-m/nofp/libc.a(libc_a-strcmp.o)
                0x1000d3c8                strcmp
 .text.strcpy   0x1000d450       0x10 /usr/lib/gcc/arm-none-eabi/13.1.0/../../../../arm-none-eabi/lib/thumb/v6-m/nofp/libc.a(libc_a-strcpy.o)
                0x1000d450                strcpy
 .text.memchr   0x1000d460       0x74 /usr/lib/gcc/arm-none-eabi/13.1.0/../../../../arm-none-eabi/lib/thumb/v6-m/nofp/libc.a(libc_a-memchr-stub.o)
                0x1000d460                memchr
 .text.strlen   0x1000d4d4       0x5c /usr/lib/gcc/arm-none-eabi/13.1.0/../../../../arm-none-eabi/lib/thumb/v6-m/nofp/libc.a(libc_a-strlen-stub.o)
                0x1000d4d4                strlen
 .text.__register_exitproc
                0x1000d530       0xa8 /usr/lib/gcc/arm-none-eabi/13.1.0/../../../../arm-none-eabi/lib/thumb/v6-m/nofp/libc.a(libc_a-__atexit.o)
                0x1000d530                __register_exitproc
 .text.startup.register_fini
                0x1000d5d8       0x18 /usr/lib/gcc/arm-none-eabi/13.1.0/../../../../arm-none-eabi/lib/thumb/v6-m/nofp/libc.a(libc_a-__call_atexit.o)
 .text.__env_lock
                0x1000d5f0       0x10 /usr/lib/gcc/arm-none-eabi/13.1.0/../../../../arm-none-eabi/lib/thumb/v6-m/nofp/libc.a(libc_a-envlock.o)
                0x1000d5f0                __env_lock
 .text.__env_unlock
                0x1000d600       0x10 /usr/lib/gcc/arm-none-eabi/13.1.0/../../../../arm-none-eabi/lib/thumb/v6-m/nofp/libc.a(libc_a-envlock.o)
                0x1000d600                __env_unlock
 .text._malloc_trim_r
                0x1000d610       0xb4 /usr/lib/gcc/arm-none-eabi/13.1.0/../../../../arm-none-eabi/lib/thumb/v6-m/nofp/libc.a(libc_a-freer.o)
                0x1000d610                _malloc_trim_r
 .text._free_r  0x1000d6c4      0x1d4 /usr/lib/gcc/arm-none-eabi/13.1.0/../../../../arm-none-eabi/lib/thumb/v6-m/nofp/libc.a(libc_a-freer.o)
                0x1000d6c4                _free_r
 .text.__sflush_r
                0x1000d898      0x148 /usr/lib/gcc/arm-none-eabi/13.1.0/../../../../arm-none-eabi/lib/thumb/v6-m/nofp/libc.a(libc_a-fflush.o)
                0x1000d898                __sflush_r
 .text._fflush_r
                0x1000d9e0       0x68 /usr/lib/gcc/arm-none-eabi/13.1.0/../../../../arm-none-eabi/lib/thumb/v6-m/nofp/libc.a(libc_a-fflush.o)
                0x1000d9e0                _fflush_r
 .text.stdio_exit_handler
                0x1000da48       0x1c /usr/lib/gcc/arm-none-eabi/13.1.0/../../../../arm-none-eabi/lib/thumb/v6-m/nofp/libc.a(libc_a-findfp.o)
 .text.cleanup_stdio
                0x1000da64       0x3c /usr/lib/gcc/arm-none-eabi/13.1.0/../../../../arm-none-eabi/lib/thumb/v6-m/nofp/libc.a(libc_a-findfp.o)
 .text.global_stdio_init.part.0
                0x1000daa0      0x118 /usr/lib/gcc/arm-none-eabi/13.1.0/../../../../arm-none-eabi/lib/thumb/v6-m/nofp/libc.a(libc_a-findfp.o)
 .text.__sinit  0x1000dbb8       0x38 /usr/lib/gcc/arm-none-eabi/13.1.0/../../../../arm-none-eabi/lib/thumb/v6-m/nofp/libc.a(libc_a-findfp.o)
                0x1000dbb8                __sinit
 .text.__sfp_lock_acquire
                0x1000dbf0       0x10 /usr/lib/gcc/arm-none-eabi/13.1.0/../../../../arm-none-eabi/lib/thumb/v6-m/nofp/libc.a(libc_a-findfp.o)
                0x1000dbf0                __sfp_lock_acquire
 .text.__sfp_lock_release
                0x1000dc00       0x10 /usr/lib/gcc/arm-none-eabi/13.1.0/../../../../arm-none-eabi/lib/thumb/v6-m/nofp/libc.a(libc_a-findfp.o)
                0x1000dc00                __sfp_lock_release
 .text._fwalk_sglue
                0x1000dc10       0x44 /usr/lib/gcc/arm-none-eabi/13.1.0/../../../../arm-none-eabi/lib/thumb/v6-m/nofp/libc.a(libc_a-fwalk.o)
                0x1000dc10                _fwalk_sglue
 .text.__smakebuf_r
                0x1000dc54       0xe0 /usr/lib/gcc/arm-none-eabi/13.1.0/../../../../arm-none-eabi/lib/thumb/v6-m/nofp/libc.a(libc_a-makebuf.o)
                0x1000dc54                __smakebuf_r
 .text.__sread  0x1000dd34       0x28 /usr/lib/gcc/arm-none-eabi/13.1.0/../../../../arm-none-eabi/lib/thumb/v6-m/nofp/libc.a(libc_a-stdio.o)
                0x1000dd34                __sread
 .text.__swrite
                0x1000dd5c       0x40 /usr/lib/gcc/arm-none-eabi/13.1.0/../../../../arm-none-eabi/lib/thumb/v6-m/nofp/libc.a(libc_a-stdio.o)
                0x1000dd5c                __swrite